<!doctype html public "-//w3c//dtd html 4.0 transitional//en">
<html><head>
<title>Static Call Graph - [.\BUILD\Nucleo_rtos_basic_v2.axf]</title></head>
<body><HR>
<H1>Static Call Graph for image .\BUILD\Nucleo_rtos_basic_v2.axf</H1><HR>
<BR><P>#&#060CALLGRAPH&#062# ARM Linker, 6130100: Last Updated: Thu Jan  2 17:39:33 2020
<BR><P>
<H3>Maximum Stack Usage =        768 bytes + Unknown(Functions without stacksize, Cycles, Untraceable Function Pointers)</H3><H3>
Call chain for Maximum Stack Depth:</H3>
pre_main &rArr; main &rArr; $Super$$main &rArr; main_th() &rArr; processLine(std::__1::basic_string&lang;char, std::__1::char_traits&lang;char&rang;, std::__1::allocator&lang;char&rang;&rang;) &rArr; Tokenizer::Tokenizer(const std::__1::basic_string&lang;char, std::__1::char_traits&lang;char&rang;, std::__1::allocator&lang;char&rang;&rang;&, const std::__1::basic_string&lang;char, std::__1::char_traits&lang;char&rang;, std::__1::allocator&lang;char&rang;&rang;&) &rArr; std::__1::basic_string&lang;char, std::__1::char_traits&lang;char&rang;, std::__1::allocator&lang;char&rang;&rang;::basic_string(const std::__1::basic_string&lang;char, std::__1::char_traits&lang;char&rang;, std::__1::allocator&lang;char&rang;&rang;&) &rArr; operator new(unsigned) &rArr; error &rArr; mbed_error_vfprintf &rArr; serial_init &rArr; mbed_assert_internal &rArr; mbed_die &rArr; wait_ms &rArr; wait_us &rArr; ticker_read &rArr; ticker_read_us &rArr; initialize &rArr;  mbed_assert_internal (Cycle)
<P>
<H3>
Functions with no stack information
</H3><UL>
 <LI><a href="#[25c]">std::__1::basic_string&lang;char, std::__1::char_traits&lang;char&rang;, std::__1::allocator&lang;char&rang;&rang;::find(char, unsigned) const</a>
 <LI><a href="#[1b7]">std::__1::basic_string&lang;char, std::__1::char_traits&lang;char&rang;, std::__1::allocator&lang;char&rang;&rang;::compare(const char*) const</a>
 <LI><a href="#[1b2]">std::__1::basic_string&lang;char, std::__1::char_traits&lang;char&rang;, std::__1::allocator&lang;char&rang;&rang;::compare(unsigned, unsigned, const char*, unsigned) const</a>
 <LI><a href="#[263]">std::__1::basic_string&lang;char, std::__1::char_traits&lang;char&rang;, std::__1::allocator&lang;char&rang;&rang;::__grow_by_and_replace(unsigned, unsigned, unsigned, unsigned, unsigned, unsigned, const char*)</a>
 <LI><a href="#[19f]">std::__1::basic_string&lang;char, std::__1::char_traits&lang;char&rang;, std::__1::allocator&lang;char&rang;&rang;::__init(const char*, unsigned)</a>
 <LI><a href="#[1aa]">std::__1::basic_string&lang;char, std::__1::char_traits&lang;char&rang;, std::__1::allocator&lang;char&rang;&rang;::assign(const char*)</a>
 <LI><a href="#[265]">std::__1::basic_string&lang;char, std::__1::char_traits&lang;char&rang;, std::__1::allocator&lang;char&rang;&rang;::assign(const char*, unsigned)</a>
 <LI><a href="#[267]">std::__1::basic_string&lang;char, std::__1::char_traits&lang;char&rang;, std::__1::allocator&lang;char&rang;&rang;::__grow_by(unsigned, unsigned, unsigned, unsigned, unsigned, unsigned)</a>
 <LI><a href="#[1a4]">std::__1::basic_string&lang;char, std::__1::char_traits&lang;char&rang;, std::__1::allocator&lang;char&rang;&rang;::push_back(char)</a>
 <LI><a href="#[25f]">std::__1::basic_string&lang;char, std::__1::char_traits&lang;char&rang;, std::__1::allocator&lang;char&rang;&rang;::basic_string(const std::__1::basic_string&lang;char, std::__1::char_traits&lang;char&rang;, std::__1::allocator&lang;char&rang;&rang;&)</a>
 <LI><a href="#[3bb]">std::__1::basic_string&lang;char, std::__1::char_traits&lang;char&rang;, std::__1::allocator&lang;char&rang;&rang;::basic_string__sub_object(const std::__1::basic_string&lang;char, std::__1::char_traits&lang;char&rang;, std::__1::allocator&lang;char&rang;&rang;&)</a>
 <LI><a href="#[268]">std::__1::basic_string&lang;char, std::__1::char_traits&lang;char&rang;, std::__1::allocator&lang;char&rang;&rang;::~basic_string()</a>
 <LI><a href="#[53]">std::__1::basic_string&lang;char, std::__1::char_traits&lang;char&rang;, std::__1::allocator&lang;char&rang;&rang;::~basic_string__sub_object()</a>
 <LI><a href="#[95]">__cxa_pure_virtual</a>
 <LI><a href="#[269]">abort_message</a>
</UL>
</UL>
<P>
<H3>
Mutually Recursive functions
</H3> <LI><a href="#[1cd]">core_util_critical_section_enter</a>&nbsp;&nbsp;&nbsp;&rArr;&nbsp;&nbsp;&nbsp;<a href="#[1d8]">mbed_assert_internal</a><BR>
 <LI><a href="#[2d4]">mbed_error_printf</a>&nbsp;&nbsp;&nbsp;&rArr;&nbsp;&nbsp;&nbsp;<a href="#[298]">mbed_error_vfprintf</a><BR>
 <LI><a href="#[2ac]">pin_mode</a>&nbsp;&nbsp;&nbsp;&rArr;&nbsp;&nbsp;&nbsp;<a href="#[1d8]">mbed_assert_internal</a><BR>
 <LI><a href="#[186]">Set_GPIO_Clock</a>&nbsp;&nbsp;&nbsp;&rArr;&nbsp;&nbsp;&nbsp;<a href="#[153]">error</a><BR>
 <LI><a href="#[2ad]">pin_function</a>&nbsp;&nbsp;&nbsp;&rArr;&nbsp;&nbsp;&nbsp;<a href="#[1d8]">mbed_assert_internal</a><BR>
 <LI><a href="#[29c]">gpio_set</a>&nbsp;&nbsp;&nbsp;&rArr;&nbsp;&nbsp;&nbsp;<a href="#[1d8]">mbed_assert_internal</a><BR>
 <LI><a href="#[1ce]">sleep_manager_lock_deep_sleep</a>&nbsp;&nbsp;&nbsp;&rArr;&nbsp;&nbsp;&nbsp;<a href="#[153]">error</a><BR>
 <LI><a href="#[285]">core_util_atomic_incr_u16</a>&nbsp;&nbsp;&nbsp;&rArr;&nbsp;&nbsp;&nbsp;<a href="#[1d1]">core_util_critical_section_exit</a><BR>
 <LI><a href="#[1d0]">sleep_manager_unlock_deep_sleep</a>&nbsp;&nbsp;&nbsp;&rArr;&nbsp;&nbsp;&nbsp;<a href="#[153]">error</a><BR>
 <LI><a href="#[284]">core_util_atomic_decr_u16</a>&nbsp;&nbsp;&nbsp;&rArr;&nbsp;&nbsp;&nbsp;<a href="#[1d1]">core_util_critical_section_exit</a><BR>
 <LI><a href="#[159]">EvrRtxThreadError</a>&nbsp;&nbsp;&nbsp;&rArr;&nbsp;&nbsp;&nbsp;<a href="#[153]">error</a><BR>
 <LI><a href="#[2b6]">initialize</a>&nbsp;&nbsp;&nbsp;&rArr;&nbsp;&nbsp;&nbsp;<a href="#[1d8]">mbed_assert_internal</a><BR>
 <LI><a href="#[339]">pinmap_pinout</a>&nbsp;&nbsp;&nbsp;&rArr;&nbsp;&nbsp;&nbsp;<a href="#[153]">error</a><BR>
 <LI><a href="#[337]">pinmap_peripheral</a>&nbsp;&nbsp;&nbsp;&rArr;&nbsp;&nbsp;&nbsp;<a href="#[153]">error</a><BR>
 <LI><a href="#[336]">pinmap_merge</a>&nbsp;&nbsp;&nbsp;&rArr;&nbsp;&nbsp;&nbsp;<a href="#[153]">error</a><BR>
 <LI><a href="#[2b5]">init_uart</a>&nbsp;&nbsp;&nbsp;&rArr;&nbsp;&nbsp;&nbsp;<a href="#[153]">error</a><BR>
 <LI><a href="#[157]">EvrRtxMutexError</a>&nbsp;&nbsp;&nbsp;&rArr;&nbsp;&nbsp;&nbsp;<a href="#[153]">error</a><BR>
 <LI><a href="#[130]">_sys_write</a>&nbsp;&nbsp;&nbsp;&rArr;&nbsp;&nbsp;&nbsp;<a href="#[153]">error</a><BR>
 <LI><a href="#[272]">osRtxErrorNotify</a>&nbsp;&nbsp;&nbsp;&rArr;&nbsp;&nbsp;&nbsp;<a href="#[153]">error</a><BR>
 <LI><a href="#[1]">NMI_Handler</a>&nbsp;&nbsp;&nbsp;&rArr;&nbsp;&nbsp;&nbsp;<a href="#[1]">NMI_Handler</a><BR>
 <LI><a href="#[2]">HardFault_Handler</a>&nbsp;&nbsp;&nbsp;&rArr;&nbsp;&nbsp;&nbsp;<a href="#[2]">HardFault_Handler</a><BR>
 <LI><a href="#[3]">MemManage_Handler</a>&nbsp;&nbsp;&nbsp;&rArr;&nbsp;&nbsp;&nbsp;<a href="#[3]">MemManage_Handler</a><BR>
 <LI><a href="#[4]">BusFault_Handler</a>&nbsp;&nbsp;&nbsp;&rArr;&nbsp;&nbsp;&nbsp;<a href="#[4]">BusFault_Handler</a><BR>
 <LI><a href="#[5]">UsageFault_Handler</a>&nbsp;&nbsp;&nbsp;&rArr;&nbsp;&nbsp;&nbsp;<a href="#[5]">UsageFault_Handler</a><BR>
 <LI><a href="#[7]">DebugMon_Handler</a>&nbsp;&nbsp;&nbsp;&rArr;&nbsp;&nbsp;&nbsp;<a href="#[7]">DebugMon_Handler</a><BR>
 <LI><a href="#[1c]">ADC1_IRQHandler</a>&nbsp;&nbsp;&nbsp;&rArr;&nbsp;&nbsp;&nbsp;<a href="#[1c]">ADC1_IRQHandler</a><BR>
 <LI><a href="#[116]">_sys_exit</a>&nbsp;&nbsp;&nbsp;&rArr;&nbsp;&nbsp;&nbsp;<a href="#[116]">_sys_exit</a><BR>
 <LI><a href="#[282]">atomic_link_get</a>&nbsp;&nbsp;&nbsp;&rArr;&nbsp;&nbsp;&nbsp;<a href="#[282]">atomic_link_get</a><BR>
 <LI><a href="#[88]">osRtxIdleThread</a>&nbsp;&nbsp;&nbsp;&rArr;&nbsp;&nbsp;&nbsp;<a href="#[88]">osRtxIdleThread</a><BR>
 <LI><a href="#[281]">atomic_dec32_nz</a>&nbsp;&nbsp;&nbsp;&rArr;&nbsp;&nbsp;&nbsp;<a href="#[281]">atomic_dec32_nz</a><BR>
 <LI><a href="#[17b]">atomic_inc32</a>&nbsp;&nbsp;&nbsp;&rArr;&nbsp;&nbsp;&nbsp;<a href="#[17b]">atomic_inc32</a><BR>
 <LI><a href="#[180]">atomic_dec16_nz</a>&nbsp;&nbsp;&nbsp;&rArr;&nbsp;&nbsp;&nbsp;<a href="#[180]">atomic_dec16_nz</a><BR>
 <LI><a href="#[178]">atomic_dec32_nz</a>&nbsp;&nbsp;&nbsp;&rArr;&nbsp;&nbsp;&nbsp;<a href="#[178]">atomic_dec32_nz</a><BR>
</UL>
<P>
<H3>
Function Pointers
</H3><UL>
 <LI><a href="#[1c]">ADC1_IRQHandler</a> from .\build\startup_stm32l152xe.o(.text) referenced from .\build\startup_stm32l152xe.o(RESET)
 <LI><a href="#[4]">BusFault_Handler</a> from .\build\startup_stm32l152xe.o(.text) referenced from .\build\startup_stm32l152xe.o(RESET)
 <LI><a href="#[40]">COMP_ACQ_IRQHandler</a> from .\build\startup_stm32l152xe.o(.text) referenced from .\build\startup_stm32l152xe.o(RESET)
 <LI><a href="#[20]">COMP_IRQHandler</a> from .\build\startup_stm32l152xe.o(.text) referenced from .\build\startup_stm32l152xe.o(RESET)
 <LI><a href="#[1f]">DAC_IRQHandler</a> from .\build\startup_stm32l152xe.o(.text) referenced from .\build\startup_stm32l152xe.o(RESET)
 <LI><a href="#[15]">DMA1_Channel1_IRQHandler</a> from .\build\startup_stm32l152xe.o(.text) referenced from .\build\startup_stm32l152xe.o(RESET)
 <LI><a href="#[16]">DMA1_Channel2_IRQHandler</a> from .\build\startup_stm32l152xe.o(.text) referenced from .\build\startup_stm32l152xe.o(RESET)
 <LI><a href="#[17]">DMA1_Channel3_IRQHandler</a> from .\build\startup_stm32l152xe.o(.text) referenced from .\build\startup_stm32l152xe.o(RESET)
 <LI><a href="#[18]">DMA1_Channel4_IRQHandler</a> from .\build\startup_stm32l152xe.o(.text) referenced from .\build\startup_stm32l152xe.o(RESET)
 <LI><a href="#[19]">DMA1_Channel5_IRQHandler</a> from .\build\startup_stm32l152xe.o(.text) referenced from .\build\startup_stm32l152xe.o(RESET)
 <LI><a href="#[1a]">DMA1_Channel6_IRQHandler</a> from .\build\startup_stm32l152xe.o(.text) referenced from .\build\startup_stm32l152xe.o(RESET)
 <LI><a href="#[1b]">DMA1_Channel7_IRQHandler</a> from .\build\startup_stm32l152xe.o(.text) referenced from .\build\startup_stm32l152xe.o(RESET)
 <LI><a href="#[3b]">DMA2_Channel1_IRQHandler</a> from .\build\startup_stm32l152xe.o(.text) referenced from .\build\startup_stm32l152xe.o(RESET)
 <LI><a href="#[3c]">DMA2_Channel2_IRQHandler</a> from .\build\startup_stm32l152xe.o(.text) referenced from .\build\startup_stm32l152xe.o(RESET)
 <LI><a href="#[3d]">DMA2_Channel3_IRQHandler</a> from .\build\startup_stm32l152xe.o(.text) referenced from .\build\startup_stm32l152xe.o(RESET)
 <LI><a href="#[3e]">DMA2_Channel4_IRQHandler</a> from .\build\startup_stm32l152xe.o(.text) referenced from .\build\startup_stm32l152xe.o(RESET)
 <LI><a href="#[3f]">DMA2_Channel5_IRQHandler</a> from .\build\startup_stm32l152xe.o(.text) referenced from .\build\startup_stm32l152xe.o(RESET)
 <LI><a href="#[7]">DebugMon_Handler</a> from .\build\startup_stm32l152xe.o(.text) referenced from .\build\startup_stm32l152xe.o(RESET)
 <LI><a href="#[10]">EXTI0_IRQHandler</a> from .\build\startup_stm32l152xe.o(.text) referenced from .\build\startup_stm32l152xe.o(RESET)
 <LI><a href="#[32]">EXTI15_10_IRQHandler</a> from .\build\startup_stm32l152xe.o(.text) referenced from .\build\startup_stm32l152xe.o(RESET)
 <LI><a href="#[11]">EXTI1_IRQHandler</a> from .\build\startup_stm32l152xe.o(.text) referenced from .\build\startup_stm32l152xe.o(RESET)
 <LI><a href="#[12]">EXTI2_IRQHandler</a> from .\build\startup_stm32l152xe.o(.text) referenced from .\build\startup_stm32l152xe.o(RESET)
 <LI><a href="#[13]">EXTI3_IRQHandler</a> from .\build\startup_stm32l152xe.o(.text) referenced from .\build\startup_stm32l152xe.o(RESET)
 <LI><a href="#[14]">EXTI4_IRQHandler</a> from .\build\startup_stm32l152xe.o(.text) referenced from .\build\startup_stm32l152xe.o(RESET)
 <LI><a href="#[21]">EXTI9_5_IRQHandler</a> from .\build\startup_stm32l152xe.o(.text) referenced from .\build\startup_stm32l152xe.o(RESET)
 <LI><a href="#[e]">FLASH_IRQHandler</a> from .\build\startup_stm32l152xe.o(.text) referenced from .\build\startup_stm32l152xe.o(RESET)
 <LI><a href="#[2]">HardFault_Handler</a> from .\build\startup_stm32l152xe.o(.text) referenced from .\build\startup_stm32l152xe.o(RESET)
 <LI><a href="#[2a]">I2C1_ER_IRQHandler</a> from .\build\startup_stm32l152xe.o(.text) referenced from .\build\startup_stm32l152xe.o(RESET)
 <LI><a href="#[29]">I2C1_EV_IRQHandler</a> from .\build\startup_stm32l152xe.o(.text) referenced from .\build\startup_stm32l152xe.o(RESET)
 <LI><a href="#[2c]">I2C2_ER_IRQHandler</a> from .\build\startup_stm32l152xe.o(.text) referenced from .\build\startup_stm32l152xe.o(RESET)
 <LI><a href="#[2b]">I2C2_EV_IRQHandler</a> from .\build\startup_stm32l152xe.o(.text) referenced from .\build\startup_stm32l152xe.o(RESET)
 <LI><a href="#[22]">LCD_IRQHandler</a> from .\build\startup_stm32l152xe.o(.text) referenced from .\build\startup_stm32l152xe.o(RESET)
 <LI><a href="#[3]">MemManage_Handler</a> from .\build\startup_stm32l152xe.o(.text) referenced from .\build\startup_stm32l152xe.o(RESET)
 <LI><a href="#[1]">NMI_Handler</a> from .\build\startup_stm32l152xe.o(.text) referenced from .\build\startup_stm32l152xe.o(RESET)
 <LI><a href="#[b]">PVD_IRQHandler</a> from .\build\startup_stm32l152xe.o(.text) referenced from .\build\startup_stm32l152xe.o(RESET)
 <LI><a href="#[8]">PendSV_Handler</a> from .\build\irq_cm3.o(.text) referenced from .\build\startup_stm32l152xe.o(RESET)
 <LI><a href="#[f]">RCC_IRQHandler</a> from .\build\startup_stm32l152xe.o(.text) referenced from .\build\startup_stm32l152xe.o(RESET)
 <LI><a href="#[33]">RTC_Alarm_IRQHandler</a> from .\build\startup_stm32l152xe.o(.text) referenced from .\build\startup_stm32l152xe.o(RESET)
 <LI><a href="#[d]">RTC_WKUP_IRQHandler</a> from .\build\startup_stm32l152xe.o(.text) referenced from .\build\startup_stm32l152xe.o(RESET)
 <LI><a href="#[0]">Reset_Handler</a> from .\build\startup_stm32l152xe.o(.text) referenced from .\build\startup_stm32l152xe.o(RESET)
 <LI><a href="#[2d]">SPI1_IRQHandler</a> from .\build\startup_stm32l152xe.o(.text) referenced from .\build\startup_stm32l152xe.o(RESET)
 <LI><a href="#[2e]">SPI2_IRQHandler</a> from .\build\startup_stm32l152xe.o(.text) referenced from .\build\startup_stm32l152xe.o(RESET)
 <LI><a href="#[38]">SPI3_IRQHandler</a> from .\build\startup_stm32l152xe.o(.text) referenced from .\build\startup_stm32l152xe.o(RESET)
 <LI><a href="#[6]">SVC_Handler</a> from .\build\irq_cm3.o(.text) referenced from .\build\startup_stm32l152xe.o(RESET)
 <LI><a href="#[9]">SysTick_Handler</a> from .\build\irq_cm3.o(.text) referenced 2 times from .\build\rtx_kernel.o(.text.svcRtxKernelStart)
 <LI><a href="#[9]">SysTick_Handler</a> from .\build\irq_cm3.o(.text) referenced from .\build\startup_stm32l152xe.o(RESET)
 <LI><a href="#[41]">SystemInit</a> from .\build\system_clock.o(.text.SystemInit) referenced from .\build\startup_stm32l152xe.o(.text)
 <LI><a href="#[c]">TAMPER_STAMP_IRQHandler</a> from .\build\startup_stm32l152xe.o(.text) referenced from .\build\startup_stm32l152xe.o(RESET)
 <LI><a href="#[24]">TIM10_IRQHandler</a> from .\build\startup_stm32l152xe.o(.text) referenced from .\build\startup_stm32l152xe.o(RESET)
 <LI><a href="#[25]">TIM11_IRQHandler</a> from .\build\startup_stm32l152xe.o(.text) referenced from .\build\startup_stm32l152xe.o(RESET)
 <LI><a href="#[26]">TIM2_IRQHandler</a> from .\build\startup_stm32l152xe.o(.text) referenced from .\build\startup_stm32l152xe.o(RESET)
 <LI><a href="#[27]">TIM3_IRQHandler</a> from .\build\startup_stm32l152xe.o(.text) referenced from .\build\startup_stm32l152xe.o(RESET)
 <LI><a href="#[28]">TIM4_IRQHandler</a> from .\build\startup_stm32l152xe.o(.text) referenced from .\build\startup_stm32l152xe.o(RESET)
 <LI><a href="#[37]">TIM5_IRQHandler</a> from .\build\startup_stm32l152xe.o(.text) referenced from .\build\startup_stm32l152xe.o(RESET)
 <LI><a href="#[35]">TIM6_IRQHandler</a> from .\build\startup_stm32l152xe.o(.text) referenced from .\build\startup_stm32l152xe.o(RESET)
 <LI><a href="#[36]">TIM7_IRQHandler</a> from .\build\startup_stm32l152xe.o(.text) referenced from .\build\startup_stm32l152xe.o(RESET)
 <LI><a href="#[23]">TIM9_IRQHandler</a> from .\build\startup_stm32l152xe.o(.text) referenced from .\build\startup_stm32l152xe.o(RESET)
 <LI><a href="#[39]">UART4_IRQHandler</a> from .\build\startup_stm32l152xe.o(.text) referenced from .\build\startup_stm32l152xe.o(RESET)
 <LI><a href="#[3a]">UART5_IRQHandler</a> from .\build\startup_stm32l152xe.o(.text) referenced from .\build\startup_stm32l152xe.o(RESET)
 <LI><a href="#[2f]">USART1_IRQHandler</a> from .\build\startup_stm32l152xe.o(.text) referenced from .\build\startup_stm32l152xe.o(RESET)
 <LI><a href="#[30]">USART2_IRQHandler</a> from .\build\startup_stm32l152xe.o(.text) referenced from .\build\startup_stm32l152xe.o(RESET)
 <LI><a href="#[31]">USART3_IRQHandler</a> from .\build\startup_stm32l152xe.o(.text) referenced from .\build\startup_stm32l152xe.o(RESET)
 <LI><a href="#[34]">USB_FS_WKUP_IRQHandler</a> from .\build\startup_stm32l152xe.o(.text) referenced from .\build\startup_stm32l152xe.o(RESET)
 <LI><a href="#[1d]">USB_HP_IRQHandler</a> from .\build\startup_stm32l152xe.o(.text) referenced from .\build\startup_stm32l152xe.o(RESET)
 <LI><a href="#[1e]">USB_LP_IRQHandler</a> from .\build\startup_stm32l152xe.o(.text) referenced from .\build\startup_stm32l152xe.o(RESET)
 <LI><a href="#[5]">UsageFault_Handler</a> from .\build\startup_stm32l152xe.o(.text) referenced from .\build\startup_stm32l152xe.o(RESET)
 <LI><a href="#[a]">WWDG_IRQHandler</a> from .\build\startup_stm32l152xe.o(.text) referenced from .\build\startup_stm32l152xe.o(RESET)
 <LI><a href="#[af]">_GLOBAL__sub_I_SPI.cpp</a> from .\build\spi.o(.text._GLOBAL__sub_I_SPI.cpp) referenced from .\build\spi.o(.init_array)
 <LI><a href="#[b1]">_GLOBAL__sub_I_Tokenizer.cpp</a> from .\build\tokenizer.o(.text._GLOBAL__sub_I_Tokenizer.cpp) referenced from .\build\tokenizer.o(.init_array)
 <LI><a href="#[b0]">_GLOBAL__sub_I_main.cpp</a> from .\build\main.o(.text._GLOBAL__sub_I_main.cpp) referenced from .\build\main.o(.init_array)
 <LI><a href="#[4a]">ISR_thread()</a> from .\build\main.o(.text._Z10ISR_threadv) referenced 2 times from .\build\main.o(.text._Z7main_thv)
 <LI><a href="#[48]">send_alive()</a> from .\build\main.o(.text._Z10send_alivev) referenced 2 times from .\build\main.o(.text._Z10send_alivev)
 <LI><a href="#[48]">send_alive()</a> from .\build\main.o(.text._Z10send_alivev) referenced 2 times from .\build\main.o(.text.main)
 <LI><a href="#[47]">newInput()</a> from .\build\main.o(.text._Z8newInputv) referenced 2 times from .\build\main.o(.text._Z10ISR_threadv)
 <LI><a href="#[47]">newInput()</a> from .\build\main.o(.text._Z8newInputv) referenced 2 times from .\build\main.o(.text._Z7main_thv)
 <LI><a href="#[b2]">_ZL17default_idle_hookv</a> from .\build\mbed_rtx_idle.o(.text._ZL17default_idle_hookv) referenced from .\build\mbed_rtx_idle.o(.data._ZL14idle_hook_fptr)
 <LI><a href="#[4b]">_ZL18equeue_tick_updatev</a> from .\build\equeue_mbed.o(.text._ZL18equeue_tick_updatev) referenced 2 times from .\build\equeue_mbed.o(.text._ZL16equeue_tick_initv)
 <LI><a href="#[4c]">mbed::SerialBase::_irq_handler(unsigned, SerialIrq)</a> from .\build\serialbase.o(.text._ZN4mbed10SerialBase12_irq_handlerEj9SerialIrq) referenced 2 times from .\build\serialbase.o(.text._ZN4mbed10SerialBaseC2E7PinNameS1_i)
 <LI><a href="#[8f]">mbed::SerialBase::lock()</a> from .\build\serialbase.o(.text._ZN4mbed10SerialBase4lockEv) referenced from .\build\serialbase.o(.rodata._ZTVN4mbed10SerialBaseE)
 <LI><a href="#[90]">mbed::SerialBase::unlock()</a> from .\build\serialbase.o(.text._ZN4mbed10SerialBase6unlockEv) referenced from .\build\serialbase.o(.rodata._ZTVN4mbed10SerialBaseE)
 <LI><a href="#[92]">mbed::SerialBase::~SerialBase__deallocating()</a> from .\build\serialbase.o(.text._ZN4mbed10SerialBaseD0Ev) referenced from .\build\serialbase.o(.rodata._ZTVN4mbed10SerialBaseE)
 <LI><a href="#[91]">mbed::SerialBase::~SerialBase__sub_object()</a> from .\build\serialbase.o(.text._ZN4mbed10SerialBaseD2Ev) referenced from .\build\serialbase.o(.rodata._ZTVN4mbed10SerialBaseE)
 <LI><a href="#[4d]">mbed::TimerEvent::irq(unsigned)</a> from .\build\timerevent.o(.text._ZN4mbed10TimerEvent3irqEj) referenced 2 times from .\build\timerevent.o(.text._ZN4mbed10TimerEventC2Ev)
 <LI><a href="#[94]">mbed::TimerEvent::~TimerEvent__deallocating()</a> from .\build\timerevent.o(.text._ZN4mbed10TimerEventD0Ev) referenced from .\build\timerevent.o(.rodata._ZTVN4mbed10TimerEventE)
 <LI><a href="#[93]">mbed::TimerEvent::~TimerEvent__sub_object()</a> from .\build\timerevent.o(.text._ZN4mbed10TimerEventD2Ev) referenced from .\build\timerevent.o(.rodata._ZTVN4mbed10TimerEventE)
 <LI><a href="#[4e]">mbed::InterruptIn::_irq_handler(unsigned, gpio_irq_event)</a> from .\build\interruptin.o(.text._ZN4mbed11InterruptIn12_irq_handlerEj14gpio_irq_event) referenced 2 times from .\build\interruptin.o(.text._ZN4mbed11InterruptInC2E7PinName)
 <LI><a href="#[97]">mbed::InterruptIn::~InterruptIn__deallocating()</a> from .\build\interruptin.o(.text._ZN4mbed11InterruptInD0Ev) referenced from .\build\interruptin.o(.rodata._ZTVN4mbed11InterruptInE)
 <LI><a href="#[54]">mbed::InterruptIn::~InterruptIn()</a> from .\build\interruptin.o(.text._ZN4mbed11InterruptInD2Ev) referenced 2 times from .\build\main.o(.text.__cxx_global_var_init.1)
 <LI><a href="#[54]">mbed::InterruptIn::~InterruptIn()</a> from .\build\interruptin.o(.text._ZN4mbed11InterruptInD2Ev) referenced 2 times from .\build\main.o(.text.__cxx_global_var_init.2)
 <LI><a href="#[96]">mbed::InterruptIn::~InterruptIn__sub_object()</a> from .\build\interruptin.o(.text._ZN4mbed11InterruptInD2Ev) referenced from .\build\interruptin.o(.rodata._ZTVN4mbed11InterruptInE)
 <LI><a href="#[52]">mbed::CircularBuffer&lang;mbed::Transaction&lang;mbed::SPI&rang;, (unsigned)2, unsigned&rang;::~CircularBuffer__sub_object()</a> from .\build\spi.o(.text._ZN4mbed14CircularBufferINS_11TransactionINS_3SPIEEELj2EjED2Ev) referenced 2 times from .\build\spi.o(.text.__cxx_global_var_init)
 <LI><a href="#[99]">mbed::Ticker::handler()</a> from .\build\ticker.o(.text._ZN4mbed6Ticker7handlerEv) referenced from .\build\ticker.o(.rodata._ZTVN4mbed6TickerE)
 <LI><a href="#[98]">mbed::Ticker::~Ticker__deallocating()</a> from .\build\ticker.o(.text._ZN4mbed6TickerD0Ev) referenced from .\build\ticker.o(.rodata._ZTVN4mbed6TickerE)
 <LI><a href="#[59]">mbed::Ticker::~Ticker__sub_object()</a> from .\build\ticker.o(.text._ZN4mbed6TickerD2Ev) referenced from .\build\ticker.o(.rodata._ZTVN4mbed6TickerE)
 <LI><a href="#[59]">mbed::Ticker::~Ticker__sub_object()</a> from .\build\ticker.o(.text._ZN4mbed6TickerD2Ev) referenced 2 times from .\build\main.o(.text.__cxx_global_var_init.44)
 <LI><a href="#[9f]">void mbed::Callback&lang;void(int)&rang;::function_call&lang;void(*)(int)&rang;(const void*, int)</a> from .\build\eventqueue.o(.text._ZN4mbed8CallbackIFviEE13function_callIPS1_EEvPKvi) referenced from .\build\eventqueue.o(.rodata._ZZN4mbed8CallbackIFviEE8generateIPS1_EEvRKT_E3ops)
 <LI><a href="#[a1]">void mbed::Callback&lang;void(int)&rang;::function_dtor&lang;void(*)(int)&rang;(void*)</a> from .\build\eventqueue.o(.text._ZN4mbed8CallbackIFviEE13function_dtorIPS1_EEvPv) referenced from .\build\eventqueue.o(.rodata._ZZN4mbed8CallbackIFviEE8generateIPS1_EEvRKT_E3ops)
 <LI><a href="#[a0]">void mbed::Callback&lang;void(int)&rang;::function_move&lang;void(*)(int)&rang;(void*, const void*)</a> from .\build\eventqueue.o(.text._ZN4mbed8CallbackIFviEE13function_moveIPS1_EEvPvPKv) referenced from .\build\eventqueue.o(.rodata._ZZN4mbed8CallbackIFviEE8generateIPS1_EEvRKT_E3ops)
 <LI><a href="#[a2]">void mbed::Callback&lang;void()&rang;::function_call&lang;mbed::Callback&lang;void()&rang;::method_context&lang;events::EventQueue, void(events::EventQueue::*)()&rang;&rang;(const void*)</a> from .\build\mbed_shared_queues.o(.text._ZN4mbed8CallbackIFvvEE13function_callINS2_14method_contextIN6events10EventQueueEMS6_FvvEEEEEvPKv) referenced from .\build\mbed_shared_queues.o(.rodata._ZZN4mbed8CallbackIFvvEE8generateINS2_14method_contextIN6events10EventQueueEMS6_FvvEEEEEvRKT_E3ops)
 <LI><a href="#[a5]">void mbed::Callback&lang;void()&rang;::function_call&lang;void(*)()&rang;(const void*)</a> from .\build\atcmdparser.o(.text._ZN4mbed8CallbackIFvvEE13function_callIPS1_EEvPKv) referenced from .\build\atcmdparser.o(.rodata._ZZN4mbed8CallbackIFvvEE8generateIPS1_EEvRKT_E3ops)
 <LI><a href="#[a4]">void mbed::Callback&lang;void()&rang;::function_dtor&lang;mbed::Callback&lang;void()&rang;::method_context&lang;events::EventQueue, void(events::EventQueue::*)()&rang;&rang;(void*)</a> from .\build\mbed_shared_queues.o(.text._ZN4mbed8CallbackIFvvEE13function_dtorINS2_14method_contextIN6events10EventQueueEMS6_FvvEEEEEvPv) referenced from .\build\mbed_shared_queues.o(.rodata._ZZN4mbed8CallbackIFvvEE8generateINS2_14method_contextIN6events10EventQueueEMS6_FvvEEEEEvRKT_E3ops)
 <LI><a href="#[a7]">void mbed::Callback&lang;void()&rang;::function_dtor&lang;void(*)()&rang;(void*)</a> from .\build\atcmdparser.o(.text._ZN4mbed8CallbackIFvvEE13function_dtorIPS1_EEvPv) referenced from .\build\atcmdparser.o(.rodata._ZZN4mbed8CallbackIFvvEE8generateIPS1_EEvRKT_E3ops)
 <LI><a href="#[a3]">void mbed::Callback&lang;void()&rang;::function_move&lang;mbed::Callback&lang;void()&rang;::method_context&lang;events::EventQueue, void(events::EventQueue::*)()&rang;&rang;(void*, const void*)</a> from .\build\mbed_shared_queues.o(.text._ZN4mbed8CallbackIFvvEE13function_moveINS2_14method_contextIN6events10EventQueueEMS6_FvvEEEEEvPvPKv) referenced from .\build\mbed_shared_queues.o(.rodata._ZZN4mbed8CallbackIFvvEE8generateINS2_14method_contextIN6events10EventQueueEMS6_FvvEEEEEvRKT_E3ops)
 <LI><a href="#[a6]">void mbed::Callback&lang;void()&rang;::function_move&lang;void(*)()&rang;(void*, const void*)</a> from .\build\atcmdparser.o(.text._ZN4mbed8CallbackIFvvEE13function_moveIPS1_EEvPvPKv) referenced from .\build\atcmdparser.o(.rodata._ZZN4mbed8CallbackIFvvEE8generateIPS1_EEvRKT_E3ops)
 <LI><a href="#[9a]">mbed::RawSerial::lock()</a> from .\build\rawserial.o(.text._ZN4mbed9RawSerial4lockEv) referenced from .\build\rawserial.o(.rodata._ZTVN4mbed9RawSerialE)
 <LI><a href="#[9b]">mbed::RawSerial::unlock()</a> from .\build\rawserial.o(.text._ZN4mbed9RawSerial6unlockEv) referenced from .\build\rawserial.o(.rodata._ZTVN4mbed9RawSerialE)
 <LI><a href="#[9c]">mbed::RawSerial::~RawSerial__deallocating()</a> from .\build\rawserial.o(.text._ZN4mbed9RawSerialD0Ev) referenced from .\build\rawserial.o(.rodata._ZTVN4mbed9RawSerialE)
 <LI><a href="#[5a]">mbed::RawSerial::~RawSerial__sub_object()</a> from .\build\greentea_serial.o(.text._ZN4mbed9RawSerialD2Ev) referenced from .\build\rawserial.o(.rodata._ZTVN4mbed9RawSerialE)
 <LI><a href="#[5a]">mbed::RawSerial::~RawSerial__sub_object()</a> from .\build\greentea_serial.o(.text._ZN4mbed9RawSerialD2Ev) referenced 2 times from .\build\main.o(.text.__cxx_global_var_init.7)
 <LI><a href="#[57]">rtos::MemoryPool&lang;message_t, (unsigned)16&rang;::~MemoryPool__sub_object()</a> from .\build\main.o(.text._ZN4rtos10MemoryPoolI9message_tLj16EED2Ev) referenced 2 times from .\build\main.o(.text.__cxx_global_var_init.39)
 <LI><a href="#[56]">rtos::Mutex::~Mutex()</a> from .\build\mutex.o(.text._ZN4rtos5MutexD2Ev) referenced 2 times from .\build\main.o(.text.__cxx_global_var_init.15)
 <LI><a href="#[56]">rtos::Mutex::~Mutex()</a> from .\build\mutex.o(.text._ZN4rtos5MutexD2Ev) referenced 2 times from .\build\main.o(.text.__cxx_global_var_init.41)
 <LI><a href="#[58]">rtos::Queue&lang;message_t, (unsigned)16&rang;::~Queue__sub_object()</a> from .\build\main.o(.text._ZN4rtos5QueueI9message_tLj16EED2Ev) referenced 2 times from .\build\main.o(.text.__cxx_global_var_init.40)
 <LI><a href="#[4f]">rtos::Thread::_thunk(void*)</a> from .\build\thread.o(.text._ZN4rtos6Thread6_thunkEPv) referenced 2 times from .\build\thread.o(.text._ZN4rtos6Thread5startEN4mbed8CallbackIFvvEEE)
 <LI><a href="#[9e]">rtos::Thread::~Thread__deallocating()</a> from .\build\thread.o(.text._ZN4rtos6ThreadD0Ev) referenced from .\build\thread.o(.rodata._ZTVN4rtos6ThreadE)
 <LI><a href="#[55]">rtos::Thread::~Thread()</a> from .\build\thread.o(.text._ZN4rtos6ThreadD2Ev) referenced 2 times from .\build\main.o(.text.__cxx_global_var_init.10)
 <LI><a href="#[55]">rtos::Thread::~Thread()</a> from .\build\thread.o(.text._ZN4rtos6ThreadD2Ev) referenced 2 times from .\build\main.o(.text.__cxx_global_var_init.9)
 <LI><a href="#[9d]">rtos::Thread::~Thread__sub_object()</a> from .\build\thread.o(.text._ZN4rtos6ThreadD2Ev) referenced from .\build\thread.o(.rodata._ZTVN4rtos6ThreadE)
 <LI><a href="#[50]">CThunk&lang;mbed::SerialBase&rang;::trampoline(mbed::SerialBase*, void*, void(mbed::SerialBase::**)(void*))</a> from .\build\serialbase.o(.text._ZN6CThunkIN4mbed10SerialBaseEE10trampolineEPS1_PvPMS1_FvS4_E) referenced 2 times from .\build\serialbase.o(.text._ZN6CThunkIN4mbed10SerialBaseEE4initEPS1_MS1_FvPvES4_)
 <LI><a href="#[49]">events::EventQueue::dispatch_forever()</a> from .\build\mbed_shared_queues.o(.text._ZN6events10EventQueue16dispatch_foreverEv) referenced 2 times from .\build\main.o(.text._Z7main_thv)
 <LI><a href="#[5b]">events::EventQueue::~EventQueue()</a> from .\build\eventqueue.o(.text._ZN6events10EventQueueD2Ev) referenced 2 times from .\build\main.o(.text.__cxx_global_var_init.8)
 <LI><a href="#[53]">std::__1::basic_string&lang;char, std::__1::char_traits&lang;char&rang;, std::__1::allocator&lang;char&rang;&rang;::~basic_string__sub_object()</a> from I:\HDDProgInstall\keil\ARM\ARMCLANG\Bin\..\lib\libcxx\libcpp_w.l(string.cpp.o)(.text._ZNSt3__112basic_stringIcNS_11char_traitsIcEENS_9allocatorIcEEED2Ev) referenced 4 times from .\build\main.o(.text.__cxx_global_var_init)
 <LI><a href="#[95]">__cxa_pure_virtual</a> from I:\HDDProgInstall\keil\ARM\ARMCLANG\Bin\..\lib\libcxx\libcppabi_w.l(cxa_virtual.cpp.o)(.text.__cxa_pure_virtual) referenced from .\build\timerevent.o(.rodata._ZTVN4mbed10TimerEventE)
 <LI><a href="#[42]">__main</a> from I:\HDDProgInstall\keil\ARM\ARMCLANG\Bin\..\lib\armlib\c_w.l(__main.o)(!!!main) referenced from .\build\startup_stm32l152xe.o(.text)
 <LI><a href="#[43]">_get_lc_ctype</a> from I:\HDDProgInstall\keil\ARM\ARMCLANG\Bin\..\lib\armlib\c_w.l(lc_ctype_c.o)(locale$$code) referenced from I:\HDDProgInstall\keil\ARM\ARMCLANG\Bin\..\lib\armlib\c_w.l(rt_ctype_table.o)(.text)
 <LI><a href="#[46]">_printf_input_char</a> from I:\HDDProgInstall\keil\ARM\ARMCLANG\Bin\..\lib\armlib\c_w.l(_printf_char_common.o)(.text) referenced from I:\HDDProgInstall\keil\ARM\ARMCLANG\Bin\..\lib\armlib\c_w.l(_printf_char_common.o)(.text)
 <LI><a href="#[44]">_snputc</a> from I:\HDDProgInstall\keil\ARM\ARMCLANG\Bin\..\lib\armlib\c_w.l(_snputc.o)(.text) referenced from I:\HDDProgInstall\keil\ARM\ARMCLANG\Bin\..\lib\armlib\c_w.l(vsnprintf.o)(.text)
 <LI><a href="#[45]">_sputc</a> from I:\HDDProgInstall\keil\ARM\ARMCLANG\Bin\..\lib\armlib\c_w.l(_sputc.o)(.text) referenced from I:\HDDProgInstall\keil\ARM\ARMCLANG\Bin\..\lib\armlib\c_w.l(__2sprintf.o)(.text)
 <LI><a href="#[5c]">gpio_irq0</a> from .\build\gpio_irq_api.o(.text.gpio_irq0) referenced 2 times from .\build\gpio_irq_api.o(.text.gpio_irq_init)
 <LI><a href="#[5d]">gpio_irq1</a> from .\build\gpio_irq_api.o(.text.gpio_irq1) referenced 2 times from .\build\gpio_irq_api.o(.text.gpio_irq_init)
 <LI><a href="#[5e]">gpio_irq2</a> from .\build\gpio_irq_api.o(.text.gpio_irq2) referenced 2 times from .\build\gpio_irq_api.o(.text.gpio_irq_init)
 <LI><a href="#[5f]">gpio_irq3</a> from .\build\gpio_irq_api.o(.text.gpio_irq3) referenced 2 times from .\build\gpio_irq_api.o(.text.gpio_irq_init)
 <LI><a href="#[60]">gpio_irq4</a> from .\build\gpio_irq_api.o(.text.gpio_irq4) referenced 2 times from .\build\gpio_irq_api.o(.text.gpio_irq_init)
 <LI><a href="#[61]">gpio_irq5</a> from .\build\gpio_irq_api.o(.text.gpio_irq5) referenced 2 times from .\build\gpio_irq_api.o(.text.gpio_irq_init)
 <LI><a href="#[62]">gpio_irq6</a> from .\build\gpio_irq_api.o(.text.gpio_irq6) referenced 2 times from .\build\gpio_irq_api.o(.text.gpio_irq_init)
 <LI><a href="#[87]">osRtxEventFlagsPostProcess</a> from .\build\rtx_evflags.o(.text.osRtxEventFlagsPostProcess) referenced 2 times from .\build\rtx_evflags.o(.text.svcRtxEventFlagsNew)
 <LI><a href="#[88]">osRtxIdleThread</a> from .\build\mbed_rtx_handlers.o(.text.osRtxIdleThread) referenced 2 times from .\build\rtx_kernel.o(.text.svcRtxKernelStart)
 <LI><a href="#[8a]">osRtxMemoryPoolPostProcess</a> from .\build\rtx_mempool.o(.text.osRtxMemoryPoolPostProcess) referenced 2 times from .\build\rtx_mempool.o(.text.svcRtxMemoryPoolNew)
 <LI><a href="#[8b]">osRtxMessageQueuePostProcess</a> from .\build\rtx_msgqueue.o(.text.osRtxMessageQueuePostProcess) referenced 2 times from .\build\rtx_msgqueue.o(.text.svcRtxMessageQueueNew)
 <LI><a href="#[8c]">osRtxSemaphorePostProcess</a> from .\build\rtx_semaphore.o(.text.osRtxSemaphorePostProcess) referenced 2 times from .\build\rtx_semaphore.o(.text.svcRtxSemaphoreNew)
 <LI><a href="#[8e]">osRtxThreadPostProcess</a> from .\build\rtx_thread.o(.text.osRtxThreadPostProcess) referenced 2 times from .\build\rtx_thread.o(.text.svcRtxThreadNew)
 <LI><a href="#[89]">osRtxTimerThread</a> from .\build\rtx_timer.o(.text.osRtxTimerThread) referenced 2 times from .\build\rtx_kernel.o(.text.svcRtxKernelStart)
 <LI><a href="#[77]">osRtxTimerTick</a> from .\build\rtx_timer.o(.text.osRtxTimerTick) referenced 2 times from .\build\rtx_timer.o(.text.osRtxTimerThread)
 <LI><a href="#[8d]">osThreadExit</a> from .\build\rtx_thread.o(.text.osThreadExit) referenced 2 times from .\build\rtx_thread.o(.text.svcRtxThreadNew)
 <LI><a href="#[63]">pre_main</a> from .\build\mbed_boot.o(.text.pre_main) referenced 2 times from .\build\mbed_boot.o(.text.mbed_start_main)
 <LI><a href="#[64]">svcRtxDelay</a> from .\build\rtx_delay.o(.text.svcRtxDelay) referenced 2 times from .\build\rtx_delay.o(.text.osDelay)
 <LI><a href="#[65]">svcRtxEventFlagsDelete</a> from .\build\rtx_evflags.o(.text.svcRtxEventFlagsDelete) referenced 2 times from .\build\rtx_evflags.o(.text.osEventFlagsDelete)
 <LI><a href="#[66]">svcRtxEventFlagsNew</a> from .\build\rtx_evflags.o(.text.svcRtxEventFlagsNew) referenced 2 times from .\build\rtx_evflags.o(.text.osEventFlagsNew)
 <LI><a href="#[67]">svcRtxEventFlagsWait</a> from .\build\rtx_evflags.o(.text.svcRtxEventFlagsWait) referenced 2 times from .\build\rtx_evflags.o(.text.osEventFlagsWait)
 <LI><a href="#[68]">svcRtxKernelGetState</a> from .\build\rtx_kernel.o(.text.svcRtxKernelGetState) referenced 2 times from .\build\rtx_kernel.o(.text.osKernelGetState)
 <LI><a href="#[69]">svcRtxKernelInitialize</a> from .\build\rtx_kernel.o(.text.svcRtxKernelInitialize) referenced 2 times from .\build\rtx_kernel.o(.text.osKernelInitialize)
 <LI><a href="#[6a]">svcRtxKernelStart</a> from .\build\rtx_kernel.o(.text.svcRtxKernelStart) referenced 2 times from .\build\rtx_kernel.o(.text.osKernelStart)
 <LI><a href="#[6b]">svcRtxMemoryPoolAlloc</a> from .\build\rtx_mempool.o(.text.svcRtxMemoryPoolAlloc) referenced 2 times from .\build\rtx_mempool.o(.text.osMemoryPoolAlloc)
 <LI><a href="#[6c]">svcRtxMemoryPoolDelete</a> from .\build\rtx_mempool.o(.text.svcRtxMemoryPoolDelete) referenced 2 times from .\build\rtx_mempool.o(.text.osMemoryPoolDelete)
 <LI><a href="#[6d]">svcRtxMemoryPoolFree</a> from .\build\rtx_mempool.o(.text.svcRtxMemoryPoolFree) referenced 2 times from .\build\rtx_mempool.o(.text.osMemoryPoolFree)
 <LI><a href="#[6e]">svcRtxMemoryPoolNew</a> from .\build\rtx_mempool.o(.text.svcRtxMemoryPoolNew) referenced 2 times from .\build\rtx_mempool.o(.text.osMemoryPoolNew)
 <LI><a href="#[6f]">svcRtxMessageQueueDelete</a> from .\build\rtx_msgqueue.o(.text.svcRtxMessageQueueDelete) referenced 2 times from .\build\rtx_msgqueue.o(.text.osMessageQueueDelete)
 <LI><a href="#[70]">svcRtxMessageQueueGet</a> from .\build\rtx_msgqueue.o(.text.svcRtxMessageQueueGet) referenced 2 times from .\build\rtx_msgqueue.o(.text.osMessageQueueGet)
 <LI><a href="#[71]">svcRtxMessageQueueNew</a> from .\build\rtx_msgqueue.o(.text.svcRtxMessageQueueNew) referenced 2 times from .\build\rtx_msgqueue.o(.text.osMessageQueueNew)
 <LI><a href="#[72]">svcRtxMessageQueuePut</a> from .\build\rtx_msgqueue.o(.text.svcRtxMessageQueuePut) referenced 2 times from .\build\rtx_msgqueue.o(.text.osMessageQueuePut)
 <LI><a href="#[73]">svcRtxMutexAcquire</a> from .\build\rtx_mutex.o(.text.svcRtxMutexAcquire) referenced 2 times from .\build\rtx_mutex.o(.text.osMutexAcquire)
 <LI><a href="#[74]">svcRtxMutexDelete</a> from .\build\rtx_mutex.o(.text.svcRtxMutexDelete) referenced 2 times from .\build\rtx_mutex.o(.text.osMutexDelete)
 <LI><a href="#[75]">svcRtxMutexNew</a> from .\build\rtx_mutex.o(.text.svcRtxMutexNew) referenced 2 times from .\build\rtx_mutex.o(.text.osMutexNew)
 <LI><a href="#[76]">svcRtxMutexRelease</a> from .\build\rtx_mutex.o(.text.svcRtxMutexRelease) referenced 2 times from .\build\rtx_mutex.o(.text.osMutexRelease)
 <LI><a href="#[78]">svcRtxSemaphoreDelete</a> from .\build\rtx_semaphore.o(.text.svcRtxSemaphoreDelete) referenced 2 times from .\build\rtx_semaphore.o(.text.osSemaphoreDelete)
 <LI><a href="#[79]">svcRtxSemaphoreNew</a> from .\build\rtx_semaphore.o(.text.svcRtxSemaphoreNew) referenced 2 times from .\build\rtx_semaphore.o(.text.osSemaphoreNew)
 <LI><a href="#[7a]">svcRtxSemaphoreRelease</a> from .\build\rtx_semaphore.o(.text.svcRtxSemaphoreRelease) referenced 2 times from .\build\rtx_semaphore.o(.text.osSemaphoreRelease)
 <LI><a href="#[7c]">svcRtxThreadExit</a> from .\build\rtx_thread.o(.text.svcRtxThreadExit) referenced 2 times from .\build\rtx_thread.o(.text.osThreadExit)
 <LI><a href="#[7d]">svcRtxThreadFlagsSet</a> from .\build\rtx_thread.o(.text.svcRtxThreadFlagsSet) referenced 2 times from .\build\rtx_thread.o(.text.osThreadFlagsSet)
 <LI><a href="#[7e]">svcRtxThreadFlagsWait</a> from .\build\rtx_thread.o(.text.svcRtxThreadFlagsWait) referenced 2 times from .\build\rtx_thread.o(.text.osThreadFlagsWait)
 <LI><a href="#[7f]">svcRtxThreadGetId</a> from .\build\rtx_thread.o(.text.svcRtxThreadGetId) referenced 2 times from .\build\rtx_thread.o(.text.osThreadGetId)
 <LI><a href="#[80]">svcRtxThreadGetName</a> from .\build\rtx_thread.o(.text.svcRtxThreadGetName) referenced 2 times from .\build\rtx_thread.o(.text.osThreadGetName)
 <LI><a href="#[7b]">svcRtxThreadNew</a> from .\build\rtx_thread.o(.text.svcRtxThreadNew) referenced 2 times from .\build\rtx_thread.o(.text.osThreadContextNew)
 <LI><a href="#[81]">svcRtxThreadTerminate</a> from .\build\rtx_thread.o(.text.svcRtxThreadTerminate) referenced 2 times from .\build\rtx_thread.o(.text.osThreadTerminate)
 <LI><a href="#[b3]">ticker_irq_handler</a> from .\build\mbed_ticker_api.o(.text.ticker_irq_handler) referenced from .\build\mbed_us_ticker_api.o(.data.irq_handler)
 <LI><a href="#[51]">timer_irq_handler</a> from .\build\hal_tick_32b.o(.text.timer_irq_handler) referenced 2 times from .\build\hal_tick_32b.o(.text.__NVIC_SetVector)
 <LI><a href="#[82]">uart1_irq</a> from .\build\serial_device.o(.text.uart1_irq) referenced 2 times from .\build\serial_device.o(.text.serial_irq_set)
 <LI><a href="#[83]">uart2_irq</a> from .\build\serial_device.o(.text.uart2_irq) referenced 2 times from .\build\serial_device.o(.text.serial_irq_set)
 <LI><a href="#[84]">uart3_irq</a> from .\build\serial_device.o(.text.uart3_irq) referenced 2 times from .\build\serial_device.o(.text.serial_irq_set)
 <LI><a href="#[85]">uart4_irq</a> from .\build\serial_device.o(.text.uart4_irq) referenced 2 times from .\build\serial_device.o(.text.serial_irq_set)
 <LI><a href="#[86]">uart5_irq</a> from .\build\serial_device.o(.text.uart5_irq) referenced 2 times from .\build\serial_device.o(.text.serial_irq_set)
 <LI><a href="#[ab]">us_ticker_clear_interrupt</a> from .\build\us_ticker_32b.o(.text.us_ticker_clear_interrupt) referenced from .\build\mbed_us_ticker_api.o(.rodata.us_interface)
 <LI><a href="#[aa]">us_ticker_disable_interrupt</a> from .\build\us_ticker_32b.o(.text.us_ticker_disable_interrupt) referenced from .\build\mbed_us_ticker_api.o(.rodata.us_interface)
 <LI><a href="#[ad]">us_ticker_fire_interrupt</a> from .\build\us_ticker_32b.o(.text.us_ticker_fire_interrupt) referenced from .\build\mbed_us_ticker_api.o(.rodata.us_interface)
 <LI><a href="#[ae]">us_ticker_get_info</a> from .\build\mbed_retarget.o(.text.us_ticker_get_info) referenced from .\build\mbed_us_ticker_api.o(.rodata.us_interface)
 <LI><a href="#[a8]">us_ticker_init</a> from .\build\us_ticker_32b.o(.text.us_ticker_init) referenced from .\build\mbed_us_ticker_api.o(.rodata.us_interface)
 <LI><a href="#[a9]">us_ticker_read</a> from .\build\us_ticker_32b.o(.text.us_ticker_read) referenced from .\build\mbed_us_ticker_api.o(.rodata.us_interface)
 <LI><a href="#[ac]">us_ticker_set_interrupt</a> from .\build\us_ticker_32b.o(.text.us_ticker_set_interrupt) referenced from .\build\mbed_us_ticker_api.o(.rodata.us_interface)
</UL>
<P>
<H3>
Global Symbols
</H3>
<P><STRONG><a name="[42]"></a>__main</STRONG> (Thumb, 8 bytes, Stack size 0 bytes, I:\HDDProgInstall\keil\ARM\ARMCLANG\Bin\..\lib\armlib\c_w.l(__main.o)(!!!main))
<BR><BR>[Stack]<UL><LI>Max Depth = 456 + Unknown Stack Size
<LI>Call Chain = __main &rArr; __rt_entry &rArr; mbed_start_main &rArr; osKernelStart &rArr; EvrRtxKernelError &rArr; error &rArr; mbed_error_vfprintf &rArr; serial_init &rArr; mbed_assert_internal &rArr; mbed_die &rArr; wait_ms &rArr; wait_us &rArr; ticker_read &rArr; ticker_read_us &rArr; initialize &rArr;  mbed_assert_internal (Cycle)
</UL>
<BR>[Calls]<UL><LI><a href="#[b9]">&gt;&gt;</a>&nbsp;&nbsp;&nbsp;__rt_entry
<LI><a href="#[b8]">&gt;&gt;</a>&nbsp;&nbsp;&nbsp;__scatterload
</UL>
<BR>[Address Reference Count : 1]<UL><LI> startup_stm32l152xe.o(.text)
</UL>
<P><STRONG><a name="[b8]"></a>__scatterload</STRONG> (Thumb, 0 bytes, Stack size unknown bytes, I:\HDDProgInstall\keil\ARM\ARMCLANG\Bin\..\lib\armlib\c_w.l(__scatter.o)(!!!scatter))
<BR><BR>[Called By]<UL><LI><a href="#[42]">&gt;&gt;</a>&nbsp;&nbsp;&nbsp;__main
</UL>

<P><STRONG><a name="[ba]"></a>__scatterload_rt2</STRONG> (Thumb, 44 bytes, Stack size unknown bytes, I:\HDDProgInstall\keil\ARM\ARMCLANG\Bin\..\lib\armlib\c_w.l(__scatter.o)(!!!scatter), UNUSED)
<BR><BR>[Calls]<UL><LI><a href="#[b9]">&gt;&gt;</a>&nbsp;&nbsp;&nbsp;__rt_entry
</UL>

<P><STRONG><a name="[373]"></a>__scatterload_rt2_thumb_only</STRONG> (Thumb, 0 bytes, Stack size unknown bytes, I:\HDDProgInstall\keil\ARM\ARMCLANG\Bin\..\lib\armlib\c_w.l(__scatter.o)(!!!scatter), UNUSED)

<P><STRONG><a name="[374]"></a>__scatterload_null</STRONG> (Thumb, 0 bytes, Stack size unknown bytes, I:\HDDProgInstall\keil\ARM\ARMCLANG\Bin\..\lib\armlib\c_w.l(__scatter.o)(!!!scatter), UNUSED)

<P><STRONG><a name="[bb]"></a>__scatterload_copy</STRONG> (Thumb, 26 bytes, Stack size unknown bytes, I:\HDDProgInstall\keil\ARM\ARMCLANG\Bin\..\lib\armlib\c_w.l(__scatter_copy.o)(!!handler_copy), UNUSED)
<BR><BR>[Calls]<UL><LI><a href="#[bb]">&gt;&gt;</a>&nbsp;&nbsp;&nbsp;__scatterload_copy
</UL>
<BR>[Called By]<UL><LI><a href="#[bb]">&gt;&gt;</a>&nbsp;&nbsp;&nbsp;__scatterload_copy
</UL>

<P><STRONG><a name="[375]"></a>__scatterload_zeroinit</STRONG> (Thumb, 28 bytes, Stack size unknown bytes, I:\HDDProgInstall\keil\ARM\ARMCLANG\Bin\..\lib\armlib\c_w.l(__scatter_zi.o)(!!handler_zi), UNUSED)

<P><STRONG><a name="[bc]"></a>_printf_n</STRONG> (Thumb, 0 bytes, Stack size unknown bytes, I:\HDDProgInstall\keil\ARM\ARMCLANG\Bin\..\lib\armlib\c_w.l(_printf_n.o)(.ARM.Collect$$_printf_percent$$00000001))
<BR><BR>[Calls]<UL><LI><a href="#[bd]">&gt;&gt;</a>&nbsp;&nbsp;&nbsp;_printf_charcount
</UL>

<P><STRONG><a name="[101]"></a>_printf_percent</STRONG> (Thumb, 0 bytes, Stack size unknown bytes, I:\HDDProgInstall\keil\ARM\ARMCLANG\Bin\..\lib\armlib\c_w.l(_printf_percent.o)(.ARM.Collect$$_printf_percent$$00000000))
<BR><BR>[Called By]<UL><LI><a href="#[ff]">&gt;&gt;</a>&nbsp;&nbsp;&nbsp;__printf
</UL>

<P><STRONG><a name="[be]"></a>_printf_p</STRONG> (Thumb, 0 bytes, Stack size unknown bytes, I:\HDDProgInstall\keil\ARM\ARMCLANG\Bin\..\lib\armlib\c_w.l(_printf_p.o)(.ARM.Collect$$_printf_percent$$00000002))
<BR><BR>[Stack]<UL><LI>Max Depth = 64 + Unknown Stack Size
<LI>Call Chain = _printf_p &rArr; _printf_hex_ptr &rArr; _printf_longlong_hex &rArr; _printf_int_common &rArr; _printf_post_padding
</UL>
<BR>[Calls]<UL><LI><a href="#[bf]">&gt;&gt;</a>&nbsp;&nbsp;&nbsp;_printf_hex_ptr
</UL>

<P><STRONG><a name="[c0]"></a>_printf_f</STRONG> (Thumb, 0 bytes, Stack size unknown bytes, I:\HDDProgInstall\keil\ARM\ARMCLANG\Bin\..\lib\armlib\c_w.l(_printf_f.o)(.ARM.Collect$$_printf_percent$$00000003))
<BR><BR>[Stack]<UL><LI>Max Depth = 324 + Unknown Stack Size
<LI>Call Chain = _printf_f &rArr; _printf_fp_dec &rArr; _printf_fp_dec_real &rArr; _fp_digits &rArr; _btod_etento &rArr; _btod_emul &rArr; _e2e
</UL>
<BR>[Calls]<UL><LI><a href="#[c1]">&gt;&gt;</a>&nbsp;&nbsp;&nbsp;_printf_fp_dec
</UL>

<P><STRONG><a name="[c2]"></a>_printf_e</STRONG> (Thumb, 0 bytes, Stack size unknown bytes, I:\HDDProgInstall\keil\ARM\ARMCLANG\Bin\..\lib\armlib\c_w.l(_printf_e.o)(.ARM.Collect$$_printf_percent$$00000004))
<BR><BR>[Stack]<UL><LI>Max Depth = 324 + Unknown Stack Size
<LI>Call Chain = _printf_e &rArr; _printf_fp_dec &rArr; _printf_fp_dec_real &rArr; _fp_digits &rArr; _btod_etento &rArr; _btod_emul &rArr; _e2e
</UL>
<BR>[Calls]<UL><LI><a href="#[c1]">&gt;&gt;</a>&nbsp;&nbsp;&nbsp;_printf_fp_dec
</UL>

<P><STRONG><a name="[c3]"></a>_printf_g</STRONG> (Thumb, 0 bytes, Stack size unknown bytes, I:\HDDProgInstall\keil\ARM\ARMCLANG\Bin\..\lib\armlib\c_w.l(_printf_g.o)(.ARM.Collect$$_printf_percent$$00000005))
<BR><BR>[Stack]<UL><LI>Max Depth = 324 + Unknown Stack Size
<LI>Call Chain = _printf_g &rArr; _printf_fp_dec &rArr; _printf_fp_dec_real &rArr; _fp_digits &rArr; _btod_etento &rArr; _btod_emul &rArr; _e2e
</UL>
<BR>[Calls]<UL><LI><a href="#[c1]">&gt;&gt;</a>&nbsp;&nbsp;&nbsp;_printf_fp_dec
</UL>

<P><STRONG><a name="[c4]"></a>_printf_a</STRONG> (Thumb, 0 bytes, Stack size unknown bytes, I:\HDDProgInstall\keil\ARM\ARMCLANG\Bin\..\lib\armlib\c_w.l(_printf_a.o)(.ARM.Collect$$_printf_percent$$00000006))
<BR><BR>[Stack]<UL><LI>Max Depth = 112 + Unknown Stack Size
<LI>Call Chain = _printf_a &rArr; _printf_fp_hex &rArr; _printf_fp_hex_real &rArr; _printf_fp_infnan &rArr; _printf_post_padding
</UL>
<BR>[Calls]<UL><LI><a href="#[c5]">&gt;&gt;</a>&nbsp;&nbsp;&nbsp;_printf_fp_hex
</UL>

<P><STRONG><a name="[376]"></a>_printf_ll</STRONG> (Thumb, 0 bytes, Stack size unknown bytes, I:\HDDProgInstall\keil\ARM\ARMCLANG\Bin\..\lib\armlib\c_w.l(_printf_ll.o)(.ARM.Collect$$_printf_percent$$00000007))

<P><STRONG><a name="[c6]"></a>_printf_i</STRONG> (Thumb, 0 bytes, Stack size unknown bytes, I:\HDDProgInstall\keil\ARM\ARMCLANG\Bin\..\lib\armlib\c_w.l(_printf_i.o)(.ARM.Collect$$_printf_percent$$00000008))
<BR><BR>[Stack]<UL><LI>Max Depth = 72 + Unknown Stack Size
<LI>Call Chain = _printf_i &rArr; _printf_int_dec &rArr; _printf_int_common &rArr; _printf_post_padding
</UL>
<BR>[Calls]<UL><LI><a href="#[c7]">&gt;&gt;</a>&nbsp;&nbsp;&nbsp;_printf_int_dec
</UL>

<P><STRONG><a name="[c8]"></a>_printf_d</STRONG> (Thumb, 0 bytes, Stack size unknown bytes, I:\HDDProgInstall\keil\ARM\ARMCLANG\Bin\..\lib\armlib\c_w.l(_printf_d.o)(.ARM.Collect$$_printf_percent$$00000009))
<BR><BR>[Stack]<UL><LI>Max Depth = 72 + Unknown Stack Size
<LI>Call Chain = _printf_d &rArr; _printf_int_dec &rArr; _printf_int_common &rArr; _printf_post_padding
</UL>
<BR>[Calls]<UL><LI><a href="#[c7]">&gt;&gt;</a>&nbsp;&nbsp;&nbsp;_printf_int_dec
</UL>

<P><STRONG><a name="[c9]"></a>_printf_u</STRONG> (Thumb, 0 bytes, Stack size unknown bytes, I:\HDDProgInstall\keil\ARM\ARMCLANG\Bin\..\lib\armlib\c_w.l(_printf_u.o)(.ARM.Collect$$_printf_percent$$0000000A))
<BR><BR>[Stack]<UL><LI>Max Depth = 72 + Unknown Stack Size
<LI>Call Chain = _printf_u &rArr; _printf_int_dec &rArr; _printf_int_common &rArr; _printf_post_padding
</UL>
<BR>[Calls]<UL><LI><a href="#[c7]">&gt;&gt;</a>&nbsp;&nbsp;&nbsp;_printf_int_dec
</UL>

<P><STRONG><a name="[ca]"></a>_printf_o</STRONG> (Thumb, 0 bytes, Stack size unknown bytes, I:\HDDProgInstall\keil\ARM\ARMCLANG\Bin\..\lib\armlib\c_w.l(_printf_o.o)(.ARM.Collect$$_printf_percent$$0000000B))
<BR><BR>[Stack]<UL><LI>Max Depth = 64 + Unknown Stack Size
<LI>Call Chain = _printf_o &rArr; _printf_int_oct &rArr; _printf_longlong_oct &rArr; _printf_int_common &rArr; _printf_post_padding
</UL>
<BR>[Calls]<UL><LI><a href="#[cb]">&gt;&gt;</a>&nbsp;&nbsp;&nbsp;_printf_int_oct
</UL>

<P><STRONG><a name="[cc]"></a>_printf_x</STRONG> (Thumb, 0 bytes, Stack size unknown bytes, I:\HDDProgInstall\keil\ARM\ARMCLANG\Bin\..\lib\armlib\c_w.l(_printf_x.o)(.ARM.Collect$$_printf_percent$$0000000C))
<BR><BR>[Stack]<UL><LI>Max Depth = 80 + Unknown Stack Size
<LI>Call Chain = _printf_x &rArr; _printf_int_hex &rArr; _printf_longlong_hex &rArr; _printf_int_common &rArr; _printf_post_padding
</UL>
<BR>[Calls]<UL><LI><a href="#[cd]">&gt;&gt;</a>&nbsp;&nbsp;&nbsp;_printf_int_hex
</UL>

<P><STRONG><a name="[ce]"></a>_printf_lli</STRONG> (Thumb, 0 bytes, Stack size unknown bytes, I:\HDDProgInstall\keil\ARM\ARMCLANG\Bin\..\lib\armlib\c_w.l(_printf_lli.o)(.ARM.Collect$$_printf_percent$$0000000D))
<BR><BR>[Stack]<UL><LI>Max Depth = 72 + Unknown Stack Size
<LI>Call Chain = _printf_lli &rArr; _printf_longlong_dec &rArr; _printf_int_common &rArr; _printf_post_padding
</UL>
<BR>[Calls]<UL><LI><a href="#[cf]">&gt;&gt;</a>&nbsp;&nbsp;&nbsp;_printf_longlong_dec
</UL>

<P><STRONG><a name="[d0]"></a>_printf_lld</STRONG> (Thumb, 0 bytes, Stack size unknown bytes, I:\HDDProgInstall\keil\ARM\ARMCLANG\Bin\..\lib\armlib\c_w.l(_printf_lld.o)(.ARM.Collect$$_printf_percent$$0000000E))
<BR><BR>[Stack]<UL><LI>Max Depth = 72 + Unknown Stack Size
<LI>Call Chain = _printf_lld &rArr; _printf_longlong_dec &rArr; _printf_int_common &rArr; _printf_post_padding
</UL>
<BR>[Calls]<UL><LI><a href="#[cf]">&gt;&gt;</a>&nbsp;&nbsp;&nbsp;_printf_longlong_dec
</UL>

<P><STRONG><a name="[d1]"></a>_printf_llu</STRONG> (Thumb, 0 bytes, Stack size unknown bytes, I:\HDDProgInstall\keil\ARM\ARMCLANG\Bin\..\lib\armlib\c_w.l(_printf_llu.o)(.ARM.Collect$$_printf_percent$$0000000F))
<BR><BR>[Stack]<UL><LI>Max Depth = 72 + Unknown Stack Size
<LI>Call Chain = _printf_llu &rArr; _printf_longlong_dec &rArr; _printf_int_common &rArr; _printf_post_padding
</UL>
<BR>[Calls]<UL><LI><a href="#[cf]">&gt;&gt;</a>&nbsp;&nbsp;&nbsp;_printf_longlong_dec
</UL>

<P><STRONG><a name="[d2]"></a>_printf_llo</STRONG> (Thumb, 0 bytes, Stack size unknown bytes, I:\HDDProgInstall\keil\ARM\ARMCLANG\Bin\..\lib\armlib\c_w.l(_printf_llo.o)(.ARM.Collect$$_printf_percent$$00000010))
<BR><BR>[Stack]<UL><LI>Max Depth = 56 + Unknown Stack Size
<LI>Call Chain = _printf_llo &rArr; _printf_ll_oct &rArr; _printf_longlong_oct &rArr; _printf_int_common &rArr; _printf_post_padding
</UL>
<BR>[Calls]<UL><LI><a href="#[d3]">&gt;&gt;</a>&nbsp;&nbsp;&nbsp;_printf_ll_oct
</UL>

<P><STRONG><a name="[d4]"></a>_printf_llx</STRONG> (Thumb, 0 bytes, Stack size unknown bytes, I:\HDDProgInstall\keil\ARM\ARMCLANG\Bin\..\lib\armlib\c_w.l(_printf_llx.o)(.ARM.Collect$$_printf_percent$$00000011))
<BR><BR>[Stack]<UL><LI>Max Depth = 64 + Unknown Stack Size
<LI>Call Chain = _printf_llx &rArr; _printf_ll_hex &rArr; _printf_longlong_hex &rArr; _printf_int_common &rArr; _printf_post_padding
</UL>
<BR>[Calls]<UL><LI><a href="#[d5]">&gt;&gt;</a>&nbsp;&nbsp;&nbsp;_printf_ll_hex
</UL>

<P><STRONG><a name="[377]"></a>_printf_l</STRONG> (Thumb, 0 bytes, Stack size unknown bytes, I:\HDDProgInstall\keil\ARM\ARMCLANG\Bin\..\lib\armlib\c_w.l(_printf_l.o)(.ARM.Collect$$_printf_percent$$00000012))

<P><STRONG><a name="[d6]"></a>_printf_c</STRONG> (Thumb, 0 bytes, Stack size unknown bytes, I:\HDDProgInstall\keil\ARM\ARMCLANG\Bin\..\lib\armlib\c_w.l(_printf_c.o)(.ARM.Collect$$_printf_percent$$00000013))
<BR><BR>[Stack]<UL><LI>Max Depth = 40 + Unknown Stack Size
<LI>Call Chain = _printf_c &rArr; _printf_char &rArr; _printf_cs_common &rArr; _printf_str &rArr; _printf_post_padding
</UL>
<BR>[Calls]<UL><LI><a href="#[d7]">&gt;&gt;</a>&nbsp;&nbsp;&nbsp;_printf_char
</UL>

<P><STRONG><a name="[d8]"></a>_printf_s</STRONG> (Thumb, 0 bytes, Stack size unknown bytes, I:\HDDProgInstall\keil\ARM\ARMCLANG\Bin\..\lib\armlib\c_w.l(_printf_s.o)(.ARM.Collect$$_printf_percent$$00000014))
<BR><BR>[Stack]<UL><LI>Max Depth = 40 + Unknown Stack Size
<LI>Call Chain = _printf_s &rArr; _printf_string &rArr; _printf_cs_common &rArr; _printf_str &rArr; _printf_post_padding
</UL>
<BR>[Calls]<UL><LI><a href="#[d9]">&gt;&gt;</a>&nbsp;&nbsp;&nbsp;_printf_string
</UL>

<P><STRONG><a name="[da]"></a>_printf_lc</STRONG> (Thumb, 0 bytes, Stack size unknown bytes, I:\HDDProgInstall\keil\ARM\ARMCLANG\Bin\..\lib\armlib\c_w.l(_printf_lc.o)(.ARM.Collect$$_printf_percent$$00000015))
<BR><BR>[Stack]<UL><LI>Max Depth = 88 + Unknown Stack Size
<LI>Call Chain = _printf_lc &rArr; _printf_wchar &rArr; _printf_lcs_common &rArr; _printf_wctomb &rArr; _wcrtomb
</UL>
<BR>[Calls]<UL><LI><a href="#[db]">&gt;&gt;</a>&nbsp;&nbsp;&nbsp;_printf_wchar
</UL>

<P><STRONG><a name="[dc]"></a>_printf_ls</STRONG> (Thumb, 0 bytes, Stack size unknown bytes, I:\HDDProgInstall\keil\ARM\ARMCLANG\Bin\..\lib\armlib\c_w.l(_printf_ls.o)(.ARM.Collect$$_printf_percent$$00000016))
<BR><BR>[Stack]<UL><LI>Max Depth = 88 + Unknown Stack Size
<LI>Call Chain = _printf_ls &rArr; _printf_wstring &rArr; _printf_lcs_common &rArr; _printf_wctomb &rArr; _wcrtomb
</UL>
<BR>[Calls]<UL><LI><a href="#[dd]">&gt;&gt;</a>&nbsp;&nbsp;&nbsp;_printf_wstring
</UL>

<P><STRONG><a name="[378]"></a>_printf_percent_end</STRONG> (Thumb, 0 bytes, Stack size unknown bytes, I:\HDDProgInstall\keil\ARM\ARMCLANG\Bin\..\lib\armlib\c_w.l(_printf_percent_end.o)(.ARM.Collect$$_printf_percent$$00000017))

<P><STRONG><a name="[33a]"></a>__rt_lib_init</STRONG> (Thumb, 0 bytes, Stack size unknown bytes, I:\HDDProgInstall\keil\ARM\ARMCLANG\Bin\..\lib\armlib\c_w.l(libinit.o)(.ARM.Collect$$libinit$$00000000))
<BR><BR>[Called By]<UL><LI><a href="#[63]">&gt;&gt;</a>&nbsp;&nbsp;&nbsp;pre_main
</UL>

<P><STRONG><a name="[379]"></a>__rt_lib_init_fp_1</STRONG> (Thumb, 0 bytes, Stack size unknown bytes, I:\HDDProgInstall\keil\ARM\ARMCLANG\Bin\..\lib\armlib\c_w.l(libinit2.o)(.ARM.Collect$$libinit$$00000002))

<P><STRONG><a name="[de]"></a>__rt_lib_init_heap_2</STRONG> (Thumb, 0 bytes, Stack size unknown bytes, I:\HDDProgInstall\keil\ARM\ARMCLANG\Bin\..\lib\armlib\c_w.l(libinit2.o)(.ARM.Collect$$libinit$$00000005))
<BR><BR>[Stack]<UL><LI>Max Depth = 168 + Unknown Stack Size
<LI>Call Chain = __rt_lib_init_heap_2 &rArr; _init_alloc &rArr; __Heap_Initialize &rArr; _mutex_initialize &rArr; malloc &rArr; malloc_internal$concurrent &rArr; __Heap_Full &rArr; __Heap_ProvideMemory &rArr; free_internal$concurrent &rArr; _mutex_acquire &rArr; osMutexAcquire &rArr; EvrRtxMutexError &rArr;  error (Cycle)
</UL>
<BR>[Calls]<UL><LI><a href="#[df]">&gt;&gt;</a>&nbsp;&nbsp;&nbsp;_init_alloc
</UL>

<P><STRONG><a name="[37a]"></a>__rt_lib_init_preinit_1</STRONG> (Thumb, 0 bytes, Stack size unknown bytes, I:\HDDProgInstall\keil\ARM\ARMCLANG\Bin\..\lib\armlib\c_w.l(libinit2.o)(.ARM.Collect$$libinit$$00000004))

<P><STRONG><a name="[37b]"></a>__rt_lib_init_heap_1</STRONG> (Thumb, 0 bytes, Stack size unknown bytes, I:\HDDProgInstall\keil\ARM\ARMCLANG\Bin\..\lib\armlib\c_w.l(libinit2.o)(.ARM.Collect$$libinit$$0000000A))

<P><STRONG><a name="[e0]"></a>__rt_lib_init_lc_common</STRONG> (Thumb, 0 bytes, Stack size unknown bytes, I:\HDDProgInstall\keil\ARM\ARMCLANG\Bin\..\lib\armlib\c_w.l(libinit2.o)(.ARM.Collect$$libinit$$0000000F))
<BR><BR>[Stack]<UL><LI>Max Depth = 8 + Unknown Stack Size
<LI>Call Chain = __rt_lib_init_lc_common &rArr; __rt_locale
</UL>
<BR>[Calls]<UL><LI><a href="#[e1]">&gt;&gt;</a>&nbsp;&nbsp;&nbsp;__rt_locale
</UL>

<P><STRONG><a name="[37c]"></a>__rt_lib_init_rand_1</STRONG> (Thumb, 0 bytes, Stack size unknown bytes, I:\HDDProgInstall\keil\ARM\ARMCLANG\Bin\..\lib\armlib\c_w.l(libinit2.o)(.ARM.Collect$$libinit$$0000000E))

<P><STRONG><a name="[37d]"></a>__rt_lib_init_user_alloc_1</STRONG> (Thumb, 0 bytes, Stack size unknown bytes, I:\HDDProgInstall\keil\ARM\ARMCLANG\Bin\..\lib\armlib\c_w.l(libinit2.o)(.ARM.Collect$$libinit$$0000000C))

<P><STRONG><a name="[37e]"></a>__rt_lib_init_lc_collate_1</STRONG> (Thumb, 0 bytes, Stack size unknown bytes, I:\HDDProgInstall\keil\ARM\ARMCLANG\Bin\..\lib\armlib\c_w.l(libinit2.o)(.ARM.Collect$$libinit$$00000011))

<P><STRONG><a name="[e2]"></a>__rt_lib_init_lc_ctype_2</STRONG> (Thumb, 0 bytes, Stack size unknown bytes, I:\HDDProgInstall\keil\ARM\ARMCLANG\Bin\..\lib\armlib\c_w.l(libinit2.o)(.ARM.Collect$$libinit$$00000012))
<BR><BR>[Stack]<UL><LI>Max Depth = 8 + Unknown Stack Size
<LI>Call Chain = __rt_lib_init_lc_ctype_2 &rArr; _get_lc_ctype
</UL>
<BR>[Calls]<UL><LI><a href="#[43]">&gt;&gt;</a>&nbsp;&nbsp;&nbsp;_get_lc_ctype
</UL>

<P><STRONG><a name="[37f]"></a>__rt_lib_init_lc_ctype_1</STRONG> (Thumb, 0 bytes, Stack size unknown bytes, I:\HDDProgInstall\keil\ARM\ARMCLANG\Bin\..\lib\armlib\c_w.l(libinit2.o)(.ARM.Collect$$libinit$$00000013))

<P><STRONG><a name="[380]"></a>__rt_lib_init_lc_monetary_1</STRONG> (Thumb, 0 bytes, Stack size unknown bytes, I:\HDDProgInstall\keil\ARM\ARMCLANG\Bin\..\lib\armlib\c_w.l(libinit2.o)(.ARM.Collect$$libinit$$00000015))

<P><STRONG><a name="[e3]"></a>__rt_lib_init_lc_numeric_2</STRONG> (Thumb, 0 bytes, Stack size unknown bytes, I:\HDDProgInstall\keil\ARM\ARMCLANG\Bin\..\lib\armlib\c_w.l(libinit2.o)(.ARM.Collect$$libinit$$00000016))
<BR><BR>[Stack]<UL><LI>Max Depth = 8 + Unknown Stack Size
<LI>Call Chain = __rt_lib_init_lc_numeric_2 &rArr; _get_lc_numeric
</UL>
<BR>[Calls]<UL><LI><a href="#[e4]">&gt;&gt;</a>&nbsp;&nbsp;&nbsp;_get_lc_numeric
</UL>

<P><STRONG><a name="[381]"></a>__rt_lib_init_atexit_1</STRONG> (Thumb, 0 bytes, Stack size unknown bytes, I:\HDDProgInstall\keil\ARM\ARMCLANG\Bin\..\lib\armlib\c_w.l(libinit2.o)(.ARM.Collect$$libinit$$0000001B))

<P><STRONG><a name="[382]"></a>__rt_lib_init_clock_1</STRONG> (Thumb, 0 bytes, Stack size unknown bytes, I:\HDDProgInstall\keil\ARM\ARMCLANG\Bin\..\lib\armlib\c_w.l(libinit2.o)(.ARM.Collect$$libinit$$00000021))

<P><STRONG><a name="[383]"></a>__rt_lib_init_fp_trap_1</STRONG> (Thumb, 0 bytes, Stack size unknown bytes, I:\HDDProgInstall\keil\ARM\ARMCLANG\Bin\..\lib\armlib\c_w.l(libinit2.o)(.ARM.Collect$$libinit$$0000001F))

<P><STRONG><a name="[384]"></a>__rt_lib_init_getenv_1</STRONG> (Thumb, 0 bytes, Stack size unknown bytes, I:\HDDProgInstall\keil\ARM\ARMCLANG\Bin\..\lib\armlib\c_w.l(libinit2.o)(.ARM.Collect$$libinit$$00000023))

<P><STRONG><a name="[385]"></a>__rt_lib_init_lc_numeric_1</STRONG> (Thumb, 0 bytes, Stack size unknown bytes, I:\HDDProgInstall\keil\ARM\ARMCLANG\Bin\..\lib\armlib\c_w.l(libinit2.o)(.ARM.Collect$$libinit$$00000017))

<P><STRONG><a name="[386]"></a>__rt_lib_init_lc_time_1</STRONG> (Thumb, 0 bytes, Stack size unknown bytes, I:\HDDProgInstall\keil\ARM\ARMCLANG\Bin\..\lib\armlib\c_w.l(libinit2.o)(.ARM.Collect$$libinit$$00000019))

<P><STRONG><a name="[387]"></a>__rt_lib_init_signal_1</STRONG> (Thumb, 0 bytes, Stack size unknown bytes, I:\HDDProgInstall\keil\ARM\ARMCLANG\Bin\..\lib\armlib\c_w.l(libinit2.o)(.ARM.Collect$$libinit$$0000001D))

<P><STRONG><a name="[e5]"></a>__rt_lib_init_stdio_2</STRONG> (Thumb, 0 bytes, Stack size unknown bytes, I:\HDDProgInstall\keil\ARM\ARMCLANG\Bin\..\lib\armlib\c_w.l(libinit2.o)(.ARM.Collect$$libinit$$00000024))
<BR><BR>[Stack]<UL><LI>Max Depth = 432 + Unknown Stack Size
<LI>Call Chain = __rt_lib_init_stdio_2 &rArr; _initio &rArr; freopen &rArr; _freopen_locked &rArr; _fclose_internal &rArr; _fflush &rArr; _writebuf &rArr; _sys_write &rArr;  error (Cycle)
</UL>
<BR>[Calls]<UL><LI><a href="#[e6]">&gt;&gt;</a>&nbsp;&nbsp;&nbsp;_initio
</UL>

<P><STRONG><a name="[388]"></a>__rt_lib_init_alloca_1</STRONG> (Thumb, 0 bytes, Stack size unknown bytes, I:\HDDProgInstall\keil\ARM\ARMCLANG\Bin\..\lib\armlib\c_w.l(libinit2.o)(.ARM.Collect$$libinit$$0000002E))

<P><STRONG><a name="[389]"></a>__rt_lib_init_argv_1</STRONG> (Thumb, 0 bytes, Stack size unknown bytes, I:\HDDProgInstall\keil\ARM\ARMCLANG\Bin\..\lib\armlib\c_w.l(libinit2.o)(.ARM.Collect$$libinit$$0000002C))

<P><STRONG><a name="[e7]"></a>__rt_lib_init_cpp_2</STRONG> (Thumb, 0 bytes, Stack size unknown bytes, I:\HDDProgInstall\keil\ARM\ARMCLANG\Bin\..\lib\armlib\c_w.l(libinit2.o)(.ARM.Collect$$libinit$$00000031))
<BR><BR>[Stack]<UL><LI>Max Depth = 16 + Unknown Stack Size
<LI>Call Chain = __rt_lib_init_cpp_2 &rArr; __cpp_initialize__aeabi_
</UL>
<BR>[Calls]<UL><LI><a href="#[b7]">&gt;&gt;</a>&nbsp;&nbsp;&nbsp;__cpp_initialize__aeabi_
</UL>

<P><STRONG><a name="[38a]"></a>__rt_lib_init_exceptions_1</STRONG> (Thumb, 0 bytes, Stack size unknown bytes, I:\HDDProgInstall\keil\ARM\ARMCLANG\Bin\..\lib\armlib\c_w.l(libinit2.o)(.ARM.Collect$$libinit$$00000030))

<P><STRONG><a name="[38b]"></a>__rt_lib_init_stdio_1</STRONG> (Thumb, 0 bytes, Stack size unknown bytes, I:\HDDProgInstall\keil\ARM\ARMCLANG\Bin\..\lib\armlib\c_w.l(libinit2.o)(.ARM.Collect$$libinit$$00000025))

<P><STRONG><a name="[38c]"></a>__rt_lib_init_cpp_1</STRONG> (Thumb, 0 bytes, Stack size unknown bytes, I:\HDDProgInstall\keil\ARM\ARMCLANG\Bin\..\lib\armlib\c_w.l(libinit2.o)(.ARM.Collect$$libinit$$00000032))

<P><STRONG><a name="[38d]"></a>__rt_lib_init_return</STRONG> (Thumb, 0 bytes, Stack size unknown bytes, I:\HDDProgInstall\keil\ARM\ARMCLANG\Bin\..\lib\armlib\c_w.l(libinit2.o)(.ARM.Collect$$libinit$$00000033))

<P><STRONG><a name="[6]"></a>SVC_Handler</STRONG> (Thumb, 96 bytes, Stack size 0 bytes, .\build\irq_cm3.o(.text))
<BR>[Address Reference Count : 1]<UL><LI> startup_stm32l152xe.o(RESET)
</UL>
<P><STRONG><a name="[38e]"></a>__rt_lib_shutdown_heap_2</STRONG> (Thumb, 0 bytes, Stack size 0 bytes, I:\HDDProgInstall\keil\ARM\ARMCLANG\Bin\..\lib\armlib\c_w.l(libshutdown2.o)(.ARM.Collect$$libshutdown$$0000000F))

<P><STRONG><a name="[38f]"></a>__rt_lib_shutdown_stdio_2</STRONG> (Thumb, 0 bytes, Stack size 0 bytes, I:\HDDProgInstall\keil\ARM\ARMCLANG\Bin\..\lib\armlib\c_w.l(libshutdown2.o)(.ARM.Collect$$libshutdown$$00000004))

<P><STRONG><a name="[8]"></a>PendSV_Handler</STRONG> (Thumb, 16 bytes, Stack size 0 bytes, .\build\irq_cm3.o(.text))
<BR><BR>[Stack]<UL><LI>Max Depth = 48<LI>Call Chain = PendSV_Handler &rArr; osRtxPendSV_Handler &rArr; osRtxThreadDispatch &rArr; osRtxThreadSwitch &rArr; osRtxThreadStackCheck &rArr; osRtxErrorNotify &rArr;  error (Cycle)
</UL>
<BR>[Calls]<UL><LI><a href="#[e8]">&gt;&gt;</a>&nbsp;&nbsp;&nbsp;osRtxPendSV_Handler
</UL>
<BR>[Address Reference Count : 1]<UL><LI> startup_stm32l152xe.o(RESET)
</UL>
<P><STRONG><a name="[9]"></a>SysTick_Handler</STRONG> (Thumb, 16 bytes, Stack size 0 bytes, .\build\irq_cm3.o(.text))
<BR><BR>[Stack]<UL><LI>Max Depth = 56<LI>Call Chain = SysTick_Handler &rArr; osRtxTick_Handler &rArr; osRtxThreadDispatch &rArr; osRtxThreadSwitch &rArr; osRtxThreadStackCheck &rArr; osRtxErrorNotify &rArr;  error (Cycle)
</UL>
<BR>[Calls]<UL><LI><a href="#[e9]">&gt;&gt;</a>&nbsp;&nbsp;&nbsp;osRtxTick_Handler
</UL>
<BR>[Address Reference Count : 2]<UL><LI> rtx_kernel.o(.text.svcRtxKernelStart)
<LI> startup_stm32l152xe.o(RESET)
</UL>
<P><STRONG><a name="[0]"></a>Reset_Handler</STRONG> (Thumb, 8 bytes, Stack size 0 bytes, .\build\startup_stm32l152xe.o(.text))
<BR>[Address Reference Count : 1]<UL><LI> startup_stm32l152xe.o(RESET)
</UL>
<P><STRONG><a name="[1]"></a>NMI_Handler</STRONG> (Thumb, 2 bytes, Stack size 0 bytes, .\build\startup_stm32l152xe.o(.text))
<BR><BR>[Calls]<UL><LI><a href="#[1]">&gt;&gt;</a>&nbsp;&nbsp;&nbsp;NMI_Handler
</UL>
<BR>[Called By]<UL><LI><a href="#[1]">&gt;&gt;</a>&nbsp;&nbsp;&nbsp;NMI_Handler
</UL>
<BR>[Address Reference Count : 1]<UL><LI> startup_stm32l152xe.o(RESET)
</UL>
<P><STRONG><a name="[2]"></a>HardFault_Handler</STRONG> (Thumb, 2 bytes, Stack size 0 bytes, .\build\startup_stm32l152xe.o(.text))
<BR><BR>[Calls]<UL><LI><a href="#[2]">&gt;&gt;</a>&nbsp;&nbsp;&nbsp;HardFault_Handler
</UL>
<BR>[Called By]<UL><LI><a href="#[2]">&gt;&gt;</a>&nbsp;&nbsp;&nbsp;HardFault_Handler
</UL>
<BR>[Address Reference Count : 1]<UL><LI> startup_stm32l152xe.o(RESET)
</UL>
<P><STRONG><a name="[3]"></a>MemManage_Handler</STRONG> (Thumb, 2 bytes, Stack size 0 bytes, .\build\startup_stm32l152xe.o(.text))
<BR><BR>[Calls]<UL><LI><a href="#[3]">&gt;&gt;</a>&nbsp;&nbsp;&nbsp;MemManage_Handler
</UL>
<BR>[Called By]<UL><LI><a href="#[3]">&gt;&gt;</a>&nbsp;&nbsp;&nbsp;MemManage_Handler
</UL>
<BR>[Address Reference Count : 1]<UL><LI> startup_stm32l152xe.o(RESET)
</UL>
<P><STRONG><a name="[4]"></a>BusFault_Handler</STRONG> (Thumb, 2 bytes, Stack size 0 bytes, .\build\startup_stm32l152xe.o(.text))
<BR><BR>[Calls]<UL><LI><a href="#[4]">&gt;&gt;</a>&nbsp;&nbsp;&nbsp;BusFault_Handler
</UL>
<BR>[Called By]<UL><LI><a href="#[4]">&gt;&gt;</a>&nbsp;&nbsp;&nbsp;BusFault_Handler
</UL>
<BR>[Address Reference Count : 1]<UL><LI> startup_stm32l152xe.o(RESET)
</UL>
<P><STRONG><a name="[5]"></a>UsageFault_Handler</STRONG> (Thumb, 2 bytes, Stack size 0 bytes, .\build\startup_stm32l152xe.o(.text))
<BR><BR>[Calls]<UL><LI><a href="#[5]">&gt;&gt;</a>&nbsp;&nbsp;&nbsp;UsageFault_Handler
</UL>
<BR>[Called By]<UL><LI><a href="#[5]">&gt;&gt;</a>&nbsp;&nbsp;&nbsp;UsageFault_Handler
</UL>
<BR>[Address Reference Count : 1]<UL><LI> startup_stm32l152xe.o(RESET)
</UL>
<P><STRONG><a name="[7]"></a>DebugMon_Handler</STRONG> (Thumb, 2 bytes, Stack size 0 bytes, .\build\startup_stm32l152xe.o(.text))
<BR><BR>[Calls]<UL><LI><a href="#[7]">&gt;&gt;</a>&nbsp;&nbsp;&nbsp;DebugMon_Handler
</UL>
<BR>[Called By]<UL><LI><a href="#[7]">&gt;&gt;</a>&nbsp;&nbsp;&nbsp;DebugMon_Handler
</UL>
<BR>[Address Reference Count : 1]<UL><LI> startup_stm32l152xe.o(RESET)
</UL>
<P><STRONG><a name="[1c]"></a>ADC1_IRQHandler</STRONG> (Thumb, 0 bytes, Stack size 0 bytes, .\build\startup_stm32l152xe.o(.text))
<BR><BR>[Calls]<UL><LI><a href="#[1c]">&gt;&gt;</a>&nbsp;&nbsp;&nbsp;ADC1_IRQHandler
</UL>
<BR>[Called By]<UL><LI><a href="#[1c]">&gt;&gt;</a>&nbsp;&nbsp;&nbsp;ADC1_IRQHandler
</UL>
<BR>[Address Reference Count : 1]<UL><LI> startup_stm32l152xe.o(RESET)
</UL>
<P><STRONG><a name="[40]"></a>COMP_ACQ_IRQHandler</STRONG> (Thumb, 0 bytes, Stack size 0 bytes, .\build\startup_stm32l152xe.o(.text))
<BR>[Address Reference Count : 1]<UL><LI> startup_stm32l152xe.o(RESET)
</UL>
<P><STRONG><a name="[20]"></a>COMP_IRQHandler</STRONG> (Thumb, 0 bytes, Stack size 0 bytes, .\build\startup_stm32l152xe.o(.text))
<BR>[Address Reference Count : 1]<UL><LI> startup_stm32l152xe.o(RESET)
</UL>
<P><STRONG><a name="[1f]"></a>DAC_IRQHandler</STRONG> (Thumb, 0 bytes, Stack size 0 bytes, .\build\startup_stm32l152xe.o(.text))
<BR>[Address Reference Count : 1]<UL><LI> startup_stm32l152xe.o(RESET)
</UL>
<P><STRONG><a name="[15]"></a>DMA1_Channel1_IRQHandler</STRONG> (Thumb, 0 bytes, Stack size 0 bytes, .\build\startup_stm32l152xe.o(.text))
<BR>[Address Reference Count : 1]<UL><LI> startup_stm32l152xe.o(RESET)
</UL>
<P><STRONG><a name="[16]"></a>DMA1_Channel2_IRQHandler</STRONG> (Thumb, 0 bytes, Stack size 0 bytes, .\build\startup_stm32l152xe.o(.text))
<BR>[Address Reference Count : 1]<UL><LI> startup_stm32l152xe.o(RESET)
</UL>
<P><STRONG><a name="[17]"></a>DMA1_Channel3_IRQHandler</STRONG> (Thumb, 0 bytes, Stack size 0 bytes, .\build\startup_stm32l152xe.o(.text))
<BR>[Address Reference Count : 1]<UL><LI> startup_stm32l152xe.o(RESET)
</UL>
<P><STRONG><a name="[18]"></a>DMA1_Channel4_IRQHandler</STRONG> (Thumb, 0 bytes, Stack size 0 bytes, .\build\startup_stm32l152xe.o(.text))
<BR>[Address Reference Count : 1]<UL><LI> startup_stm32l152xe.o(RESET)
</UL>
<P><STRONG><a name="[19]"></a>DMA1_Channel5_IRQHandler</STRONG> (Thumb, 0 bytes, Stack size 0 bytes, .\build\startup_stm32l152xe.o(.text))
<BR>[Address Reference Count : 1]<UL><LI> startup_stm32l152xe.o(RESET)
</UL>
<P><STRONG><a name="[1a]"></a>DMA1_Channel6_IRQHandler</STRONG> (Thumb, 0 bytes, Stack size 0 bytes, .\build\startup_stm32l152xe.o(.text))
<BR>[Address Reference Count : 1]<UL><LI> startup_stm32l152xe.o(RESET)
</UL>
<P><STRONG><a name="[1b]"></a>DMA1_Channel7_IRQHandler</STRONG> (Thumb, 0 bytes, Stack size 0 bytes, .\build\startup_stm32l152xe.o(.text))
<BR>[Address Reference Count : 1]<UL><LI> startup_stm32l152xe.o(RESET)
</UL>
<P><STRONG><a name="[3b]"></a>DMA2_Channel1_IRQHandler</STRONG> (Thumb, 0 bytes, Stack size 0 bytes, .\build\startup_stm32l152xe.o(.text))
<BR>[Address Reference Count : 1]<UL><LI> startup_stm32l152xe.o(RESET)
</UL>
<P><STRONG><a name="[3c]"></a>DMA2_Channel2_IRQHandler</STRONG> (Thumb, 0 bytes, Stack size 0 bytes, .\build\startup_stm32l152xe.o(.text))
<BR>[Address Reference Count : 1]<UL><LI> startup_stm32l152xe.o(RESET)
</UL>
<P><STRONG><a name="[3d]"></a>DMA2_Channel3_IRQHandler</STRONG> (Thumb, 0 bytes, Stack size 0 bytes, .\build\startup_stm32l152xe.o(.text))
<BR>[Address Reference Count : 1]<UL><LI> startup_stm32l152xe.o(RESET)
</UL>
<P><STRONG><a name="[3e]"></a>DMA2_Channel4_IRQHandler</STRONG> (Thumb, 0 bytes, Stack size 0 bytes, .\build\startup_stm32l152xe.o(.text))
<BR>[Address Reference Count : 1]<UL><LI> startup_stm32l152xe.o(RESET)
</UL>
<P><STRONG><a name="[3f]"></a>DMA2_Channel5_IRQHandler</STRONG> (Thumb, 0 bytes, Stack size 0 bytes, .\build\startup_stm32l152xe.o(.text))
<BR>[Address Reference Count : 1]<UL><LI> startup_stm32l152xe.o(RESET)
</UL>
<P><STRONG><a name="[10]"></a>EXTI0_IRQHandler</STRONG> (Thumb, 0 bytes, Stack size 0 bytes, .\build\startup_stm32l152xe.o(.text))
<BR>[Address Reference Count : 1]<UL><LI> startup_stm32l152xe.o(RESET)
</UL>
<P><STRONG><a name="[32]"></a>EXTI15_10_IRQHandler</STRONG> (Thumb, 0 bytes, Stack size 0 bytes, .\build\startup_stm32l152xe.o(.text))
<BR>[Address Reference Count : 1]<UL><LI> startup_stm32l152xe.o(RESET)
</UL>
<P><STRONG><a name="[11]"></a>EXTI1_IRQHandler</STRONG> (Thumb, 0 bytes, Stack size 0 bytes, .\build\startup_stm32l152xe.o(.text))
<BR>[Address Reference Count : 1]<UL><LI> startup_stm32l152xe.o(RESET)
</UL>
<P><STRONG><a name="[12]"></a>EXTI2_IRQHandler</STRONG> (Thumb, 0 bytes, Stack size 0 bytes, .\build\startup_stm32l152xe.o(.text))
<BR>[Address Reference Count : 1]<UL><LI> startup_stm32l152xe.o(RESET)
</UL>
<P><STRONG><a name="[13]"></a>EXTI3_IRQHandler</STRONG> (Thumb, 0 bytes, Stack size 0 bytes, .\build\startup_stm32l152xe.o(.text))
<BR>[Address Reference Count : 1]<UL><LI> startup_stm32l152xe.o(RESET)
</UL>
<P><STRONG><a name="[14]"></a>EXTI4_IRQHandler</STRONG> (Thumb, 0 bytes, Stack size 0 bytes, .\build\startup_stm32l152xe.o(.text))
<BR>[Address Reference Count : 1]<UL><LI> startup_stm32l152xe.o(RESET)
</UL>
<P><STRONG><a name="[21]"></a>EXTI9_5_IRQHandler</STRONG> (Thumb, 0 bytes, Stack size 0 bytes, .\build\startup_stm32l152xe.o(.text))
<BR>[Address Reference Count : 1]<UL><LI> startup_stm32l152xe.o(RESET)
</UL>
<P><STRONG><a name="[e]"></a>FLASH_IRQHandler</STRONG> (Thumb, 0 bytes, Stack size 0 bytes, .\build\startup_stm32l152xe.o(.text))
<BR>[Address Reference Count : 1]<UL><LI> startup_stm32l152xe.o(RESET)
</UL>
<P><STRONG><a name="[2a]"></a>I2C1_ER_IRQHandler</STRONG> (Thumb, 0 bytes, Stack size 0 bytes, .\build\startup_stm32l152xe.o(.text))
<BR>[Address Reference Count : 1]<UL><LI> startup_stm32l152xe.o(RESET)
</UL>
<P><STRONG><a name="[29]"></a>I2C1_EV_IRQHandler</STRONG> (Thumb, 0 bytes, Stack size 0 bytes, .\build\startup_stm32l152xe.o(.text))
<BR>[Address Reference Count : 1]<UL><LI> startup_stm32l152xe.o(RESET)
</UL>
<P><STRONG><a name="[2c]"></a>I2C2_ER_IRQHandler</STRONG> (Thumb, 0 bytes, Stack size 0 bytes, .\build\startup_stm32l152xe.o(.text))
<BR>[Address Reference Count : 1]<UL><LI> startup_stm32l152xe.o(RESET)
</UL>
<P><STRONG><a name="[2b]"></a>I2C2_EV_IRQHandler</STRONG> (Thumb, 0 bytes, Stack size 0 bytes, .\build\startup_stm32l152xe.o(.text))
<BR>[Address Reference Count : 1]<UL><LI> startup_stm32l152xe.o(RESET)
</UL>
<P><STRONG><a name="[22]"></a>LCD_IRQHandler</STRONG> (Thumb, 0 bytes, Stack size 0 bytes, .\build\startup_stm32l152xe.o(.text))
<BR>[Address Reference Count : 1]<UL><LI> startup_stm32l152xe.o(RESET)
</UL>
<P><STRONG><a name="[b]"></a>PVD_IRQHandler</STRONG> (Thumb, 0 bytes, Stack size 0 bytes, .\build\startup_stm32l152xe.o(.text))
<BR>[Address Reference Count : 1]<UL><LI> startup_stm32l152xe.o(RESET)
</UL>
<P><STRONG><a name="[f]"></a>RCC_IRQHandler</STRONG> (Thumb, 0 bytes, Stack size 0 bytes, .\build\startup_stm32l152xe.o(.text))
<BR>[Address Reference Count : 1]<UL><LI> startup_stm32l152xe.o(RESET)
</UL>
<P><STRONG><a name="[33]"></a>RTC_Alarm_IRQHandler</STRONG> (Thumb, 0 bytes, Stack size 0 bytes, .\build\startup_stm32l152xe.o(.text))
<BR>[Address Reference Count : 1]<UL><LI> startup_stm32l152xe.o(RESET)
</UL>
<P><STRONG><a name="[d]"></a>RTC_WKUP_IRQHandler</STRONG> (Thumb, 0 bytes, Stack size 0 bytes, .\build\startup_stm32l152xe.o(.text))
<BR>[Address Reference Count : 1]<UL><LI> startup_stm32l152xe.o(RESET)
</UL>
<P><STRONG><a name="[2d]"></a>SPI1_IRQHandler</STRONG> (Thumb, 0 bytes, Stack size 0 bytes, .\build\startup_stm32l152xe.o(.text))
<BR>[Address Reference Count : 1]<UL><LI> startup_stm32l152xe.o(RESET)
</UL>
<P><STRONG><a name="[2e]"></a>SPI2_IRQHandler</STRONG> (Thumb, 0 bytes, Stack size 0 bytes, .\build\startup_stm32l152xe.o(.text))
<BR>[Address Reference Count : 1]<UL><LI> startup_stm32l152xe.o(RESET)
</UL>
<P><STRONG><a name="[38]"></a>SPI3_IRQHandler</STRONG> (Thumb, 0 bytes, Stack size 0 bytes, .\build\startup_stm32l152xe.o(.text))
<BR>[Address Reference Count : 1]<UL><LI> startup_stm32l152xe.o(RESET)
</UL>
<P><STRONG><a name="[c]"></a>TAMPER_STAMP_IRQHandler</STRONG> (Thumb, 0 bytes, Stack size 0 bytes, .\build\startup_stm32l152xe.o(.text))
<BR>[Address Reference Count : 1]<UL><LI> startup_stm32l152xe.o(RESET)
</UL>
<P><STRONG><a name="[24]"></a>TIM10_IRQHandler</STRONG> (Thumb, 0 bytes, Stack size 0 bytes, .\build\startup_stm32l152xe.o(.text))
<BR>[Address Reference Count : 1]<UL><LI> startup_stm32l152xe.o(RESET)
</UL>
<P><STRONG><a name="[25]"></a>TIM11_IRQHandler</STRONG> (Thumb, 0 bytes, Stack size 0 bytes, .\build\startup_stm32l152xe.o(.text))
<BR>[Address Reference Count : 1]<UL><LI> startup_stm32l152xe.o(RESET)
</UL>
<P><STRONG><a name="[26]"></a>TIM2_IRQHandler</STRONG> (Thumb, 0 bytes, Stack size 0 bytes, .\build\startup_stm32l152xe.o(.text))
<BR>[Address Reference Count : 1]<UL><LI> startup_stm32l152xe.o(RESET)
</UL>
<P><STRONG><a name="[27]"></a>TIM3_IRQHandler</STRONG> (Thumb, 0 bytes, Stack size 0 bytes, .\build\startup_stm32l152xe.o(.text))
<BR>[Address Reference Count : 1]<UL><LI> startup_stm32l152xe.o(RESET)
</UL>
<P><STRONG><a name="[28]"></a>TIM4_IRQHandler</STRONG> (Thumb, 0 bytes, Stack size 0 bytes, .\build\startup_stm32l152xe.o(.text))
<BR>[Address Reference Count : 1]<UL><LI> startup_stm32l152xe.o(RESET)
</UL>
<P><STRONG><a name="[37]"></a>TIM5_IRQHandler</STRONG> (Thumb, 0 bytes, Stack size 0 bytes, .\build\startup_stm32l152xe.o(.text))
<BR>[Address Reference Count : 1]<UL><LI> startup_stm32l152xe.o(RESET)
</UL>
<P><STRONG><a name="[35]"></a>TIM6_IRQHandler</STRONG> (Thumb, 0 bytes, Stack size 0 bytes, .\build\startup_stm32l152xe.o(.text))
<BR>[Address Reference Count : 1]<UL><LI> startup_stm32l152xe.o(RESET)
</UL>
<P><STRONG><a name="[36]"></a>TIM7_IRQHandler</STRONG> (Thumb, 0 bytes, Stack size 0 bytes, .\build\startup_stm32l152xe.o(.text))
<BR>[Address Reference Count : 1]<UL><LI> startup_stm32l152xe.o(RESET)
</UL>
<P><STRONG><a name="[23]"></a>TIM9_IRQHandler</STRONG> (Thumb, 0 bytes, Stack size 0 bytes, .\build\startup_stm32l152xe.o(.text))
<BR>[Address Reference Count : 1]<UL><LI> startup_stm32l152xe.o(RESET)
</UL>
<P><STRONG><a name="[39]"></a>UART4_IRQHandler</STRONG> (Thumb, 0 bytes, Stack size 0 bytes, .\build\startup_stm32l152xe.o(.text))
<BR>[Address Reference Count : 1]<UL><LI> startup_stm32l152xe.o(RESET)
</UL>
<P><STRONG><a name="[3a]"></a>UART5_IRQHandler</STRONG> (Thumb, 0 bytes, Stack size 0 bytes, .\build\startup_stm32l152xe.o(.text))
<BR>[Address Reference Count : 1]<UL><LI> startup_stm32l152xe.o(RESET)
</UL>
<P><STRONG><a name="[2f]"></a>USART1_IRQHandler</STRONG> (Thumb, 0 bytes, Stack size 0 bytes, .\build\startup_stm32l152xe.o(.text))
<BR>[Address Reference Count : 1]<UL><LI> startup_stm32l152xe.o(RESET)
</UL>
<P><STRONG><a name="[30]"></a>USART2_IRQHandler</STRONG> (Thumb, 0 bytes, Stack size 0 bytes, .\build\startup_stm32l152xe.o(.text))
<BR>[Address Reference Count : 1]<UL><LI> startup_stm32l152xe.o(RESET)
</UL>
<P><STRONG><a name="[31]"></a>USART3_IRQHandler</STRONG> (Thumb, 0 bytes, Stack size 0 bytes, .\build\startup_stm32l152xe.o(.text))
<BR>[Address Reference Count : 1]<UL><LI> startup_stm32l152xe.o(RESET)
</UL>
<P><STRONG><a name="[34]"></a>USB_FS_WKUP_IRQHandler</STRONG> (Thumb, 0 bytes, Stack size 0 bytes, .\build\startup_stm32l152xe.o(.text))
<BR>[Address Reference Count : 1]<UL><LI> startup_stm32l152xe.o(RESET)
</UL>
<P><STRONG><a name="[1d]"></a>USB_HP_IRQHandler</STRONG> (Thumb, 0 bytes, Stack size 0 bytes, .\build\startup_stm32l152xe.o(.text))
<BR>[Address Reference Count : 1]<UL><LI> startup_stm32l152xe.o(RESET)
</UL>
<P><STRONG><a name="[1e]"></a>USB_LP_IRQHandler</STRONG> (Thumb, 0 bytes, Stack size 0 bytes, .\build\startup_stm32l152xe.o(.text))
<BR>[Address Reference Count : 1]<UL><LI> startup_stm32l152xe.o(RESET)
</UL>
<P><STRONG><a name="[a]"></a>WWDG_IRQHandler</STRONG> (Thumb, 0 bytes, Stack size 0 bytes, .\build\startup_stm32l152xe.o(.text))
<BR>[Address Reference Count : 1]<UL><LI> startup_stm32l152xe.o(RESET)
</UL>
<P><STRONG><a name="[390]"></a>__use_no_semihosting</STRONG> (Thumb, 2 bytes, Stack size 0 bytes, I:\HDDProgInstall\keil\ARM\ARMCLANG\Bin\..\lib\armlib\c_w.l(use_no_semi_2.o)(.text), UNUSED)

<P><STRONG><a name="[ea]"></a>__rt_ctype_table</STRONG> (Thumb, 16 bytes, Stack size 8 bytes, I:\HDDProgInstall\keil\ARM\ARMCLANG\Bin\..\lib\armlib\c_w.l(rt_ctype_table.o)(.text))
<BR><BR>[Stack]<UL><LI>Max Depth = 16<LI>Call Chain = __rt_ctype_table &rArr; __rt_locale
</UL>
<BR>[Calls]<UL><LI><a href="#[e1]">&gt;&gt;</a>&nbsp;&nbsp;&nbsp;__rt_locale
</UL>
<BR>[Called By]<UL><LI><a href="#[144]">&gt;&gt;</a>&nbsp;&nbsp;&nbsp;_c16rtomb
<LI><a href="#[135]">&gt;&gt;</a>&nbsp;&nbsp;&nbsp;_mbrtoc16
<LI><a href="#[105]">&gt;&gt;</a>&nbsp;&nbsp;&nbsp;strtol
</UL>

<P><STRONG><a name="[eb]"></a>__aeabi_errno_addr</STRONG> (Thumb, 4 bytes, Stack size 0 bytes, I:\HDDProgInstall\keil\ARM\ARMCLANG\Bin\..\lib\armlib\c_w.l(rt_errno_addr_twolibspace.o)(.text))
<BR><BR>[Stack]<UL><LI>Max Depth = 40<LI>Call Chain = __aeabi_errno_addr &rArr; __user_perthread_libspace &rArr; os_kernel_is_active &rArr; osKernelGetState &rArr; svcRtxKernelGetState
</UL>
<BR>[Calls]<UL><LI><a href="#[ec]">&gt;&gt;</a>&nbsp;&nbsp;&nbsp;__user_perthread_libspace
</UL>
<BR>[Called By]<UL><LI><a href="#[1d4]">&gt;&gt;</a>&nbsp;&nbsp;&nbsp;_ZL18handle_open_errorsij
<LI><a href="#[130]">&gt;&gt;</a>&nbsp;&nbsp;&nbsp;_sys_write
<LI><a href="#[12f]">&gt;&gt;</a>&nbsp;&nbsp;&nbsp;_sys_seek
<LI><a href="#[110]">&gt;&gt;</a>&nbsp;&nbsp;&nbsp;_sys_open
<LI><a href="#[12a]">&gt;&gt;</a>&nbsp;&nbsp;&nbsp;_sys_istty
<LI><a href="#[12c]">&gt;&gt;</a>&nbsp;&nbsp;&nbsp;_sys_flen
<LI><a href="#[10a]">&gt;&gt;</a>&nbsp;&nbsp;&nbsp;_sys_close
<LI><a href="#[104]">&gt;&gt;</a>&nbsp;&nbsp;&nbsp;atoi
<LI><a href="#[12b]">&gt;&gt;</a>&nbsp;&nbsp;&nbsp;_ftell_internal
<LI><a href="#[129]">&gt;&gt;</a>&nbsp;&nbsp;&nbsp;_strtoul
<LI><a href="#[105]">&gt;&gt;</a>&nbsp;&nbsp;&nbsp;strtol
</UL>

<P><STRONG><a name="[391]"></a>__errno$twolibspace</STRONG> (Thumb, 0 bytes, Stack size 0 bytes, I:\HDDProgInstall\keil\ARM\ARMCLANG\Bin\..\lib\armlib\c_w.l(rt_errno_addr_twolibspace.o)(.text), UNUSED)

<P><STRONG><a name="[392]"></a>__rt_errno_addr$twolibspace</STRONG> (Thumb, 0 bytes, Stack size 0 bytes, I:\HDDProgInstall\keil\ARM\ARMCLANG\Bin\..\lib\armlib\c_w.l(rt_errno_addr_twolibspace.o)(.text), UNUSED)

[...]
</UL>

<P><STRONG><a name="[b0]"></a>_GLOBAL__sub_I_main.cpp</STRONG> (Thumb, 70 bytes, Stack size 8 bytes, .\build\main.o(.text._GLOBAL__sub_I_main.cpp))
<BR><BR>[Stack]<UL><LI>Max Depth = 544 + Unknown Stack Size
<LI>Call Chain = _GLOBAL__sub_I_main.cpp &rArr; __cxx_global_var_init.8 &rArr; events::EventQueue::EventQueue(unsigned, unsigned char*) &rArr; equeue_create &rArr; equeue_create_inplace &rArr; equeue_sema_create &rArr; osEventFlagsNew &rArr; EvrRtxEventFlagsError &rArr; error &rArr; mbed_error_vfprintf &rArr; serial_init &rArr; mbed_assert_internal &rArr; mbed_die &rArr; wait_ms &rArr; wait_us &rArr; ticker_read &rArr; ticker_read_us &rArr; initialize &rArr;  mbed_assert_internal (Cycle)
</UL>
<BR>[Calls]<UL><LI><a href="#[197]">&gt;&gt;</a>&nbsp;&nbsp;&nbsp;__cxx_global_var_init.9
<LI><a href="#[196]">&gt;&gt;</a>&nbsp;&nbsp;&nbsp;__cxx_global_var_init.8
<LI><a href="#[195]">&gt;&gt;</a>&nbsp;&nbsp;&nbsp;__cxx_global_var_init.7
<LI><a href="#[194]">&gt;&gt;</a>&nbsp;&nbsp;&nbsp;__cxx_global_var_init.6
<LI><a href="#[193]">&gt;&gt;</a>&nbsp;&nbsp;&nbsp;__cxx_global_var_init.5
<LI><a href="#[19d]">&gt;&gt;</a>&nbsp;&nbsp;&nbsp;__cxx_global_var_init.44
<LI><a href="#[19c]">&gt;&gt;</a>&nbsp;&nbsp;&nbsp;__cxx_global_var_init.41
<LI><a href="#[19b]">&gt;&gt;</a>&nbsp;&nbsp;&nbsp;__cxx_global_var_init.40
<LI><a href="#[192]">&gt;&gt;</a>&nbsp;&nbsp;&nbsp;__cxx_global_var_init.4
<LI><a href="#[19a]">&gt;&gt;</a>&nbsp;&nbsp;&nbsp;__cxx_global_var_init.39
<LI><a href="#[191]">&gt;&gt;</a>&nbsp;&nbsp;&nbsp;__cxx_global_var_init.3
<LI><a href="#[190]">&gt;&gt;</a>&nbsp;&nbsp;&nbsp;__cxx_global_var_init.2
<LI><a href="#[199]">&gt;&gt;</a>&nbsp;&nbsp;&nbsp;__cxx_global_var_init.15
<LI><a href="#[198]">&gt;&gt;</a>&nbsp;&nbsp;&nbsp;__cxx_global_var_init.10
<LI><a href="#[18f]">&gt;&gt;</a>&nbsp;&nbsp;&nbsp;__cxx_global_var_init.1
<LI><a href="#[18e]">&gt;&gt;</a>&nbsp;&nbsp;&nbsp;__cxx_global_var_init
</UL>
<BR>[Address Reference Count : 1]<UL><LI> main.o(.init_array)
</UL>
<P><STRONG><a name="[18e]"></a>__cxx_global_var_init</STRONG> (Thumb, 68 bytes, Stack size 16 bytes, .\build\main.o(.text.__cxx_global_var_init))
<BR><BR>[Stack]<UL><LI>Max Depth = 448 + Unknown Stack Size
<LI>Call Chain = __cxx_global_var_init &rArr; std::__1::basic_string&lang;char, std::__1::char_traits&lang;char&rang;, std::__1::allocator&lang;char&rang;&rang;::__init(const char*, unsigned) &rArr; operator new(unsigned) &rArr; error &rArr; mbed_error_vfprintf &rArr; serial_init &rArr; mbed_assert_internal &rArr; mbed_die &rArr; wait_ms &rArr; wait_us &rArr; ticker_read &rArr; ticker_read_us &rArr; initialize &rArr;  mbed_assert_internal (Cycle)
</UL>
<BR>[Calls]<UL><LI><a href="#[26a]">&gt;&gt;</a>&nbsp;&nbsp;&nbsp;__cxa_atexit
<LI><a href="#[19f]">&gt;&gt;</a>&nbsp;&nbsp;&nbsp;std::__1::basic_string&lang;char, std::__1::char_traits&lang;char&rang;, std::__1::allocator&lang;char&rang;&rang;::__init(const char*, unsigned)
<LI><a href="#[19e]">&gt;&gt;</a>&nbsp;&nbsp;&nbsp;std::__1::char_traits&lang;char&rang;::length(const char*)
</UL>
<BR>[Called By]<UL><LI><a href="#[b0]">&gt;&gt;</a>&nbsp;&nbsp;&nbsp;_GLOBAL__sub_I_main.cpp
</UL>

<P><STRONG><a name="[18f]"></a>__cxx_global_var_init.1</STRONG> (Thumb, 44 bytes, Stack size 8 bytes, .\build\main.o(.text.__cxx_global_var_init.1))
<BR><BR>[Stack]<UL><LI>Max Depth = 512 + Unknown Stack Size
<LI>Call Chain = __cxx_global_var_init.1 &rArr; mbed::InterruptIn::InterruptIn(PinName) &rArr; gpio_irq_init &rArr; error &rArr; mbed_error_vfprintf &rArr; serial_init &rArr; mbed_assert_internal &rArr; mbed_die &rArr; wait_ms &rArr; wait_us &rArr; ticker_read &rArr; ticker_read_us &rArr; initialize &rArr;  mbed_assert_internal (Cycle)
</UL>
<BR>[Calls]<UL><LI><a href="#[1fd]">&gt;&gt;</a>&nbsp;&nbsp;&nbsp;mbed::InterruptIn::InterruptIn(PinName)
<LI><a href="#[26a]">&gt;&gt;</a>&nbsp;&nbsp;&nbsp;__cxa_atexit
</UL>
<BR>[Called By]<UL><LI><a href="#[b0]">&gt;&gt;</a>&nbsp;&nbsp;&nbsp;_GLOBAL__sub_I_main.cpp
</UL>

<P><STRONG><a name="[198]"></a>__cxx_global_var_init.10</STRONG> (Thumb, 62 bytes, Stack size 16 bytes, .\build\main.o(.text.__cxx_global_var_init.10))
<BR><BR>[Stack]<UL><LI>Max Depth = 528 + Unknown Stack Size
<LI>Call Chain = __cxx_global_var_init.10 &rArr; rtos::Thread::Thread__sub_object(osPriority_t, unsigned, unsigned char*, const char*) &rArr; rtos::Semaphore::Semaphore(int) &rArr; rtos::Semaphore::constructor(int, unsigned short) &rArr; osSemaphoreNew &rArr; EvrRtxSemaphoreError &rArr; error &rArr; mbed_error_vfprintf &rArr; serial_init &rArr; mbed_assert_internal &rArr; mbed_die &rArr; wait_ms &rArr; wait_us &rArr; ticker_read &rArr; ticker_read_us &rArr; initialize &rArr;  mbed_assert_internal (Cycle)
</UL>
<BR>[Calls]<UL><LI><a href="#[26a]">&gt;&gt;</a>&nbsp;&nbsp;&nbsp;__cxa_atexit
<LI><a href="#[247]">&gt;&gt;</a>&nbsp;&nbsp;&nbsp;rtos::Thread::Thread__sub_object(osPriority_t, unsigned, unsigned char*, const char*)
</UL>
<BR>[Called By]<UL><LI><a href="#[b0]">&gt;&gt;</a>&nbsp;&nbsp;&nbsp;_GLOBAL__sub_I_main.cpp
</UL>

<P><STRONG><a name="[199]"></a>__cxx_global_var_init.15</STRONG> (Thumb, 42 bytes, Stack size 8 bytes, .\build\main.o(.text.__cxx_global_var_init.15))
<BR><BR>[Stack]<UL><LI>Max Depth = 264<LI>Call Chain = __cxx_global_var_init.15 &rArr; rtos::Mutex::Mutex() &rArr; rtos::Mutex::constructor(const char*) &rArr; mbed_assert_internal &rArr; mbed_die &rArr; wait_ms &rArr; wait_us &rArr; ticker_read &rArr; ticker_read_us &rArr; initialize &rArr;  mbed_assert_internal (Cycle)
</UL>
<BR>[Calls]<UL><LI><a href="#[1d7]">&gt;&gt;</a>&nbsp;&nbsp;&nbsp;rtos::Mutex::Mutex()
<LI><a href="#[26a]">&gt;&gt;</a>&nbsp;&nbsp;&nbsp;__cxa_atexit
</UL>
<BR>[Called By]<UL><LI><a href="#[b0]">&gt;&gt;</a>&nbsp;&nbsp;&nbsp;_GLOBAL__sub_I_main.cpp
</UL>

<P><STRONG><a name="[190]"></a>__cxx_global_var_init.2</STRONG> (Thumb, 44 bytes, Stack size 8 bytes, .\build\main.o(.text.__cxx_global_var_init.2))
<BR><BR>[Stack]<UL><LI>Max Depth = 512 + Unknown Stack Size
<LI>Call Chain = __cxx_global_var_init.2 &rArr; mbed::InterruptIn::InterruptIn(PinName) &rArr; gpio_irq_init &rArr; error &rArr; mbed_error_vfprintf &rArr; serial_init &rArr; mbed_assert_internal &rArr; mbed_die &rArr; wait_ms &rArr; wait_us &rArr; ticker_read &rArr; ticker_read_us &rArr; initialize &rArr;  mbed_assert_internal (Cycle)
</UL>
<BR>[Calls]<UL><LI><a href="#[1fd]">&gt;&gt;</a>&nbsp;&nbsp;&nbsp;mbed::InterruptIn::InterruptIn(PinName)
<LI><a href="#[26a]">&gt;&gt;</a>&nbsp;&nbsp;&nbsp;__cxa_atexit
</UL>
<BR>[Called By]<UL><LI><a href="#[b0]">&gt;&gt;</a>&nbsp;&nbsp;&nbsp;_GLOBAL__sub_I_main.cpp
</UL>

<P><STRONG><a name="[191]"></a>__cxx_global_var_init.3</STRONG> (Thumb, 14 bytes, Stack size 0 bytes, .\build\main.o(.text.__cxx_global_var_init.3))
<BR><BR>[Stack]<UL><LI>Max Depth = 88<LI>Call Chain = __cxx_global_var_init.3 &rArr; mbed::DigitalIn::DigitalIn__sub_object(PinName) &rArr; gpio_init_in &rArr; gpio_init_in_ex &rArr; _gpio_init_in &rArr; gpio_init &rArr; gpio_set &rArr;  mbed_assert_internal (Cycle)
</UL>
<BR>[Calls]<UL><LI><a href="#[225]">&gt;&gt;</a>&nbsp;&nbsp;&nbsp;mbed::DigitalIn::DigitalIn__sub_object(PinName)
</UL>
<BR>[Called By]<UL><LI><a href="#[b0]">&gt;&gt;</a>&nbsp;&nbsp;&nbsp;_GLOBAL__sub_I_main.cpp
</UL>

<P><STRONG><a name="[19a]"></a>__cxx_global_var_init.39</STRONG> (Thumb, 42 bytes, Stack size 8 bytes, .\build\main.o(.text.__cxx_global_var_init.39))
<BR><BR>[Stack]<UL><LI>Max Depth = 488 + Unknown Stack Size
<LI>Call Chain = __cxx_global_var_init.39 &rArr; rtos::MemoryPool&lang;message_t, (unsigned)16&rang;::MemoryPool__sub_object() &rArr; osMemoryPoolNew &rArr; EvrRtxMemoryPoolError &rArr; error &rArr; mbed_error_vfprintf &rArr; serial_init &rArr; mbed_assert_internal &rArr; mbed_die &rArr; wait_ms &rArr; wait_us &rArr; ticker_read &rArr; ticker_read_us &rArr; initialize &rArr;  mbed_assert_internal (Cycle)
</UL>
<BR>[Calls]<UL><LI><a href="#[26a]">&gt;&gt;</a>&nbsp;&nbsp;&nbsp;__cxa_atexit
<LI><a href="#[22d]">&gt;&gt;</a>&nbsp;&nbsp;&nbsp;rtos::MemoryPool&lang;message_t, (unsigned)16&rang;::MemoryPool__sub_object()
</UL>
<BR>[Called By]<UL><LI><a href="#[b0]">&gt;&gt;</a>&nbsp;&nbsp;&nbsp;_GLOBAL__sub_I_main.cpp
</UL>

<P><STRONG><a name="[192]"></a>__cxx_global_var_init.4</STRONG> (Thumb, 14 bytes, Stack size 0 bytes, .\build\main.o(.text.__cxx_global_var_init.4))
<BR><BR>[Stack]<UL><LI>Max Depth = 88<LI>Call Chain = __cxx_global_var_init.4 &rArr; mbed::DigitalIn::DigitalIn__sub_object(PinName) &rArr; gpio_init_in &rArr; gpio_init_in_ex &rArr; _gpio_init_in &rArr; gpio_init &rArr; gpio_set &rArr;  mbed_assert_internal (Cycle)
</UL>
<BR>[Calls]<UL><LI><a href="#[225]">&gt;&gt;</a>&nbsp;&nbsp;&nbsp;mbed::DigitalIn::DigitalIn__sub_object(PinName)
</UL>
<BR>[Called By]<UL><LI><a href="#[b0]">&gt;&gt;</a>&nbsp;&nbsp;&nbsp;_GLOBAL__sub_I_main.cpp
</UL>

<P><STRONG><a name="[19b]"></a>__cxx_global_var_init.40</STRONG> (Thumb, 42 bytes, Stack size 8 bytes, .\build\main.o(.text.__cxx_global_var_init.40))
<BR><BR>[Stack]<UL><LI>Max Depth = 488 + Unknown Stack Size
<LI>Call Chain = __cxx_global_var_init.40 &rArr; rtos::Queue&lang;message_t, (unsigned)16&rang;::Queue__sub_object() &rArr; osMessageQueueNew &rArr; EvrRtxMessageQueueError &rArr; error &rArr; mbed_error_vfprintf &rArr; serial_init &rArr; mbed_assert_internal &rArr; mbed_die &rArr; wait_ms &rArr; wait_us &rArr; ticker_read &rArr; ticker_read_us &rArr; initialize &rArr;  mbed_assert_internal (Cycle)
</UL>
<BR>[Calls]<UL><LI><a href="#[26a]">&gt;&gt;</a>&nbsp;&nbsp;&nbsp;__cxa_atexit
<LI><a href="#[239]">&gt;&gt;</a>&nbsp;&nbsp;&nbsp;rtos::Queue&lang;message_t, (unsigned)16&rang;::Queue__sub_object()
</UL>
<BR>[Called By]<UL><LI><a href="#[b0]">&gt;&gt;</a>&nbsp;&nbsp;&nbsp;_GLOBAL__sub_I_main.cpp
</UL>

<P><STRONG><a name="[19c]"></a>__cxx_global_var_init.41</STRONG> (Thumb, 42 bytes, Stack size 8 bytes, .\build\main.o(.text.__cxx_global_var_init.41))
<BR><BR>[Stack]<UL><LI>Max Depth = 264<LI>Call Chain = __cxx_global_var_init.41 &rArr; rtos::Mutex::Mutex() &rArr; rtos::Mutex::constructor(const char*) &rArr; mbed_assert_internal &rArr; mbed_die &rArr; wait_ms &rArr; wait_us &rArr; ticker_read &rArr; ticker_read_us &rArr; initialize &rArr;  mbed_assert_internal (Cycle)
</UL>
<BR>[Calls]<UL><LI><a href="#[1d7]">&gt;&gt;</a>&nbsp;&nbsp;&nbsp;rtos::Mutex::Mutex()
<LI><a href="#[26a]">&gt;&gt;</a>&nbsp;&nbsp;&nbsp;__cxa_atexit
</UL>
<BR>[Called By]<UL><LI><a href="#[b0]">&gt;&gt;</a>&nbsp;&nbsp;&nbsp;_GLOBAL__sub_I_main.cpp
</UL>

<P><STRONG><a name="[19d]"></a>__cxx_global_var_init.44</STRONG> (Thumb, 42 bytes, Stack size 8 bytes, .\build\main.o(.text.__cxx_global_var_init.44))
<BR><BR>[Stack]<UL><LI>Max Depth = 160<LI>Call Chain = __cxx_global_var_init.44 &rArr; mbed::Ticker::Ticker__sub_object() &rArr; mbed::TimerEvent::TimerEvent__sub_object() &rArr; ticker_set_handler &rArr; initialize &rArr;  mbed_assert_internal (Cycle)
</UL>
<BR>[Calls]<UL><LI><a href="#[1c8]">&gt;&gt;</a>&nbsp;&nbsp;&nbsp;mbed::Ticker::Ticker__sub_object()
<LI><a href="#[26a]">&gt;&gt;</a>&nbsp;&nbsp;&nbsp;__cxa_atexit
</UL>
<BR>[Called By]<UL><LI><a href="#[b0]">&gt;&gt;</a>&nbsp;&nbsp;&nbsp;_GLOBAL__sub_I_main.cpp
</UL>

<P><STRONG><a name="[193]"></a>__cxx_global_var_init.5</STRONG> (Thumb, 14 bytes, Stack size 0 bytes, .\build\main.o(.text.__cxx_global_var_init.5))
<BR><BR>[Stack]<UL><LI>Max Depth = 96<LI>Call Chain = __cxx_global_var_init.5 &rArr; mbed::DigitalOut::DigitalOut__sub_object(PinName) &rArr; gpio_init_out &rArr; gpio_init_out_ex &rArr; _gpio_init_out &rArr; gpio_init &rArr; gpio_set &rArr;  mbed_assert_internal (Cycle)
</UL>
<BR>[Calls]<UL><LI><a href="#[1de]">&gt;&gt;</a>&nbsp;&nbsp;&nbsp;mbed::DigitalOut::DigitalOut__sub_object(PinName)
</UL>
<BR>[Called By]<UL><LI><a href="#[b0]">&gt;&gt;</a>&nbsp;&nbsp;&nbsp;_GLOBAL__sub_I_main.cpp
</UL>

<P><STRONG><a name="[194]"></a>__cxx_global_var_init.6</STRONG> (Thumb, 14 bytes, Stack size 0 bytes, .\build\main.o(.text.__cxx_global_var_init.6))
<BR><BR>[Stack]<UL><LI>Max Depth = 96<LI>Call Chain = __cxx_global_var_init.6 &rArr; mbed::DigitalOut::DigitalOut__sub_object(PinName) &rArr; gpio_init_out &rArr; gpio_init_out_ex &rArr; _gpio_init_out &rArr; gpio_init &rArr; gpio_set &rArr;  mbed_assert_internal (Cycle)
</UL>
<BR>[Calls]<UL><LI><a href="#[1de]">&gt;&gt;</a>&nbsp;&nbsp;&nbsp;mbed::DigitalOut::DigitalOut__sub_object(PinName)
</UL>
<BR>[Called By]<UL><LI><a href="#[b0]">&gt;&gt;</a>&nbsp;&nbsp;&nbsp;_GLOBAL__sub_I_main.cpp
</UL>

<P><STRONG><a name="[195]"></a>__cxx_global_var_init.7</STRONG> (Thumb, 50 bytes, Stack size 8 bytes, .\build\main.o(.text.__cxx_global_var_init.7))
<BR><BR>[Stack]<UL><LI>Max Depth = 64<LI>Call Chain = __cxx_global_var_init.7 &rArr; mbed::RawSerial::RawSerial(PinName, PinName, int) &rArr; mbed::SerialBase::SerialBase__sub_object(PinName, PinName, int)
</UL>
<BR>[Calls]<UL><LI><a href="#[26a]">&gt;&gt;</a>&nbsp;&nbsp;&nbsp;__cxa_atexit
<LI><a href="#[227]">&gt;&gt;</a>&nbsp;&nbsp;&nbsp;mbed::RawSerial::RawSerial(PinName, PinName, int)
</UL>
<BR>[Called By]<UL><LI><a href="#[b0]">&gt;&gt;</a>&nbsp;&nbsp;&nbsp;_GLOBAL__sub_I_main.cpp
</UL>

<P><STRONG><a name="[196]"></a>__cxx_global_var_init.8</STRONG> (Thumb, 48 bytes, Stack size 8 bytes, .\build\main.o(.text.__cxx_global_var_init.8))
<BR><BR>[Stack]<UL><LI>Max Depth = 536 + Unknown Stack Size
<LI>Call Chain = __cxx_global_var_init.8 &rArr; events::EventQueue::EventQueue(unsigned, unsigned char*) &rArr; equeue_create &rArr; equeue_create_inplace &rArr; equeue_sema_create &rArr; osEventFlagsNew &rArr; EvrRtxEventFlagsError &rArr; error &rArr; mbed_error_vfprintf &rArr; serial_init &rArr; mbed_assert_internal &rArr; mbed_die &rArr; wait_ms &rArr; wait_us &rArr; ticker_read &rArr; ticker_read_us &rArr; initialize &rArr;  mbed_assert_internal (Cycle)
</UL>
<BR>[Calls]<UL><LI><a href="#[255]">&gt;&gt;</a>&nbsp;&nbsp;&nbsp;events::EventQueue::EventQueue(unsigned, unsigned char*)
<LI><a href="#[26a]">&gt;&gt;</a>&nbsp;&nbsp;&nbsp;__cxa_atexit
</UL>
<BR>[Called By]<UL><LI><a href="#[b0]">&gt;&gt;</a>&nbsp;&nbsp;&nbsp;_GLOBAL__sub_I_main.cpp
</UL>

<P><STRONG><a name="[197]"></a>__cxx_global_var_init.9</STRONG> (Thumb, 62 bytes, Stack size 16 bytes, .\build\main.o(.text.__cxx_global_var_init.9))
<BR><BR>[Stack]<UL><LI>Max Depth = 528 + Unknown Stack Size
<LI>Call Chain = __cxx_global_var_init.9 &rArr; rtos::Thread::Thread__sub_object(osPriority_t, unsigned, unsigned char*, const char*) &rArr; rtos::Semaphore::Semaphore(int) &rArr; rtos::Semaphore::constructor(int, unsigned short) &rArr; osSemaphoreNew &rArr; EvrRtxSemaphoreError &rArr; error &rArr; mbed_error_vfprintf &rArr; serial_init &rArr; mbed_assert_internal &rArr; mbed_die &rArr; wait_ms &rArr; wait_us &rArr; ticker_read &rArr; ticker_read_us &rArr; initialize &rArr;  mbed_assert_internal (Cycle)
</UL>
<BR>[Calls]<UL><LI><a href="#[26a]">&gt;&gt;</a>&nbsp;&nbsp;&nbsp;__cxa_atexit
<LI><a href="#[247]">&gt;&gt;</a>&nbsp;&nbsp;&nbsp;rtos::Thread::Thread__sub_object(osPriority_t, unsigned, unsigned char*, const char*)
</UL>
<BR>[Called By]<UL><LI><a href="#[b0]">&gt;&gt;</a>&nbsp;&nbsp;&nbsp;_GLOBAL__sub_I_main.cpp
</UL>

<P><STRONG><a name="[b1]"></a>_GLOBAL__sub_I_Tokenizer.cpp</STRONG> (Thumb, 4 bytes, Stack size 0 bytes, .\build\tokenizer.o(.text._GLOBAL__sub_I_Tokenizer.cpp))
<BR><BR>[Stack]<UL><LI>Max Depth = 448 + Unknown Stack Size
<LI>Call Chain = _GLOBAL__sub_I_Tokenizer.cpp &rArr; __cxx_global_var_init &rArr; std::__1::basic_string&lang;char, std::__1::char_traits&lang;char&rang;, std::__1::allocator&lang;char&rang;&rang;::__init(const char*, unsigned) &rArr; operator new(unsigned) &rArr; error &rArr; mbed_error_vfprintf &rArr; serial_init &rArr; mbed_assert_internal &rArr; mbed_die &rArr; wait_ms &rArr; wait_us &rArr; ticker_read &rArr; ticker_read_us &rArr; initialize &rArr;  mbed_assert_internal (Cycle)
</UL>
<BR>[Calls]<UL><LI><a href="#[18d]">&gt;&gt;</a>&nbsp;&nbsp;&nbsp;__cxx_global_var_init
</UL>
<BR>[Address Reference Count : 1]<UL><LI> tokenizer.o(.init_array)
</UL>
<P><STRONG><a name="[18d]"></a>__cxx_global_var_init</STRONG> (Thumb, 68 bytes, Stack size 16 bytes, .\build\tokenizer.o(.text.__cxx_global_var_init))
<BR><BR>[Stack]<UL><LI>Max Depth = 448 + Unknown Stack Size
<LI>Call Chain = __cxx_global_var_init &rArr; std::__1::basic_string&lang;char, std::__1::char_traits&lang;char&rang;, std::__1::allocator&lang;char&rang;&rang;::__init(const char*, unsigned) &rArr; operator new(unsigned) &rArr; error &rArr; mbed_error_vfprintf &rArr; serial_init &rArr; mbed_assert_internal &rArr; mbed_die &rArr; wait_ms &rArr; wait_us &rArr; ticker_read &rArr; ticker_read_us &rArr; initialize &rArr;  mbed_assert_internal (Cycle)
</UL>
<BR>[Calls]<UL><LI><a href="#[26a]">&gt;&gt;</a>&nbsp;&nbsp;&nbsp;__cxa_atexit
<LI><a href="#[19f]">&gt;&gt;</a>&nbsp;&nbsp;&nbsp;std::__1::basic_string&lang;char, std::__1::char_traits&lang;char&rang;, std::__1::allocator&lang;char&rang;&rang;::__init(const char*, unsigned)
<LI><a href="#[19e]">&gt;&gt;</a>&nbsp;&nbsp;&nbsp;std::__1::char_traits&lang;char&rang;::length(const char*)
</UL>
<BR>[Called By]<UL><LI><a href="#[b1]">&gt;&gt;</a>&nbsp;&nbsp;&nbsp;_GLOBAL__sub_I_Tokenizer.cpp
</UL>

<P><STRONG><a name="[ee]"></a>AlignUp</STRONG> (Thumb, 10 bytes, Stack size 0 bytes, I:\HDDProgInstall\keil\ARM\ARMCLANG\Bin\..\lib\armlib\c_w.l(h1_alloc_threads.o)(.text))
<BR><BR>[Called By]<UL><LI><a href="#[ed]">&gt;&gt;</a>&nbsp;&nbsp;&nbsp;Heap1_SizeAdjust
</UL>

<P><STRONG><a name="[ed]"></a>Heap1_SizeAdjust</STRONG> (Thumb, 6 bytes, Stack size 0 bytes, I:\HDDProgInstall\keil\ARM\ARMCLANG\Bin\..\lib\armlib\c_w.l(h1_alloc_threads.o)(.text))
<BR><BR>[Calls]<UL><LI><a href="#[ee]">&gt;&gt;</a>&nbsp;&nbsp;&nbsp;AlignUp
</UL>
<BR>[Called By]<UL><LI><a href="#[ef]">&gt;&gt;</a>&nbsp;&nbsp;&nbsp;malloc_internal$concurrent
</UL>

<P><STRONG><a name="[10f]"></a>_freopen_locked</STRONG> (Thumb, 180 bytes, Stack size 32 bytes, I:\HDDProgInstall\keil\ARM\ARMCLANG\Bin\..\lib\armlib\c_w.l(fopen_locked.o)(.text))
<BR><BR>[Stack]<UL><LI>Max Depth = 400<LI>Call Chain = _freopen_locked &rArr; _fclose_internal &rArr; _fflush &rArr; _writebuf &rArr; _sys_write &rArr;  error (Cycle)
</UL>
<BR>[Calls]<UL><LI><a href="#[110]">&gt;&gt;</a>&nbsp;&nbsp;&nbsp;_sys_open
<LI><a href="#[b5]">&gt;&gt;</a>&nbsp;&nbsp;&nbsp;_mutex_release
<LI><a href="#[b4]">&gt;&gt;</a>&nbsp;&nbsp;&nbsp;_mutex_acquire
<LI><a href="#[108]">&gt;&gt;</a>&nbsp;&nbsp;&nbsp;_fclose_internal
<LI><a href="#[10d]">&gt;&gt;</a>&nbsp;&nbsp;&nbsp;_fseek
</UL>
<BR>[Called By]<UL><LI><a href="#[112]">&gt;&gt;</a>&nbsp;&nbsp;&nbsp;fopen
<LI><a href="#[111]">&gt;&gt;</a>&nbsp;&nbsp;&nbsp;freopen
</UL>

<P><STRONG><a name="[46]"></a>_printf_input_char</STRONG> (Thumb, 10 bytes, Stack size 0 bytes, I:\HDDProgInstall\keil\ARM\ARMCLANG\Bin\..\lib\armlib\c_w.l(_printf_char_common.o)(.text))
<BR>[Address Reference Count : 1]<UL><LI> _printf_char_common.o(.text)
</UL>
<P><STRONG><a name="[139]"></a>AlignUpOffset</STRONG> (Thumb, 14 bytes, Stack size 0 bytes, I:\HDDProgInstall\keil\ARM\ARMCLANG\Bin\..\lib\armlib\c_w.l(h1_extend_threads.o)(.text))
<BR><BR>[Called By]<UL><LI><a href="#[120]">&gt;&gt;</a>&nbsp;&nbsp;&nbsp;__Heap_ProvideMemory
</UL>

<P><STRONG><a name="[13a]"></a>_fp_digits</STRONG> (Thumb, 432 bytes, Stack size 96 bytes, I:\HDDProgInstall\keil\ARM\ARMCLANG\Bin\..\lib\armlib\c_w.l(_printf_fp_dec.o)(.text))
<BR><BR>[Stack]<UL><LI>Max Depth = 220<LI>Call Chain = _fp_digits &rArr; _btod_etento &rArr; _btod_emul &rArr; _e2e
</UL>
<BR>[Calls]<UL><LI><a href="#[13e]">&gt;&gt;</a>&nbsp;&nbsp;&nbsp;_btod_emul
<LI><a href="#[13d]">&gt;&gt;</a>&nbsp;&nbsp;&nbsp;_btod_ediv
<LI><a href="#[13c]">&gt;&gt;</a>&nbsp;&nbsp;&nbsp;_btod_d2e
<LI><a href="#[13b]">&gt;&gt;</a>&nbsp;&nbsp;&nbsp;_btod_etento
<LI><a href="#[127]">&gt;&gt;</a>&nbsp;&nbsp;&nbsp;_ll_udiv10
</UL>
<BR>[Called By]<UL><LI><a href="#[13f]">&gt;&gt;</a>&nbsp;&nbsp;&nbsp;_printf_fp_dec_real
</UL>
<P>
<H3>
Undefined Global Symbols
</H3><HR></body></html>
