<html>
<body>
<pre>
<h1>µVision Build Log</h1>
<h2>Tool Versions:</h2>
IDE-Version: µVision V5.29.0.0
Copyright (C) 2019 ARM Ltd and ARM Germany GmbH. All rights reserved.
License Information: jack Luca, none, LIC=MGX01-CD87P-32EL5-GLD86-DAANN-ZADAX
 
Tool Versions:
Toolchain:       MDK-ARM Professional  Version: 5.29.0.0
Toolchain Path:  I:\HDDProgInstall\keil\ARM\ARMCLANG\Bin
C Compiler:      ArmClang.exe V6.13.1
Assembler:       Armasm.exe V6.13.1
Linker/Locator:  ArmLink.exe V6.13.1
Library Manager: ArmAr.exe V6.13.1
Hex Converter:   FromElf.exe V6.13.1
CPU DLL:         
Dialog DLL:      DCM.DLL V1.17.3.0
Target DLL:      STLink\ST-LINKIII-KEIL_SWO.dll V3.0.7.0
Dialog DLL:      TCM.DLL V1.36.5.0
 
<h2>Project:</h2>
H:\Nucleo\keil\CLONE\X1\Nucleo_rtos_basic_F4.uvprojx
Project File Date:  01/02/2020

<h2>Output:</h2>
*** Using Compiler 'V6.13.1', folder: 'I:\HDDProgInstall\keil\ARM\ARMCLANG\Bin'
Build Project 'Nucleo_rtos_basic_F4' - Target 'Nucleo_rtos_basic_F4'
compiling aesni.c...
compiling aes_alt.c...
compiling analogout_api.c...
compiling analogin_device.c...
compiling analogin_api.c...
compiling AnalogIn.cpp...
compiling aes.c...
compiling arc4.c...
compiling analogout_device.c...
compiling asn1parse.c...
compiling asn1write.c...
compiling blowfish.c...
compiling base64.c...
compiling camellia.c...
compiling BusIn.cpp...
compiling BusOut.cpp...
compiling ATCmdParser.cpp...
compiling BusInOut.cpp...
compiling bignum.c...
compiling CallChain.cpp...
compiling can_api.c...
compiling ccsbcs.cpp...
compiling certs.c...
compiling ccm.c...
compiling CAN.cpp...
compiling cipher.c...
compiling cipher_wrap.c...
compiling cmac.c...
compiling ctr_drbg.c...
compiling cmsis_os1.c...
compiling debug.c...
compiling dhm.c...
compiling des.c...
compiling ecdh.c...
compiling ConditionVariable.cpp...
compiling ecjpake.c...
compiling ChainingBlockDevice.cpp...
compiling ecdsa.c...
compiling entropy.c...
compiling ecp_curves.c...
compiling entropy_poll.c...
compiling Dir.cpp...
compiling equeue_posix.c...
compiling equeue.c...
compiling ecp.c...
compiling error.c...
compiling Ethernet.cpp...
compiling EventFlags.cpp...
compiling equeue_mbed.cpp...
compiling EventQueue.cpp...
compiling FileBase.cpp...
compiling File.cpp...
compiling FileHandle.cpp...
compiling FATFileSystem.cpp...
compiling FilePath.cpp...
compiling ff.cpp...
compiling flash_api.c...
compiling gcm.c...
compiling gpio_api.c...
compiling FlashIAP.cpp...
compiling gpio_irq_api.c...
compiling FileSystemHandle.cpp...
compiling gpio_irq_device.c...
compiling FileSystem.cpp...
compiling hal_init_pre.c...
compiling hal_tick_16b.c...
compiling hal_tick_32b.c...
compiling havege.c...
compiling greentea_serial.cpp...
compiling greentea_metrics.cpp...
compiling hmac_drbg.c...
compiling greentea_test_env.cpp...
compiling i2c_api.c...
compiling I2CSlave.cpp...
compiling I2C.cpp...
compiling HeapBlockDevice.cpp...
assembling irq_cm4f.S...
compiling InterruptIn.cpp...
compiling InterruptManager.cpp...
compiling lp_ticker.c...
compiling LocalFileSystem.cpp...
compiling mbed_application.c...
compiling mbed_assert.c...
compiling mbed_alloc_wrappers.cpp...
compiling mbed_board.c...
compiling mbed_boot.c...
compiling mbed_critical.c...
compiling mbed-utest-shim.cpp...
compiling mbed_error.c...
compiling mbed_flash_api.c...
compiling mbed_gpio.c...
compiling mbed_mktime.c...
compiling mbed_mem_trace.c...
compiling mbed_lp_ticker_api.c...
compiling mbed_interface.c...
compiling mbed_overrides.c...
compiling mbed_pinmap_common.c...
compiling mbed_rtx_handlers.c...
compiling mbed_poll.cpp...
compiling mbed_rtc_time.cpp...
compiling mbed_semihost_api.c...
compiling mbed_sdk_boot.c...
compiling mbed_rtx_idle.cpp...
compiling mbed_retarget.cpp...
compiling mbed_stats.c...
compiling mbed_trng.c...
compiling mbed_sleep_manager.c...
compiling mbed_us_ticker_api.c...
compiling mbed_ticker_api.c...
compiling mbed_wait_api_no_rtos.c...
compiling md2.c...
compiling md4.c...
compiling md.c...
compiling mbed_shared_queues.cpp...
compiling md5.c...
compiling md5_alt.c...
compiling memory_buffer_alloc.c...
compiling net_sockets.c...
compiling md_wrap.c...
compiling mbed_wait_api_rtos.cpp...
compiling Mutex.cpp...
compiling NetworkInterface.cpp...
compiling OnboardCellularInterface.cpp...
compiling oid.c...
compiling os_tick_ptim.c...
compiling os_systick.c...
compiling MBRBlockDevice.cpp...
compiling padlock.c...
compiling nsapi_dns.cpp...
compiling pem.c...
compiling PeripheralPins.c...
compiling NetworkStack.cpp...
compiling pk.c...
compiling pinmap.c...
compiling pkcs11.c...
compiling pkcs12.c...
compiling pk_wrap.c...
compiling pkcs5.c...
compiling platform.c...
compiling pkwrite.c...
compiling pkparse.c...
compiling port_api.c...
compiling ripemd160.c...
compiling pwmout_api.c...
compiling pwmout_device.c...
compiling PPPCellularInterface.cpp...
compiling RawSerial.cpp...
compiling rt_OsEventObserver.c...
compiling ProfilingBlockDevice.cpp...
compiling rtc_api.c...
compiling rsa.c...
compiling RTX_Config.c...
compiling rtx_delay.c...
compiling rtx_evflags.c...
compiling rtx_lib.c...
compiling rtx_evr.c...
compiling RtosTimer.cpp...
compiling rtx_memory.c...
compiling rtx_kernel.c...
compiling rtx_mempool.c...
compiling rtx_semaphore.c...
compiling rtx_system.c...
compiling rtx_msgqueue.c...
compiling rtx_mutex.c...
compiling rtx_timer.c...
compiling Semaphore.cpp...
compiling serial_api.c...
compiling rtx_thread.c...
compiling sha1.c...
compiling serial_device.c...
compiling sha1_alt.c...
compiling Serial.cpp...
compiling sha256_alt.c...
compiling SerialBase.cpp...
compiling sleep.c...
compiling sha512.c...
compiling sha256.c...
compiling ssl_cache.c...
compiling spi_api.c...
compiling SlicingBlockDevice.cpp...
compiling Socket.cpp...
compiling SocketAddress.cpp...
compiling ssl_ciphersuites.c...
compiling SPISlave.cpp...
compiling SPI.cpp...
compiling ssl_cli.c...
compiling ssl_srv.c...
compiling ssl_cookie.c...
compiling ssl_tls.c...
compiling ssl_ticket.c...
assembling startup_stm32f411xe.S...
compiling stm32f4xx_hal.c...
compiling stm32f4xx_hal_can.c...
compiling stm32f4xx_hal_cec.c...
H:\Nucleo\keil\CLONE\X1\mbed-os\targets\TARGET_STM\TARGET_STM32F4\device\stm32f4xx_hal_adc.c(1374): warning: equality comparison with extraneous parentheses [-Wparentheses-equality]
    if((sConfig->Channel == ADC_CHANNEL_TEMPSENSOR))
        ~~~~~~~~~~~~~~~~~^~~~~~~~~~~~~~~~~~~~~~~~~
H:\Nucleo\keil\CLONE\X1\mbed-os\targets\TARGET_STM\TARGET_STM32F4\device\stm32f4xx_hal_adc.c(1374): note: remove extraneous parentheses around the comparison to silence this warning
    if((sConfig->Channel == ADC_CHANNEL_TEMPSENSOR))
       ~                 ^                        ~
H:\Nucleo\keil\CLONE\X1\mbed-os\targets\TARGET_STM\TARGET_STM32F4\device\stm32f4xx_hal_adc.c(1374): note: use '=' to turn this equality comparison into an assignment
    if((sConfig->Channel == ADC_CHANNEL_TEMPSENSOR))
                         ^~
                         =
1 warning generated.
compiling stm32f4xx_hal_adc.c...
compiling stm32f4xx_hal_adc_ex.c...
compiling stm32f4xx_hal_cortex.c...
compiling stm32f4xx_hal_crc.c...
compiling stm32f4xx_hal_cryp.c...
compiling stm32f4xx_hal_cryp_ex.c...
compiling stm32f4xx_hal_dac.c...
compiling stm32f4xx_hal_dac_ex.c...
compiling stm32f4xx_hal_dcmi.c...
compiling stm32f4xx_hal_dcmi_ex.c...
compiling stm32f4xx_hal_dfsdm.c...
compiling stm32f4xx_hal_dma2d.c...
compiling stm32f4xx_hal_dma.c...
compiling stm32f4xx_hal_dma_ex.c...
compiling stm32f4xx_hal_dsi.c...
compiling stm32f4xx_hal_eth.c...
compiling stm32f4xx_hal_flash.c...
H:\Nucleo\keil\CLONE\X1\mbed-os\targets\TARGET_STM\TARGET_STM32F4\device\stm32f4xx_hal_flash_ex.c(1295): warning: equality comparison with extraneous parentheses [-Wparentheses-equality]
  if((*(__IO uint8_t*)(OPTCR_BYTE1_ADDRESS) == (uint8_t)OB_RDP_LEVEL_2))
      ~~~~~~~~~~~~~~~~~~~~~~~~~~~~~~~~~~~~~~^~~~~~~~~~~~~~~~~~~~~~~~~~
H:\Nucleo\keil\CLONE\X1\mbed-os\targets\TARGET_STM\TARGET_STM32F4\device\stm32f4xx_hal_flash_ex.c(1295): note: remove extraneous parentheses around the comparison to silence this warning
  if((*(__IO uint8_t*)(OPTCR_BYTE1_ADDRESS) == (uint8_t)OB_RDP_LEVEL_2))
     ~                                      ^                         ~
H:\Nucleo\keil\CLONE\X1\mbed-os\targets\TARGET_STM\TARGET_STM32F4\device\stm32f4xx_hal_flash_ex.c(1295): note: use '=' to turn this equality comparison into an assignment
  if((*(__IO uint8_t*)(OPTCR_BYTE1_ADDRESS) == (uint8_t)OB_RDP_LEVEL_2))
                                            ^~
                                            =
H:\Nucleo\keil\CLONE\X1\mbed-os\targets\TARGET_STM\TARGET_STM32F4\device\stm32f4xx_hal_flash_ex.c(1299): warning: equality comparison with extraneous parentheses [-Wparentheses-equality]
  else if((*(__IO uint8_t*)(OPTCR_BYTE1_ADDRESS) == (uint8_t)OB_RDP_LEVEL_1))
           ~~~~~~~~~~~~~~~~~~~~~~~~~~~~~~~~~~~~~~^~~~~~~~~~~~~~~~~~~~~~~~~~
H:\Nucleo\keil\CLONE\X1\mbed-os\targets\TARGET_STM\TARGET_STM32F4\device\stm32f4xx_hal_flash_ex.c(1299): note: remove extraneous parentheses around the comparison to silence this warning
  else if((*(__IO uint8_t*)(OPTCR_BYTE1_ADDRESS) == (uint8_t)OB_RDP_LEVEL_1))
          ~                                      ^                         ~
H:\Nucleo\keil\CLONE\X1\mbed-os\targets\TARGET_STM\TARGET_STM32F4\device\stm32f4xx_hal_flash_ex.c(1299): note: use '=' to turn this equality comparison into an assignment
  else if((*(__IO uint8_t*)(OPTCR_BYTE1_ADDRESS) == (uint8_t)OB_RDP_LEVEL_1))
                                                 ^~
                                                 =
2 warnings generated.
compiling stm32f4xx_hal_flash_ex.c...
compiling stm32f4xx_hal_flash_ramfunc.c...
compiling stm32f4xx_hal_fmpi2c.c...
compiling stm32f4xx_hal_fmpi2c_ex.c...
compiling stm32f4xx_hal_gpio.c...
compiling stm32f4xx_hal_hash.c...
compiling stm32f4xx_hal_hash_ex.c...
compiling stm32f4xx_hal_i2c_ex.c...
H:\Nucleo\keil\CLONE\X1\mbed-os\targets\TARGET_STM\TARGET_STM32F4\device\stm32f4xx_hal_hcd.c(346): warning: equality comparison with extraneous parentheses [-Wparentheses-equality]
    if ((hhcd->hc[ch_num].ep_type == EP_TYPE_CTRL)){
         ~~~~~~~~~~~~~~~~~~~~~~~~~^~~~~~~~~~~~~~~
H:\Nucleo\keil\CLONE\X1\mbed-os\targets\TARGET_STM\TARGET_STM32F4\device\stm32f4xx_hal_hcd.c(346): note: remove extraneous parentheses around the comparison to silence this warning
    if ((hhcd->hc[ch_num].ep_type == EP_TYPE_CTRL)){
        ~                         ^              ~
H:\Nucleo\keil\CLONE\X1\mbed-os\targets\TARGET_STM\TARGET_STM32F4\device\stm32f4xx_hal_hcd.c(346): note: use '=' to turn this equality comparison into an assignment
    if ((hhcd->hc[ch_num].ep_type == EP_TYPE_CTRL)){
                                  ^~
                                  =
1 warning generated.
compiling stm32f4xx_hal_hcd.c...
compiling stm32f4xx_hal_i2s.c...
compiling stm32f4xx_hal_i2s_ex.c...
compiling stm32f4xx_hal_iwdg.c...
compiling stm32f4xx_hal_irda.c...
compiling stm32f4xx_hal_lptim.c...
compiling stm32f4xx_hal_ltdc.c...
compiling stm32f4xx_hal_ltdc_ex.c...
compiling stm32f4xx_hal_nand.c...
compiling stm32f4xx_hal_i2c.c...
compiling stm32f4xx_hal_nor.c...
compiling stm32f4xx_hal_pccard.c...
compiling stm32f4xx_hal_pcd_ex.c...
compiling stm32f4xx_hal_mmc.c...
compiling stm32f4xx_hal_qspi.c...
compiling stm32f4xx_hal_pwr.c...
compiling stm32f4xx_hal_pwr_ex.c...
compiling stm32f4xx_hal_pcd.c...
compiling stm32f4xx_hal_rng.c...
compiling stm32f4xx_hal_rcc.c...
compiling stm32f4xx_hal_rcc_ex.c...
compiling stm32f4xx_hal_sai_ex.c...
compiling stm32f4xx_hal_sai.c...
compiling stm32f4xx_hal_rtc.c...
compiling stm32f4xx_hal_rtc_ex.c...
compiling stm32f4xx_hal_sdram.c...
compiling stm32f4xx_hal_spdifrx.c...
compiling stm32f4xx_hal_smartcard.c...
compiling stm32f4xx_hal_sram.c...
compiling stm32f4xx_hal_sd.c...
compiling stm32f4xx_hal_spi.c...
H:\Nucleo\keil\CLONE\X1\mbed-os\targets\TARGET_STM\TARGET_STM32F4\device\stm32f4xx_hal_tim_ex.c(391): warning: equality comparison with extraneous parentheses [-Wparentheses-equality]
   if((htim->State == HAL_TIM_STATE_BUSY))
       ~~~~~~~~~~~~^~~~~~~~~~~~~~~~~~~~~
H:\Nucleo\keil\CLONE\X1\mbed-os\targets\TARGET_STM\TARGET_STM32F4\device\stm32f4xx_hal_tim_ex.c(391): note: remove extraneous parentheses around the comparison to silence this warning
   if((htim->State == HAL_TIM_STATE_BUSY))
      ~            ^                    ~
H:\Nucleo\keil\CLONE\X1\mbed-os\targets\TARGET_STM\TARGET_STM32F4\device\stm32f4xx_hal_tim_ex.c(391): note: use '=' to turn this equality comparison into an assignment
   if((htim->State == HAL_TIM_STATE_BUSY))
                   ^~
                   =
H:\Nucleo\keil\CLONE\X1\mbed-os\targets\TARGET_STM\TARGET_STM32F4\device\stm32f4xx_hal_tim_ex.c(395): warning: equality comparison with extraneous parentheses [-Wparentheses-equality]
  else if((htim->State == HAL_TIM_STATE_READY))
           ~~~~~~~~~~~~^~~~~~~~~~~~~~~~~~~~~~
H:\Nucleo\keil\CLONE\X1\mbed-os\targets\TARGET_STM\TARGET_STM32F4\device\stm32f4xx_hal_tim_ex.c(395): note: remove extraneous parentheses around the comparison to silence this warning
  else if((htim->State == HAL_TIM_STATE_READY))
          ~            ^                     ~
H:\Nucleo\keil\CLONE\X1\mbed-os\targets\TARGET_STM\TARGET_STM32F4\device\stm32f4xx_hal_tim_ex.c(395): note: use '=' to turn this equality comparison into an assignment
  else if((htim->State == HAL_TIM_STATE_READY))
                       ^~
                       =
H:\Nucleo\keil\CLONE\X1\mbed-os\targets\TARGET_STM\TARGET_STM32F4\device\stm32f4xx_hal_tim_ex.c(698): warning: equality comparison with extraneous parentheses [-Wparentheses-equality]
  if((htim->State == HAL_TIM_STATE_BUSY))
      ~~~~~~~~~~~~^~~~~~~~~~~~~~~~~~~~~
H:\Nucleo\keil\CLONE\X1\mbed-os\targets\TARGET_STM\TARGET_STM32F4\device\stm32f4xx_hal_tim_ex.c(698): note: remove extraneous parentheses around the comparison to silence this warning
  if((htim->State == HAL_TIM_STATE_BUSY))
     ~            ^                    ~
H:\Nucleo\keil\CLONE\X1\mbed-os\targets\TARGET_STM\TARGET_STM32F4\device\stm32f4xx_hal_tim_ex.c(698): note: use '=' to turn this equality comparison into an assignment
  if((htim->State == HAL_TIM_STATE_BUSY))
                  ^~
                  =
H:\Nucleo\keil\CLONE\X1\mbed-os\targets\TARGET_STM\TARGET_STM32F4\device\stm32f4xx_hal_tim_ex.c(702): warning: equality comparison with extraneous parentheses [-Wparentheses-equality]
  else if((htim->State == HAL_TIM_STATE_READY))
           ~~~~~~~~~~~~^~~~~~~~~~~~~~~~~~~~~~
H:\Nucleo\keil\CLONE\X1\mbed-os\targets\TARGET_STM\TARGET_STM32F4\device\stm32f4xx_hal_tim_ex.c(702): note: remove extraneous parentheses around the comparison to silence this warning
  else if((htim->State == HAL_TIM_STATE_READY))
          ~            ^                     ~
H:\Nucleo\keil\CLONE\X1\mbed-os\targets\TARGET_STM\TARGET_STM32F4\device\stm32f4xx_hal_tim_ex.c(702): note: use '=' to turn this equality comparison into an assignment
  else if((htim->State == HAL_TIM_STATE_READY))
                       ^~
                       =
H:\Nucleo\keil\CLONE\X1\mbed-os\targets\TARGET_STM\TARGET_STM32F4\device\stm32f4xx_hal_tim_ex.c(1116): warning: equality comparison with extraneous parentheses [-Wparentheses-equality]
  if((htim->State == HAL_TIM_STATE_BUSY))
      ~~~~~~~~~~~~^~~~~~~~~~~~~~~~~~~~~
H:\Nucleo\keil\CLONE\X1\mbed-os\targets\TARGET_STM\TARGET_STM32F4\device\stm32f4xx_hal_tim_ex.c(1116): note: remove extraneous parentheses around the comparison to silence this warning
  if((htim->State == HAL_TIM_STATE_BUSY))
     ~            ^                    ~
H:\Nucleo\keil\CLONE\X1\mbed-os\targets\TARGET_STM\TARGET_STM32F4\device\stm32f4xx_hal_tim_ex.c(1116): note: use '=' to turn this equality comparison into an assignment
  if((htim->State == HAL_TIM_STATE_BUSY))
                  ^~
                  =
H:\Nucleo\keil\CLONE\X1\mbed-os\targets\TARGET_STM\TARGET_STM32F4\device\stm32f4xx_hal_tim_ex.c(1120): warning: equality comparison with extraneous parentheses [-Wparentheses-equality]
  else if((htim->State == HAL_TIM_STATE_READY))
           ~~~~~~~~~~~~^~~~~~~~~~~~~~~~~~~~~~
H:\Nucleo\keil\CLONE\X1\mbed-os\targets\TARGET_STM\TARGET_STM32F4\device\stm32f4xx_hal_tim_ex.c(1120): note: remove extraneous parentheses around the comparison to silence this warning
  else if((htim->State == HAL_TIM_STATE_READY))
          ~            ^                     ~
H:\Nucleo\keil\CLONE\X1\mbed-os\targets\TARGET_STM\TARGET_STM32F4\device\stm32f4xx_hal_tim_ex.c(1120): note: use '=' to turn this equality comparison into an assignment
  else if((htim->State == HAL_TIM_STATE_READY))
                       ^~
                       =
6 warnings generated.
compiling stm32f4xx_hal_tim_ex.c...
compiling stm32f4xx_ll_adc.c...
compiling stm32f4xx_hal_wwdg.c...
compiling stm32f4xx_ll_crc.c...
compiling stm32f4xx_hal_uart.c...
H:\Nucleo\keil\CLONE\X1\mbed-os\targets\TARGET_STM\TARGET_STM32F4\device\stm32f4xx_hal_tim.c(401): warning: equality comparison with extraneous parentheses [-Wparentheses-equality]
  if((htim->State == HAL_TIM_STATE_BUSY))
      ~~~~~~~~~~~~^~~~~~~~~~~~~~~~~~~~~
H:\Nucleo\keil\CLONE\X1\mbed-os\targets\TARGET_STM\TARGET_STM32F4\device\stm32f4xx_hal_tim.c(401): note: remove extraneous parentheses around the comparison to silence this warning
  if((htim->State == HAL_TIM_STATE_BUSY))
     ~            ^                    ~
H:\Nucleo\keil\CLONE\X1\mbed-os\targets\TARGET_STM\TARGET_STM32F4\device\stm32f4xx_hal_tim.c(401): note: use '=' to turn this equality comparison into an assignment
  if((htim->State == HAL_TIM_STATE_BUSY))
                  ^~
                  =
H:\Nucleo\keil\CLONE\X1\mbed-os\targets\TARGET_STM\TARGET_STM32F4\device\stm32f4xx_hal_tim.c(405): warning: equality comparison with extraneous parentheses [-Wparentheses-equality]
  else if((htim->State == HAL_TIM_STATE_READY))
           ~~~~~~~~~~~~^~~~~~~~~~~~~~~~~~~~~~
H:\Nucleo\keil\CLONE\X1\mbed-os\targets\TARGET_STM\TARGET_STM32F4\device\stm32f4xx_hal_tim.c(405): note: remove extraneous parentheses around the comparison to silence this warning
  else if((htim->State == HAL_TIM_STATE_READY))
          ~            ^                     ~
H:\Nucleo\keil\CLONE\X1\mbed-os\targets\TARGET_STM\TARGET_STM32F4\device\stm32f4xx_hal_tim.c(405): note: use '=' to turn this equality comparison into an assignment
  else if((htim->State == HAL_TIM_STATE_READY))
                       ^~
                       =
H:\Nucleo\keil\CLONE\X1\mbed-os\targets\TARGET_STM\TARGET_STM32F4\device\stm32f4xx_hal_tim.c(800): warning: equality comparison with extraneous parentheses [-Wparentheses-equality]
  if((htim->State == HAL_TIM_STATE_BUSY))
      ~~~~~~~~~~~~^~~~~~~~~~~~~~~~~~~~~
H:\Nucleo\keil\CLONE\X1\mbed-os\targets\TARGET_STM\TARGET_STM32F4\device\stm32f4xx_hal_tim.c(800): note: remove extraneous parentheses around the comparison to silence this warning
  if((htim->State == HAL_TIM_STATE_BUSY))
     ~            ^                    ~
H:\Nucleo\keil\CLONE\X1\mbed-os\targets\TARGET_STM\TARGET_STM32F4\device\stm32f4xx_hal_tim.c(800): note: use '=' to turn this equality comparison into an assignment
  if((htim->State == HAL_TIM_STATE_BUSY))
                  ^~
                  =
H:\Nucleo\keil\CLONE\X1\mbed-os\targets\TARGET_STM\TARGET_STM32F4\device\stm32f4xx_hal_tim.c(804): warning: equality comparison with extraneous parentheses [-Wparentheses-equality]
  else if((htim->State == HAL_TIM_STATE_READY))
           ~~~~~~~~~~~~^~~~~~~~~~~~~~~~~~~~~~
H:\Nucleo\keil\CLONE\X1\mbed-os\targets\TARGET_STM\TARGET_STM32F4\device\stm32f4xx_hal_tim.c(804): note: remove extraneous parentheses around the comparison to silence this warning
  else if((htim->State == HAL_TIM_STATE_READY))
          ~            ^                     ~
H:\Nucleo\keil\CLONE\X1\mbed-os\targets\TARGET_STM\TARGET_STM32F4\device\stm32f4xx_hal_tim.c(804): note: use '=' to turn this equality comparison into an assignment
  else if((htim->State == HAL_TIM_STATE_READY))
                       ^~
                       =
H:\Nucleo\keil\CLONE\X1\mbed-os\targets\TARGET_STM\TARGET_STM32F4\device\stm32f4xx_hal_tim.c(1315): warning: equality comparison with extraneous parentheses [-Wparentheses-equality]
  if((htim->State == HAL_TIM_STATE_BUSY))
      ~~~~~~~~~~~~^~~~~~~~~~~~~~~~~~~~~
H:\Nucleo\keil\CLONE\X1\mbed-os\targets\TARGET_STM\TARGET_STM32F4\device\stm32f4xx_hal_tim.c(1315): note: remove extraneous parentheses around the comparison to silence this warning
  if((htim->State == HAL_TIM_STATE_BUSY))
     ~            ^                    ~
H:\Nucleo\keil\CLONE\X1\mbed-os\targets\TARGET_STM\TARGET_STM32F4\device\stm32f4xx_hal_tim.c(1315): note: use '=' to turn this equality comparison into an assignment
  if((htim->State == HAL_TIM_STATE_BUSY))
                  ^~
                  =
H:\Nucleo\keil\CLONE\X1\mbed-os\targets\TARGET_STM\TARGET_STM32F4\device\stm32f4xx_hal_tim.c(1319): warning: equality comparison with extraneous parentheses [-Wparentheses-equality]
  else if((htim->State == HAL_TIM_STATE_READY))
           ~~~~~~~~~~~~^~~~~~~~~~~~~~~~~~~~~~
H:\Nucleo\keil\CLONE\X1\mbed-os\targets\TARGET_STM\TARGET_STM32F4\device\stm32f4xx_hal_tim.c(1319): note: remove extraneous parentheses around the comparison to silence this warning
  else if((htim->State == HAL_TIM_STATE_READY))
          ~            ^                     ~
H:\Nucleo\keil\CLONE\X1\mbed-os\targets\TARGET_STM\TARGET_STM32F4\device\stm32f4xx_hal_tim.c(1319): note: use '=' to turn this equality comparison into an assignment
  else if((htim->State == HAL_TIM_STATE_READY))
                       ^~
                       =
H:\Nucleo\keil\CLONE\X1\mbed-os\targets\TARGET_STM\TARGET_STM32F4\device\stm32f4xx_hal_tim.c(1803): warning: equality comparison with extraneous parentheses [-Wparentheses-equality]
  if((htim->State == HAL_TIM_STATE_BUSY))
      ~~~~~~~~~~~~^~~~~~~~~~~~~~~~~~~~~
H:\Nucleo\keil\CLONE\X1\mbed-os\targets\TARGET_STM\TARGET_STM32F4\device\stm32f4xx_hal_tim.c(1803): note: remove extraneous parentheses around the comparison to silence this warning
  if((htim->State == HAL_TIM_STATE_BUSY))
     ~            ^                    ~
H:\Nucleo\keil\CLONE\X1\mbed-os\targets\TARGET_STM\TARGET_STM32F4\device\stm32f4xx_hal_tim.c(1803): note: use '=' to turn this equality comparison into an assignment
  if((htim->State == HAL_TIM_STATE_BUSY))
                  ^~
                  =
H:\Nucleo\keil\CLONE\X1\mbed-os\targets\TARGET_STM\TARGET_STM32F4\device\stm32f4xx_hal_tim.c(1807): warning: equality comparison with extraneous parentheses [-Wparentheses-equality]
  else if((htim->State == HAL_TIM_STATE_READY))
           ~~~~~~~~~~~~^~~~~~~~~~~~~~~~~~~~~~
H:\Nucleo\keil\CLONE\X1\mbed-os\targets\TARGET_STM\TARGET_STM32F4\device\stm32f4xx_hal_tim.c(1807): note: remove extraneous parentheses around the comparison to silence this warning
  else if((htim->State == HAL_TIM_STATE_READY))
          ~            ^                     ~
H:\Nucleo\keil\CLONE\X1\mbed-os\targets\TARGET_STM\TARGET_STM32F4\device\stm32f4xx_hal_tim.c(1807): note: use '=' to turn this equality comparison into an assignment
  else if((htim->State == HAL_TIM_STATE_READY))
                       ^~
                       =
H:\Nucleo\keil\CLONE\X1\mbed-os\targets\TARGET_STM\TARGET_STM32F4\device\stm32f4xx_hal_tim.c(2635): warning: equality comparison with extraneous parentheses [-Wparentheses-equality]
  if((htim->State == HAL_TIM_STATE_BUSY))
      ~~~~~~~~~~~~^~~~~~~~~~~~~~~~~~~~~
H:\Nucleo\keil\CLONE\X1\mbed-os\targets\TARGET_STM\TARGET_STM32F4\device\stm32f4xx_hal_tim.c(2635): note: remove extraneous parentheses around the comparison to silence this warning
  if((htim->State == HAL_TIM_STATE_BUSY))
     ~            ^                    ~
H:\Nucleo\keil\CLONE\X1\mbed-os\targets\TARGET_STM\TARGET_STM32F4\device\stm32f4xx_hal_tim.c(2635): note: use '=' to turn this equality comparison into an assignment
  if((htim->State == HAL_TIM_STATE_BUSY))
                  ^~
                  =
H:\Nucleo\keil\CLONE\X1\mbed-os\targets\TARGET_STM\TARGET_STM32F4\device\stm32f4xx_hal_tim.c(2639): warning: equality comparison with extraneous parentheses [-Wparentheses-equality]
  else if((htim->State == HAL_TIM_STATE_READY))
           ~~~~~~~~~~~~^~~~~~~~~~~~~~~~~~~~~~
H:\Nucleo\keil\CLONE\X1\mbed-os\targets\TARGET_STM\TARGET_STM32F4\device\stm32f4xx_hal_tim.c(2639): note: remove extraneous parentheses around the comparison to silence this warning
  else if((htim->State == HAL_TIM_STATE_READY))
          ~            ^                     ~
H:\Nucleo\keil\CLONE\X1\mbed-os\targets\TARGET_STM\TARGET_STM32F4\device\stm32f4xx_hal_tim.c(2639): note: use '=' to turn this equality comparison into an assignment
  else if((htim->State == HAL_TIM_STATE_READY))
                       ^~
                       =
H:\Nucleo\keil\CLONE\X1\mbed-os\targets\TARGET_STM\TARGET_STM32F4\device\stm32f4xx_hal_tim.c(3388): warning: equality comparison with extraneous parentheses [-Wparentheses-equality]
  if((htim->State == HAL_TIM_STATE_BUSY))
      ~~~~~~~~~~~~^~~~~~~~~~~~~~~~~~~~~
H:\Nucleo\keil\CLONE\X1\mbed-os\targets\TARGET_STM\TARGET_STM32F4\device\stm32f4xx_hal_tim.c(3388): note: remove extraneous parentheses around the comparison to silence this warning
  if((htim->State == HAL_TIM_STATE_BUSY))
     ~            ^                    ~
H:\Nucleo\keil\CLONE\X1\mbed-os\targets\TARGET_STM\TARGET_STM32F4\device\stm32f4xx_hal_tim.c(3388): note: use '=' to turn this equality comparison into an assignment
  if((htim->State == HAL_TIM_STATE_BUSY))
                  ^~
                  =
H:\Nucleo\keil\CLONE\X1\mbed-os\targets\TARGET_STM\TARGET_STM32F4\device\stm32f4xx_hal_tim.c(3392): warning: equality comparison with extraneous parentheses [-Wparentheses-equality]
  else if((htim->State == HAL_TIM_STATE_READY))
           ~~~~~~~~~~~~^~~~~~~~~~~~~~~~~~~~~~
H:\Nucleo\keil\CLONE\X1\mbed-os\targets\TARGET_STM\TARGET_STM32F4\device\stm32f4xx_hal_tim.c(3392): note: remove extraneous parentheses around the comparison to silence this warning
  else if((htim->State == HAL_TIM_STATE_READY))
          ~            ^                     ~
H:\Nucleo\keil\CLONE\X1\mbed-os\targets\TARGET_STM\TARGET_STM32F4\device\stm32f4xx_hal_tim.c(3392): note: use '=' to turn this equality comparison into an assignment
  else if((htim->State == HAL_TIM_STATE_READY))
                       ^~
                       =
H:\Nucleo\keil\CLONE\X1\mbed-os\targets\TARGET_STM\TARGET_STM32F4\device\stm32f4xx_hal_tim.c(3613): warning: equality comparison with extraneous parentheses [-Wparentheses-equality]
  if((htim->State == HAL_TIM_STATE_BUSY))
      ~~~~~~~~~~~~^~~~~~~~~~~~~~~~~~~~~
H:\Nucleo\keil\CLONE\X1\mbed-os\targets\TARGET_STM\TARGET_STM32F4\device\stm32f4xx_hal_tim.c(3613): note: remove extraneous parentheses around the comparison to silence this warning
  if((htim->State == HAL_TIM_STATE_BUSY))
     ~            ^                    ~
H:\Nucleo\keil\CLONE\X1\mbed-os\targets\TARGET_STM\TARGET_STM32F4\device\stm32f4xx_hal_tim.c(3613): note: use '=' to turn this equality comparison into an assignment
  if((htim->State == HAL_TIM_STATE_BUSY))
                  ^~
                  =
H:\Nucleo\keil\CLONE\X1\mbed-os\targets\TARGET_STM\TARGET_STM32F4\device\stm32f4xx_hal_tim.c(3617): warning: equality comparison with extraneous parentheses [-Wparentheses-equality]
  else if((htim->State == HAL_TIM_STATE_READY))
           ~~~~~~~~~~~~^~~~~~~~~~~~~~~~~~~~~~
H:\Nucleo\keil\CLONE\X1\mbed-os\targets\TARGET_STM\TARGET_STM32F4\device\stm32f4xx_hal_tim.c(3617): note: remove extraneous parentheses around the comparison to silence this warning
  else if((htim->State == HAL_TIM_STATE_READY))
          ~            ^                     ~
H:\Nucleo\keil\CLONE\X1\mbed-os\targets\TARGET_STM\TARGET_STM32F4\device\stm32f4xx_hal_tim.c(3617): note: use '=' to turn this equality comparison into an assignment
  else if((htim->State == HAL_TIM_STATE_READY))
                       ^~
                       =
14 warnings generated.
compiling stm32f4xx_hal_tim.c...
compiling stm32f4xx_hal_usart.c...
compiling stm32f4xx_ll_dac.c...
compiling stm32f4xx_ll_dma.c...
compiling stm32f4xx_ll_exti.c...
compiling stm32f4xx_ll_dma2d.c...
compiling stm32f4xx_ll_fmc.c...
compiling stm32f4xx_ll_gpio.c...
compiling stm32f4xx_ll_pwr.c...
compiling stm32f4xx_ll_rng.c...
compiling stm32f4xx_ll_lptim.c...
compiling stm32f4xx_ll_i2c.c...
compiling stm32f4xx_ll_rcc.c...
compiling stm32f4xx_ll_fsmc.c...
compiling stm32f4xx_ll_rtc.c...
compiling stm32f4xx_ll_spi.c...
compiling stm32f4xx_ll_usart.c...
compiling stm32f4xx_ll_tim.c...
compiling stm32f4xx_ll_sdmmc.c...
compiling stm32f4xx_ll_utils.c...
H:\Nucleo\keil\CLONE\X1\mbed-os\targets\TARGET_STM\TARGET_STM32F4\device\stm32f4xx_ll_usb.c(888): warning: '__packed__' attribute ignored when parsing type [-Wignored-attributes]
      USBx_DFIFO(ch_ep_num) = *((__packed uint32_t *)src);
                                 ^~~~~~~~
H:\Nucleo\keil\CLONE\X1\mbed-os\targets\TARGET_STM\TARGET_STM32F4\device\stm32f4xx_hal_def.h(154): note: expanded from macro '__packed'
    #define __packed __attribute__((__packed__))
                                    ^~~~~~~~~~
H:\Nucleo\keil\CLONE\X1\mbed-os\targets\TARGET_STM\TARGET_STM32F4\device\stm32f4xx_ll_usb.c(914): warning: '__packed__' attribute ignored when parsing type [-Wignored-attributes]
    *(__packed uint32_t *)dest = USBx_DFIFO(0U);
      ^~~~~~~~
H:\Nucleo\keil\CLONE\X1\mbed-os\targets\TARGET_STM\TARGET_STM32F4\device\stm32f4xx_hal_def.h(154): note: expanded from macro '__packed'
    #define __packed __attribute__((__packed__))
                                    ^~~~~~~~~~
2 warnings generated.
compiling stm32f4xx_ll_usb.c...
compiling system_clock.c...
compiling system_stm32f4xx.c...
compiling stm_spi_api.c...
compiling threading.c...
compiling Stream.cpp...
compiling TCPSocket.cpp...
compiling Ticker.cpp...
compiling Timeout.cpp...
compiling TCPServer.cpp...
compiling TimerEvent.cpp...
compiling Timer.cpp...
compiling timing.c...
compiling trng_api.c...
compiling Thread.cpp...
compiling us_ticker_16b.c...
compiling us_ticker_32b.c...
compiling unity.c...
compiling UDPSocket.cpp...
compiling UARTCellularInterface.cpp...
compiling UARTSerial.cpp...
compiling unity_handler.cpp...
compiling utest_stack_trace.cpp...
compiling utest_default_handlers.cpp...
compiling version.c...
compiling utest_greentea_handlers.cpp...
compiling utest_case.cpp...
compiling utest_shim.cpp...
compiling version_features.c...
compiling WiFiAccessPoint.cpp...
compiling x509_create.c...
compiling utest_harness.cpp...
compiling utest_types.cpp...
compiling x509.c...
compiling x509_csr.c...
compiling x509write_csr.c...
compiling x509write_crt.c...
compiling x509_crl.c...
compiling xtea.c...
compiling x509_crt.c...
H:\Nucleo\keil\CLONE\X1\X_NUCLEO_IHM01A1\Components\L6474\L6474.cpp(54): warning: In file included from...
H:\Nucleo\keil\CLONE\X1\X_NUCLEO_IHM01A1\Components\L6474\L6474.h(607): warning: comparison of two values with different enumeration types ('motorStepMode_t' and 'StepperMotor::step_mode_t') [-Wenum-compare]
        if ((motorStepMode_t) step_mode > STEP_MODE_1_16) {
            ~~~~~~~~~~~~~~~~~~~~~~~~~~~ ^ ~~~~~~~~~~~~~~
H:\Nucleo\keil\CLONE\X1\X_NUCLEO_IHM01A1\Components\L6474\L6474.cpp(760): warning: comparison of two values with different enumeration types in switch statement ('motorStepMode_t' and 'StepperMotor::step_mode_t') [-Wenum-compare-switch]
    case STEP_MODE_1_16:
         ^~~~~~~~~~~~~~
H:\Nucleo\keil\CLONE\X1\X_NUCLEO_IHM01A1\Components\L6474\L6474.cpp(757): warning: comparison of two values with different enumeration types in switch statement ('motorStepMode_t' and 'StepperMotor::step_mode_t') [-Wenum-compare-switch]
    case STEP_MODE_1_8:
         ^~~~~~~~~~~~~
H:\Nucleo\keil\CLONE\X1\X_NUCLEO_IHM01A1\Components\L6474\L6474.cpp(754): warning: comparison of two values with different enumeration types in switch statement ('motorStepMode_t' and 'StepperMotor::step_mode_t') [-Wenum-compare-switch]
    case STEP_MODE_1_4:
         ^~~~~~~~~~~~~
H:\Nucleo\keil\CLONE\X1\X_NUCLEO_IHM01A1\Components\L6474\L6474.cpp(751): warning: comparison of two values with different enumeration types in switch statement ('motorStepMode_t' and 'StepperMotor::step_mode_t') [-Wenum-compare-switch]
    case STEP_MODE_HALF:
         ^~~~~~~~~~~~~~
H:\Nucleo\keil\CLONE\X1\X_NUCLEO_IHM01A1\Components\L6474\L6474.cpp(748): warning: comparison of two values with different enumeration types in switch statement ('motorStepMode_t' and 'StepperMotor::step_mode_t') [-Wenum-compare-switch]
    case STEP_MODE_FULL:
         ^~~~~~~~~~~~~~
6 warnings generated.
compiling L6474.cpp...
compiling Tokenizer.cpp...
H:\Nucleo\keil\CLONE\X1\main.cpp(49): warning: In file included from...
H:\Nucleo\keil\CLONE\X1\X_NUCLEO_IHM01A1\Components\L6474\L6474.h(607): warning: comparison of two values with different enumeration types ('motorStepMode_t' and 'StepperMotor::step_mode_t') [-Wenum-compare]
        if ((motorStepMode_t) step_mode > STEP_MODE_1_16) {
            ~~~~~~~~~~~~~~~~~~~~~~~~~~~ ^ ~~~~~~~~~~~~~~
H:\Nucleo\keil\CLONE\X1\main.cpp(512): warning: ISO C++11 does not allow conversion from string literal to 'char *' [-Wwritable-strings]
     sendString("INFO ALIVE");
                ^
H:\Nucleo\keil\CLONE\X1\main.cpp(521): warning: ISO C++11 does not allow conversion from string literal to 'char *' [-Wwritable-strings]
  sendString("INFO START WITH POWER OFF");
             ^
3 warnings generated.
compiling main.cpp...
linking...
.\BUILD\Nucleo_rtos_basic_v2.axf: Warning: L3912W: Option 'legacyalign' is deprecated.
Program Size: Code=47356 RO-data=2900 RW-data=216 ZI-data=11384  
Finished: 0 information, 1 warning and 0 error messages.
".\BUILD\Nucleo_rtos_basic_v2.axf" - 0 Error(s), 36 Warning(s).

<h2>Software Packages used:</h2>

Package Vendor: Keil
                http://www.keil.com/pack/Keil.STM32F4xx_DFP.2.14.0.pack
                Keil.STM32F4xx_DFP.2.14.0
                STMicroelectronics STM32F4 Series Device Support, Drivers and Examples

<h2>Collection of Component include folders:</h2>
  .\RTE\_Nucleo_rtos_basic_F4
  C:\Users\Luca\AppData\Local\Arm\Packs\Keil\STM32F4xx_DFP\2.14.0\Drivers\CMSIS\Device\ST\STM32F4xx\Include

<h2>Collection of Component Files used:</h2>
Build Time Elapsed:  00:00:30
</pre>
</body>
</html>
