<html>
<body>
<pre>
<h1>µVision Build Log</h1>
<h2>Tool Versions:</h2>
IDE-Version: µVision V5.29.0.0
Copyright (C) 2019 ARM Ltd and ARM Germany GmbH. All rights reserved.
License Information: jack Luca, none, LIC=MGX01-CD87P-32EL5-GLD86-DAANN-ZADAX
 
Tool Versions:
Toolchain:       MDK-ARM Professional  Version: 5.29.0.0
Toolchain Path:  I:\HDDProgInstall\keil\ARM\ARMCLANG\Bin
C Compiler:      ArmClang.exe V6.13.1
Assembler:       Armasm.exe V6.13.1
Linker/Locator:  ArmLink.exe V6.13.1
Library Manager: ArmAr.exe V6.13.1
Hex Converter:   FromElf.exe V6.13.1
CPU DLL:         
Dialog DLL:      DCM.DLL V1.17.3.0
Target DLL:      STLink\ST-LINKIII-KEIL_SWO.dll V3.0.7.0
Dialog DLL:      TCM.DLL V1.36.5.0
 
<h2>Project:</h2>
H:\Nucleo\keil\cnc\X1\Nucleo_rtos_basic_v2.uvprojx
Project File Date:  01/02/2020

<h2>Output:</h2>
*** Using Compiler 'V6.13.1', folder: 'I:\HDDProgInstall\keil\ARM\ARMCLANG\Bin'
Build Project 'Nucleo_rtos_basic_v2' - Target 'Nucleo_rtos_basic_f7'
compiling aesni.c...
compiling aes_alt.c...
compiling analogin_api.c...
compiling analogout_api.c...
compiling analogin_device.c...
compiling arc4.c...
compiling aes.c...
compiling AnalogIn.cpp...
compiling analogout_device.c...
compiling asn1parse.c...
compiling asn1write.c...
compiling base64.c...
compiling blowfish.c...
compiling camellia.c...
compiling BusIn.cpp...
compiling BusInOut.cpp...
compiling BusOut.cpp...
compiling ATCmdParser.cpp...
compiling CallChain.cpp...
compiling can_api.c...
compiling bignum.c...
compiling CAN.cpp...
compiling ccsbcs.cpp...
compiling certs.c...
compiling ccm.c...
compiling cmac.c...
compiling cipher_wrap.c...
compiling cmsis_os1.c...
compiling cipher.c...
compiling ctr_drbg.c...
compiling debug.c...
compiling des.c...
compiling dhm.c...
compiling ecdh.c...
compiling ConditionVariable.cpp...
compiling ecjpake.c...
compiling ChainingBlockDevice.cpp...
compiling ecdsa.c...
compiling entropy_poll.c...
compiling entropy.c...
compiling ecp_curves.c...
compiling Dir.cpp...
compiling equeue_posix.c...
compiling equeue.c...
compiling error.c...
compiling ecp.c...
compiling Ethernet.cpp...
compiling EventFlags.cpp...
compiling equeue_mbed.cpp...
compiling EventQueue.cpp...
compiling FileHandle.cpp...
compiling FileBase.cpp...
compiling FilePath.cpp...
compiling FATFileSystem.cpp...
compiling File.cpp...
compiling ff.cpp...
compiling flash_api.c...
compiling gpio_api.c...
compiling FlashIAP.cpp...
compiling gcm.c...
compiling gpio_irq_api.c...
compiling gpio_irq_device.c...
compiling FileSystemHandle.cpp...
compiling FileSystem.cpp...
compiling hal_tick_16b.c...
compiling havege.c...
compiling hal_tick_32b.c...
compiling greentea_serial.cpp...
compiling hmac_drbg.c...
compiling greentea_metrics.cpp...
compiling greentea_test_env.cpp...
compiling i2c_api.c...
compiling I2CSlave.cpp...
compiling I2C.cpp...
compiling HeapBlockDevice.cpp...
assembling irq_cm3.S...
compiling InterruptIn.cpp...
compiling InterruptManager.cpp...
compiling lp_ticker.c...
compiling LocalFileSystem.cpp...
compiling mbed_alloc_wrappers.cpp...
compiling mbed_application.c...
compiling mbed_assert.c...
compiling mbed_board.c...
compiling mbed_boot.c...
compiling mbed_critical.c...
compiling mbed-utest-shim.cpp...
compiling mbed_error.c...
compiling mbed_flash_api.c...
compiling mbed_gpio.c...
compiling mbed_mem_trace.c...
compiling mbed_interface.c...
compiling mbed_mktime.c...
compiling mbed_lp_ticker_api.c...
compiling mbed_overrides.c...
compiling mbed_pinmap_common.c...
compiling mbed_rtx_handlers.c...
compiling mbed_sdk_boot.c...
compiling mbed_semihost_api.c...
compiling mbed_rtc_time.cpp...
compiling mbed_poll.cpp...
compiling mbed_rtx_idle.cpp...
compiling mbed_trng.c...
compiling mbed_stats.c...
compiling mbed_retarget.cpp...
compiling mbed_sleep_manager.c...
compiling mbed_us_ticker_api.c...
compiling mbed_ticker_api.c...
compiling mbed_wait_api_no_rtos.c...
compiling md2.c...
compiling md.c...
compiling md4.c...
compiling mbed_shared_queues.cpp...
compiling md5.c...
compiling md5_alt.c...
compiling memory_buffer_alloc.c...
compiling net_sockets.c...
compiling md_wrap.c...
compiling mbed_wait_api_rtos.cpp...
compiling Mutex.cpp...
compiling NetworkInterface.cpp...
compiling OnboardCellularInterface.cpp...
compiling oid.c...
compiling os_tick_ptim.c...
compiling os_systick.c...
compiling MBRBlockDevice.cpp...
compiling padlock.c...
compiling nsapi_dns.cpp...
compiling pem.c...
compiling PeripheralPins.c...
compiling pkcs11.c...
compiling NetworkStack.cpp...
compiling pinmap.c...
compiling pk.c...
compiling pkcs12.c...
compiling pk_wrap.c...
compiling pkcs5.c...
compiling platform.c...
compiling pkwrite.c...
compiling pkparse.c...
compiling port_api.c...
compiling pwmout_api.c...
compiling ripemd160.c...
compiling pwmout_device.c...
compiling rt_OsEventObserver.c...
compiling PPPCellularInterface.cpp...
compiling ProfilingBlockDevice.cpp...
compiling RawSerial.cpp...
compiling RTX_Config.c...
compiling rtc_api.c...
compiling rsa.c...
compiling rtx_delay.c...
compiling rtx_lib.c...
compiling rtx_evflags.c...
compiling rtx_evr.c...
compiling rtx_memory.c...
compiling RtosTimer.cpp...
compiling rtx_kernel.c...
compiling rtx_mempool.c...
compiling rtx_mutex.c...
compiling rtx_semaphore.c...
compiling rtx_msgqueue.c...
compiling rtx_system.c...
compiling rtx_timer.c...
compiling sha1.c...
compiling Semaphore.cpp...
compiling serial_api.c...
compiling rtx_thread.c...
compiling serial_device.c...
compiling sha1_alt.c...
compiling sha256_alt.c...
compiling Serial.cpp...
compiling SerialBase.cpp...
compiling sleep.c...
compiling sha256.c...
compiling sha512.c...
compiling spi_api.c...
compiling ssl_cache.c...
compiling SlicingBlockDevice.cpp...
compiling Socket.cpp...
compiling ssl_ciphersuites.c...
compiling SPI.cpp...
compiling SocketAddress.cpp...
compiling SPISlave.cpp...
compiling ssl_cli.c...
compiling ssl_cookie.c...
compiling ssl_ticket.c...
compiling ssl_srv.c...
compiling ssl_tls.c...
assembling startup_stm32l152xe.S...
compiling stm32l1xx_hal.c...
H:\Nucleo\keil\cnc\X1\mbed-os\targets\TARGET_STM\TARGET_STM32L1\device\stm32l1xx_hal_adc.c(1741): warning: equality comparison with extraneous parentheses [-Wparentheses-equality]
        if ((sConfig->Channel == ADC_CHANNEL_TEMPSENSOR))
             ~~~~~~~~~~~~~~~~~^~~~~~~~~~~~~~~~~~~~~~~~~
H:\Nucleo\keil\cnc\X1\mbed-os\targets\TARGET_STM\TARGET_STM32L1\device\stm32l1xx_hal_adc.c(1741): note: remove extraneous parentheses around the comparison to silence this warning
        if ((sConfig->Channel == ADC_CHANNEL_TEMPSENSOR))
            ~                 ^                        ~
H:\Nucleo\keil\cnc\X1\mbed-os\targets\TARGET_STM\TARGET_STM32L1\device\stm32l1xx_hal_adc.c(1741): note: use '=' to turn this equality comparison into an assignment
        if ((sConfig->Channel == ADC_CHANNEL_TEMPSENSOR))
                              ^~
                              =
1 warning generated.
compiling stm32l1xx_hal_adc.c...
compiling stm32l1xx_hal_comp.c...
compiling stm32l1xx_hal_crc.c...
compiling stm32l1xx_hal_cortex.c...
H:\Nucleo\keil\cnc\X1\mbed-os\targets\TARGET_STM\TARGET_STM32L1\device\stm32l1xx_hal_adc_ex.c(850): warning: equality comparison with extraneous parentheses [-Wparentheses-equality]
    if ((sConfigInjected->InjectedChannel == ADC_CHANNEL_TEMPSENSOR))
         ~~~~~~~~~~~~~~~~~~~~~~~~~~~~~~~~~^~~~~~~~~~~~~~~~~~~~~~~~~
H:\Nucleo\keil\cnc\X1\mbed-os\targets\TARGET_STM\TARGET_STM32L1\device\stm32l1xx_hal_adc_ex.c(850): note: remove extraneous parentheses around the comparison to silence this warning
    if ((sConfigInjected->InjectedChannel == ADC_CHANNEL_TEMPSENSOR))
        ~                                 ^                        ~
H:\Nucleo\keil\cnc\X1\mbed-os\targets\TARGET_STM\TARGET_STM32L1\device\stm32l1xx_hal_adc_ex.c(850): note: use '=' to turn this equality comparison into an assignment
    if ((sConfigInjected->InjectedChannel == ADC_CHANNEL_TEMPSENSOR))
                                          ^~
                                          =
1 warning generated.
compiling stm32l1xx_hal_adc_ex.c...
compiling stm32l1xx_hal_cryp.c...
compiling stm32l1xx_hal_cryp_ex.c...
compiling stm32l1xx_hal_dac_ex.c...
compiling stm32l1xx_hal_dac.c...
compiling stm32l1xx_hal_flash.c...
compiling stm32l1xx_hal_dma.c...
compiling stm32l1xx_hal_flash_ramfunc.c...
compiling stm32l1xx_hal_gpio.c...
compiling stm32l1xx_hal_flash_ex.c...
compiling stm32l1xx_hal_iwdg.c...
compiling stm32l1xx_hal_nor.c...
compiling stm32l1xx_hal_i2s.c...
compiling stm32l1xx_hal_lcd.c...
compiling stm32l1xx_hal_irda.c...
compiling stm32l1xx_hal_opamp.c...
compiling stm32l1xx_hal_opamp_ex.c...
compiling stm32l1xx_hal_pcd_ex.c...
compiling stm32l1xx_hal_pwr.c...
compiling stm32l1xx_hal_pwr_ex.c...
compiling stm32l1xx_hal_i2c.c...
compiling stm32l1xx_hal_rcc.c...
compiling stm32l1xx_hal_pcd.c...
compiling stm32l1xx_hal_rcc_ex.c...
compiling stm32l1xx_hal_rtc.c...
compiling stm32l1xx_hal_sd.c...
compiling stm32l1xx_hal_spi_ex.c...
H:\Nucleo\keil\cnc\X1\mbed-os\targets\TARGET_STM\TARGET_STM32L1\device\stm32l1xx_hal_rtc_ex.c(1092): warning: equality comparison with extraneous parentheses [-Wparentheses-equality]
  if((sTamper->Trigger == RTC_TAMPERTRIGGER_RISINGEDGE))
      ~~~~~~~~~~~~~~~~~^~~~~~~~~~~~~~~~~~~~~~~~~~~~~~~
H:\Nucleo\keil\cnc\X1\mbed-os\targets\TARGET_STM\TARGET_STM32L1\device\stm32l1xx_hal_rtc_ex.c(1092): note: remove extraneous parentheses around the comparison to silence this warning
  if((sTamper->Trigger == RTC_TAMPERTRIGGER_RISINGEDGE))
     ~                 ^                              ~
H:\Nucleo\keil\cnc\X1\mbed-os\targets\TARGET_STM\TARGET_STM32L1\device\stm32l1xx_hal_rtc_ex.c(1092): note: use '=' to turn this equality comparison into an assignment
  if((sTamper->Trigger == RTC_TAMPERTRIGGER_RISINGEDGE))
                       ^~
                       =
H:\Nucleo\keil\cnc\X1\mbed-os\targets\TARGET_STM\TARGET_STM32L1\device\stm32l1xx_hal_rtc_ex.c(1155): warning: equality comparison with extraneous parentheses [-Wparentheses-equality]
  if((sTamper->Trigger == RTC_TAMPERTRIGGER_RISINGEDGE))
      ~~~~~~~~~~~~~~~~~^~~~~~~~~~~~~~~~~~~~~~~~~~~~~~~
H:\Nucleo\keil\cnc\X1\mbed-os\targets\TARGET_STM\TARGET_STM32L1\device\stm32l1xx_hal_rtc_ex.c(1155): note: remove extraneous parentheses around the comparison to silence this warning
  if((sTamper->Trigger == RTC_TAMPERTRIGGER_RISINGEDGE))
     ~                 ^                              ~
H:\Nucleo\keil\cnc\X1\mbed-os\targets\TARGET_STM\TARGET_STM32L1\device\stm32l1xx_hal_rtc_ex.c(1155): note: use '=' to turn this equality comparison into an assignment
  if((sTamper->Trigger == RTC_TAMPERTRIGGER_RISINGEDGE))
                       ^~
                       =
2 warnings generated.
compiling stm32l1xx_hal_rtc_ex.c...
compiling stm32l1xx_hal_smartcard.c...
compiling stm32l1xx_hal_sram.c...
compiling stm32l1xx_hal_tim_ex.c...
compiling stm32l1xx_hal_spi.c...
compiling stm32l1xx_ll_comp.c...
compiling stm32l1xx_ll_adc.c...
compiling stm32l1xx_hal_wwdg.c...
H:\Nucleo\keil\cnc\X1\mbed-os\targets\TARGET_STM\TARGET_STM32L1\device\stm32l1xx_hal_uart.c(1909): warning: equality comparison with extraneous parentheses [-Wparentheses-equality]
    if((huart->Instance == USART1))
        ~~~~~~~~~~~~~~~~^~~~~~~~~
H:\Nucleo\keil\cnc\X1\mbed-os\targets\TARGET_STM\TARGET_STM32L1\device\stm32l1xx_hal_uart.c(1909): note: remove extraneous parentheses around the comparison to silence this warning
    if((huart->Instance == USART1))
       ~                ^        ~
H:\Nucleo\keil\cnc\X1\mbed-os\targets\TARGET_STM\TARGET_STM32L1\device\stm32l1xx_hal_uart.c(1909): note: use '=' to turn this equality comparison into an assignment
    if((huart->Instance == USART1))
                        ^~
                        =
H:\Nucleo\keil\cnc\X1\mbed-os\targets\TARGET_STM\TARGET_STM32L1\device\stm32l1xx_hal_uart.c(1921): warning: equality comparison with extraneous parentheses [-Wparentheses-equality]
    if((huart->Instance == USART1))
        ~~~~~~~~~~~~~~~~^~~~~~~~~
H:\Nucleo\keil\cnc\X1\mbed-os\targets\TARGET_STM\TARGET_STM32L1\device\stm32l1xx_hal_uart.c(1921): note: remove extraneous parentheses around the comparison to silence this warning
    if((huart->Instance == USART1))
       ~                ^        ~
H:\Nucleo\keil\cnc\X1\mbed-os\targets\TARGET_STM\TARGET_STM32L1\device\stm32l1xx_hal_uart.c(1921): note: use '=' to turn this equality comparison into an assignment
    if((huart->Instance == USART1))
                        ^~
                        =
2 warnings generated.
compiling stm32l1xx_hal_uart.c...
compiling stm32l1xx_ll_crc.c...
compiling stm32l1xx_ll_dac.c...
H:\Nucleo\keil\cnc\X1\mbed-os\targets\TARGET_STM\TARGET_STM32L1\device\stm32l1xx_hal_tim.c(398): warning: equality comparison with extraneous parentheses [-Wparentheses-equality]
  if((htim->State == HAL_TIM_STATE_BUSY))
      ~~~~~~~~~~~~^~~~~~~~~~~~~~~~~~~~~
H:\Nucleo\keil\cnc\X1\mbed-os\targets\TARGET_STM\TARGET_STM32L1\device\stm32l1xx_hal_tim.c(398): note: remove extraneous parentheses around the comparison to silence this warning
  if((htim->State == HAL_TIM_STATE_BUSY))
     ~            ^                    ~
H:\Nucleo\keil\cnc\X1\mbed-os\targets\TARGET_STM\TARGET_STM32L1\device\stm32l1xx_hal_tim.c(398): note: use '=' to turn this equality comparison into an assignment
  if((htim->State == HAL_TIM_STATE_BUSY))
                  ^~
                  =
H:\Nucleo\keil\cnc\X1\mbed-os\targets\TARGET_STM\TARGET_STM32L1\device\stm32l1xx_hal_tim.c(402): warning: equality comparison with extraneous parentheses [-Wparentheses-equality]
  else if((htim->State == HAL_TIM_STATE_READY))
           ~~~~~~~~~~~~^~~~~~~~~~~~~~~~~~~~~~
H:\Nucleo\keil\cnc\X1\mbed-os\targets\TARGET_STM\TARGET_STM32L1\device\stm32l1xx_hal_tim.c(402): note: remove extraneous parentheses around the comparison to silence this warning
  else if((htim->State == HAL_TIM_STATE_READY))
          ~            ^                     ~
H:\Nucleo\keil\cnc\X1\mbed-os\targets\TARGET_STM\TARGET_STM32L1\device\stm32l1xx_hal_tim.c(402): note: use '=' to turn this equality comparison into an assignment
  else if((htim->State == HAL_TIM_STATE_READY))
                       ^~
                       =
H:\Nucleo\keil\cnc\X1\mbed-os\targets\TARGET_STM\TARGET_STM32L1\device\stm32l1xx_hal_tim.c(772): warning: equality comparison with extraneous parentheses [-Wparentheses-equality]
  if((htim->State == HAL_TIM_STATE_BUSY))
      ~~~~~~~~~~~~^~~~~~~~~~~~~~~~~~~~~
H:\Nucleo\keil\cnc\X1\mbed-os\targets\TARGET_STM\TARGET_STM32L1\device\stm32l1xx_hal_tim.c(772): note: remove extraneous parentheses around the comparison to silence this warning
  if((htim->State == HAL_TIM_STATE_BUSY))
     ~            ^                    ~
H:\Nucleo\keil\cnc\X1\mbed-os\targets\TARGET_STM\TARGET_STM32L1\device\stm32l1xx_hal_tim.c(772): note: use '=' to turn this equality comparison into an assignment
  if((htim->State == HAL_TIM_STATE_BUSY))
                  ^~
                  =
H:\Nucleo\keil\cnc\X1\mbed-os\targets\TARGET_STM\TARGET_STM32L1\device\stm32l1xx_hal_tim.c(776): warning: equality comparison with extraneous parentheses [-Wparentheses-equality]
  else if((htim->State == HAL_TIM_STATE_READY))
           ~~~~~~~~~~~~^~~~~~~~~~~~~~~~~~~~~~
H:\Nucleo\keil\cnc\X1\mbed-os\targets\TARGET_STM\TARGET_STM32L1\device\stm32l1xx_hal_tim.c(776): note: remove extraneous parentheses around the comparison to silence this warning
  else if((htim->State == HAL_TIM_STATE_READY))
          ~            ^                     ~
H:\Nucleo\keil\cnc\X1\mbed-os\targets\TARGET_STM\TARGET_STM32L1\device\stm32l1xx_hal_tim.c(776): note: use '=' to turn this equality comparison into an assignment
  else if((htim->State == HAL_TIM_STATE_READY))
                       ^~
                       =
H:\Nucleo\keil\cnc\X1\mbed-os\targets\TARGET_STM\TARGET_STM32L1\device\stm32l1xx_hal_tim.c(1251): warning: equality comparison with extraneous parentheses [-Wparentheses-equality]
  if((htim->State == HAL_TIM_STATE_BUSY))
      ~~~~~~~~~~~~^~~~~~~~~~~~~~~~~~~~~
H:\Nucleo\keil\cnc\X1\mbed-os\targets\TARGET_STM\TARGET_STM32L1\device\stm32l1xx_hal_tim.c(1251): note: remove extraneous parentheses around the comparison to silence this warning
  if((htim->State == HAL_TIM_STATE_BUSY))
     ~            ^                    ~
H:\Nucleo\keil\cnc\X1\mbed-os\targets\TARGET_STM\TARGET_STM32L1\device\stm32l1xx_hal_tim.c(1251): note: use '=' to turn this equality comparison into an assignment
  if((htim->State == HAL_TIM_STATE_BUSY))
                  ^~
                  =
H:\Nucleo\keil\cnc\X1\mbed-os\targets\TARGET_STM\TARGET_STM32L1\device\stm32l1xx_hal_tim.c(1255): warning: equality comparison with extraneous parentheses [-Wparentheses-equality]
  else if((htim->State == HAL_TIM_STATE_READY))
           ~~~~~~~~~~~~^~~~~~~~~~~~~~~~~~~~~~
H:\Nucleo\keil\cnc\X1\mbed-os\targets\TARGET_STM\TARGET_STM32L1\device\stm32l1xx_hal_tim.c(1255): note: remove extraneous parentheses around the comparison to silence this warning
  else if((htim->State == HAL_TIM_STATE_READY))
          ~            ^                     ~
H:\Nucleo\keil\cnc\X1\mbed-os\targets\TARGET_STM\TARGET_STM32L1\device\stm32l1xx_hal_tim.c(1255): note: use '=' to turn this equality comparison into an assignment
  else if((htim->State == HAL_TIM_STATE_READY))
                       ^~
                       =
H:\Nucleo\keil\cnc\X1\mbed-os\targets\TARGET_STM\TARGET_STM32L1\device\stm32l1xx_hal_tim.c(1726): warning: equality comparison with extraneous parentheses [-Wparentheses-equality]
  if((htim->State == HAL_TIM_STATE_BUSY))
      ~~~~~~~~~~~~^~~~~~~~~~~~~~~~~~~~~
H:\Nucleo\keil\cnc\X1\mbed-os\targets\TARGET_STM\TARGET_STM32L1\device\stm32l1xx_hal_tim.c(1726): note: remove extraneous parentheses around the comparison to silence this warning
  if((htim->State == HAL_TIM_STATE_BUSY))
     ~            ^                    ~
H:\Nucleo\keil\cnc\X1\mbed-os\targets\TARGET_STM\TARGET_STM32L1\device\stm32l1xx_hal_tim.c(1726): note: use '=' to turn this equality comparison into an assignment
  if((htim->State == HAL_TIM_STATE_BUSY))
                  ^~
                  =
H:\Nucleo\keil\cnc\X1\mbed-os\targets\TARGET_STM\TARGET_STM32L1\device\stm32l1xx_hal_tim.c(1730): warning: equality comparison with extraneous parentheses [-Wparentheses-equality]
  else if((htim->State == HAL_TIM_STATE_READY))
           ~~~~~~~~~~~~^~~~~~~~~~~~~~~~~~~~~~
H:\Nucleo\keil\cnc\X1\mbed-os\targets\TARGET_STM\TARGET_STM32L1\device\stm32l1xx_hal_tim.c(1730): note: remove extraneous parentheses around the comparison to silence this warning
  else if((htim->State == HAL_TIM_STATE_READY))
          ~            ^                     ~
H:\Nucleo\keil\cnc\X1\mbed-os\targets\TARGET_STM\TARGET_STM32L1\device\stm32l1xx_hal_tim.c(1730): note: use '=' to turn this equality comparison into an assignment
  else if((htim->State == HAL_TIM_STATE_READY))
                       ^~
                       =
H:\Nucleo\keil\cnc\X1\mbed-os\targets\TARGET_STM\TARGET_STM32L1\device\stm32l1xx_hal_tim.c(2517): warning: equality comparison with extraneous parentheses [-Wparentheses-equality]
  if((htim->State == HAL_TIM_STATE_BUSY))
      ~~~~~~~~~~~~^~~~~~~~~~~~~~~~~~~~~
H:\Nucleo\keil\cnc\X1\mbed-os\targets\TARGET_STM\TARGET_STM32L1\device\stm32l1xx_hal_tim.c(2517): note: remove extraneous parentheses around the comparison to silence this warning
  if((htim->State == HAL_TIM_STATE_BUSY))
     ~            ^                    ~
H:\Nucleo\keil\cnc\X1\mbed-os\targets\TARGET_STM\TARGET_STM32L1\device\stm32l1xx_hal_tim.c(2517): note: use '=' to turn this equality comparison into an assignment
  if((htim->State == HAL_TIM_STATE_BUSY))
                  ^~
                  =
H:\Nucleo\keil\cnc\X1\mbed-os\targets\TARGET_STM\TARGET_STM32L1\device\stm32l1xx_hal_tim.c(2521): warning: equality comparison with extraneous parentheses [-Wparentheses-equality]
  else if((htim->State == HAL_TIM_STATE_READY))
           ~~~~~~~~~~~~^~~~~~~~~~~~~~~~~~~~~~
H:\Nucleo\keil\cnc\X1\mbed-os\targets\TARGET_STM\TARGET_STM32L1\device\stm32l1xx_hal_tim.c(2521): note: remove extraneous parentheses around the comparison to silence this warning
  else if((htim->State == HAL_TIM_STATE_READY))
          ~            ^                     ~
H:\Nucleo\keil\cnc\X1\mbed-os\targets\TARGET_STM\TARGET_STM32L1\device\stm32l1xx_hal_tim.c(2521): note: use '=' to turn this equality comparison into an assignment
  else if((htim->State == HAL_TIM_STATE_READY))
                       ^~
                       =
H:\Nucleo\keil\cnc\X1\mbed-os\targets\TARGET_STM\TARGET_STM32L1\device\stm32l1xx_hal_tim.c(3245): warning: equality comparison with extraneous parentheses [-Wparentheses-equality]
  if((htim->State == HAL_TIM_STATE_BUSY))
      ~~~~~~~~~~~~^~~~~~~~~~~~~~~~~~~~~
H:\Nucleo\keil\cnc\X1\mbed-os\targets\TARGET_STM\TARGET_STM32L1\device\stm32l1xx_hal_tim.c(3245): note: remove extraneous parentheses around the comparison to silence this warning
  if((htim->State == HAL_TIM_STATE_BUSY))
     ~            ^                    ~
H:\Nucleo\keil\cnc\X1\mbed-os\targets\TARGET_STM\TARGET_STM32L1\device\stm32l1xx_hal_tim.c(3245): note: use '=' to turn this equality comparison into an assignment
  if((htim->State == HAL_TIM_STATE_BUSY))
                  ^~
                  =
H:\Nucleo\keil\cnc\X1\mbed-os\targets\TARGET_STM\TARGET_STM32L1\device\stm32l1xx_hal_tim.c(3249): warning: equality comparison with extraneous parentheses [-Wparentheses-equality]
  else if((htim->State == HAL_TIM_STATE_READY))
           ~~~~~~~~~~~~^~~~~~~~~~~~~~~~~~~~~~
H:\Nucleo\keil\cnc\X1\mbed-os\targets\TARGET_STM\TARGET_STM32L1\device\stm32l1xx_hal_tim.c(3249): note: remove extraneous parentheses around the comparison to silence this warning
  else if((htim->State == HAL_TIM_STATE_READY))
          ~            ^                     ~
H:\Nucleo\keil\cnc\X1\mbed-os\targets\TARGET_STM\TARGET_STM32L1\device\stm32l1xx_hal_tim.c(3249): note: use '=' to turn this equality comparison into an assignment
  else if((htim->State == HAL_TIM_STATE_READY))
                       ^~
                       =
H:\Nucleo\keil\cnc\X1\mbed-os\targets\TARGET_STM\TARGET_STM32L1\device\stm32l1xx_hal_tim.c(3453): warning: equality comparison with extraneous parentheses [-Wparentheses-equality]
  if((htim->State == HAL_TIM_STATE_BUSY))
      ~~~~~~~~~~~~^~~~~~~~~~~~~~~~~~~~~
H:\Nucleo\keil\cnc\X1\mbed-os\targets\TARGET_STM\TARGET_STM32L1\device\stm32l1xx_hal_tim.c(3453): note: remove extraneous parentheses around the comparison to silence this warning
  if((htim->State == HAL_TIM_STATE_BUSY))
     ~            ^                    ~
H:\Nucleo\keil\cnc\X1\mbed-os\targets\TARGET_STM\TARGET_STM32L1\device\stm32l1xx_hal_tim.c(3453): note: use '=' to turn this equality comparison into an assignment
  if((htim->State == HAL_TIM_STATE_BUSY))
                  ^~
                  =
H:\Nucleo\keil\cnc\X1\mbed-os\targets\TARGET_STM\TARGET_STM32L1\device\stm32l1xx_hal_tim.c(3457): warning: equality comparison with extraneous parentheses [-Wparentheses-equality]
  else if((htim->State == HAL_TIM_STATE_READY))
           ~~~~~~~~~~~~^~~~~~~~~~~~~~~~~~~~~~
H:\Nucleo\keil\cnc\X1\mbed-os\targets\TARGET_STM\TARGET_STM32L1\device\stm32l1xx_hal_tim.c(3457): note: remove extraneous parentheses around the comparison to silence this warning
  else if((htim->State == HAL_TIM_STATE_READY))
          ~            ^                     ~
H:\Nucleo\keil\cnc\X1\mbed-os\targets\TARGET_STM\TARGET_STM32L1\device\stm32l1xx_hal_tim.c(3457): note: use '=' to turn this equality comparison into an assignment
  else if((htim->State == HAL_TIM_STATE_READY))
                       ^~
                       =
14 warnings generated.
compiling stm32l1xx_hal_tim.c...
compiling stm32l1xx_ll_dma.c...
compiling stm32l1xx_ll_exti.c...
H:\Nucleo\keil\cnc\X1\mbed-os\targets\TARGET_STM\TARGET_STM32L1\device\stm32l1xx_hal_usart.c(1878): warning: equality comparison with extraneous parentheses [-Wparentheses-equality]
  if((husart->Instance == USART1))
      ~~~~~~~~~~~~~~~~~^~~~~~~~~
H:\Nucleo\keil\cnc\X1\mbed-os\targets\TARGET_STM\TARGET_STM32L1\device\stm32l1xx_hal_usart.c(1878): note: remove extraneous parentheses around the comparison to silence this warning
  if((husart->Instance == USART1))
     ~                 ^        ~
H:\Nucleo\keil\cnc\X1\mbed-os\targets\TARGET_STM\TARGET_STM32L1\device\stm32l1xx_hal_usart.c(1878): note: use '=' to turn this equality comparison into an assignment
  if((husart->Instance == USART1))
                       ^~
                       =
1 warning generated.
compiling stm32l1xx_hal_usart.c...
compiling stm32l1xx_ll_i2c.c...
compiling stm32l1xx_ll_gpio.c...
compiling stm32l1xx_ll_fsmc.c...
compiling stm32l1xx_ll_pwr.c...
compiling stm32l1xx_ll_rcc.c...
compiling stm32l1xx_ll_opamp.c...
compiling stm32l1xx_ll_spi.c...
compiling stm32l1xx_ll_tim.c...
compiling stm32l1xx_ll_rtc.c...
compiling stm32l1xx_ll_sdmmc.c...
compiling stm32l1xx_ll_usart.c...
compiling system_stm32l1xx.c...
compiling system_clock.c...
compiling stm32l1xx_ll_utils.c...
compiling stm_spi_api.c...
compiling threading.c...
compiling Stream.cpp...
compiling TCPSocket.cpp...
compiling Ticker.cpp...
compiling TCPServer.cpp...
compiling Timeout.cpp...
compiling TimerEvent.cpp...
compiling timing.c...
compiling Timer.cpp...
compiling trng_api.c...
compiling Thread.cpp...
compiling us_ticker_16b.c...
compiling us_ticker_32b.c...
compiling unity.c...
compiling UDPSocket.cpp...
compiling UARTCellularInterface.cpp...
compiling UARTSerial.cpp...
compiling unity_handler.cpp...
compiling utest_stack_trace.cpp...
compiling version.c...
compiling utest_case.cpp...
compiling utest_default_handlers.cpp...
compiling utest_greentea_handlers.cpp...
compiling utest_shim.cpp...
compiling version_features.c...
compiling utest_harness.cpp...
compiling WiFiAccessPoint.cpp...
compiling x509_create.c...
compiling utest_types.cpp...
compiling x509.c...
compiling x509write_crt.c...
compiling x509_csr.c...
compiling x509write_csr.c...
compiling x509_crl.c...
compiling xtea.c...
compiling x509_crt.c...
H:\Nucleo\keil\cnc\X1\X_NUCLEO_IHM01A1\Components\L6474\L6474.cpp(54): warning: In file included from...
H:\Nucleo\keil\cnc\X1\X_NUCLEO_IHM01A1\Components\L6474\L6474.h(607): warning: comparison of two values with different enumeration types ('motorStepMode_t' and 'StepperMotor::step_mode_t') [-Wenum-compare]
        if ((motorStepMode_t) step_mode > STEP_MODE_1_16) {
            ~~~~~~~~~~~~~~~~~~~~~~~~~~~ ^ ~~~~~~~~~~~~~~
H:\Nucleo\keil\cnc\X1\X_NUCLEO_IHM01A1\Components\L6474\L6474.cpp(760): warning: comparison of two values with different enumeration types in switch statement ('motorStepMode_t' and 'StepperMotor::step_mode_t') [-Wenum-compare-switch]
    case STEP_MODE_1_16:
         ^~~~~~~~~~~~~~
H:\Nucleo\keil\cnc\X1\X_NUCLEO_IHM01A1\Components\L6474\L6474.cpp(757): warning: comparison of two values with different enumeration types in switch statement ('motorStepMode_t' and 'StepperMotor::step_mode_t') [-Wenum-compare-switch]
    case STEP_MODE_1_8:
         ^~~~~~~~~~~~~
H:\Nucleo\keil\cnc\X1\X_NUCLEO_IHM01A1\Components\L6474\L6474.cpp(754): warning: comparison of two values with different enumeration types in switch statement ('motorStepMode_t' and 'StepperMotor::step_mode_t') [-Wenum-compare-switch]
    case STEP_MODE_1_4:
         ^~~~~~~~~~~~~
H:\Nucleo\keil\cnc\X1\X_NUCLEO_IHM01A1\Components\L6474\L6474.cpp(751): warning: comparison of two values with different enumeration types in switch statement ('motorStepMode_t' and 'StepperMotor::step_mode_t') [-Wenum-compare-switch]
    case STEP_MODE_HALF:
         ^~~~~~~~~~~~~~
H:\Nucleo\keil\cnc\X1\X_NUCLEO_IHM01A1\Components\L6474\L6474.cpp(748): warning: comparison of two values with different enumeration types in switch statement ('motorStepMode_t' and 'StepperMotor::step_mode_t') [-Wenum-compare-switch]
    case STEP_MODE_FULL:
         ^~~~~~~~~~~~~~
6 warnings generated.
compiling L6474.cpp...
compiling Tokenizer.cpp...
H:\Nucleo\keil\cnc\X1\main.cpp(49): warning: In file included from...
H:\Nucleo\keil\cnc\X1\X_NUCLEO_IHM01A1\Components\L6474\L6474.h(607): warning: comparison of two values with different enumeration types ('motorStepMode_t' and 'StepperMotor::step_mode_t') [-Wenum-compare]
        if ((motorStepMode_t) step_mode > STEP_MODE_1_16) {
            ~~~~~~~~~~~~~~~~~~~~~~~~~~~ ^ ~~~~~~~~~~~~~~
H:\Nucleo\keil\cnc\X1\main.cpp(512): warning: ISO C++11 does not allow conversion from string literal to 'char *' [-Wwritable-strings]
     sendString("INFO ALIVE");
                ^
H:\Nucleo\keil\cnc\X1\main.cpp(521): warning: ISO C++11 does not allow conversion from string literal to 'char *' [-Wwritable-strings]
  sendString("INFO START WITH POWER OFF");
             ^
3 warnings generated.
compiling main.cpp...
linking...
.\BUILD\Nucleo_rtos_basic_v2.axf: Warning: L3912W: Option 'legacyalign' is deprecated.
Program Size: Code=48336 RO-data=2796 RW-data=216 ZI-data=11040  
Finished: 0 information, 1 warning and 0 error messages.
".\BUILD\Nucleo_rtos_basic_v2.axf" - 0 Error(s), 31 Warning(s).

<h2>Software Packages used:</h2>

Package Vendor: Keil
                http://www.keil.com/pack/Keil.STM32L1xx_DFP.1.2.0.pack
                Keil.STM32L1xx_DFP.1.2.0
                STMicroelectronics STM32L1 Series Device Support and Examples

<h2>Collection of Component include folders:</h2>
  .\RTE\_Nucleo_rtos_basic_f7
  C:\Users\Luca\AppData\Local\Arm\Packs\Keil\STM32L1xx_DFP\1.2.0\Device\Include

<h2>Collection of Component Files used:</h2>
Build Time Elapsed:  00:00:25
</pre>
</body>
</html>
